Archive member included to satisfy reference by file (symbol)

F:/Program Files/STM32CubeIDE_2.1.1/STM32CubeIDE/plugins/com.st.stm32cube.ide.mcu.externaltools.gnu-tools-for-stm32.14.3.rel1.win32_1.0.100.202602081740/tools/bin/../lib/gcc/arm-none-eabi/14.3.1/../../../../arm-none-eabi/lib/thumb/v7-m/nofp\libc_nano.a(libc_a-exit.o)
                              F:/Program Files/STM32CubeIDE_2.1.1/STM32CubeIDE/plugins/com.st.stm32cube.ide.mcu.externaltools.gnu-tools-for-stm32.14.3.rel1.win32_1.0.100.202602081740/tools/bin/../lib/gcc/arm-none-eabi/14.3.1/../../../../arm-none-eabi/lib/thumb/v7-m/nofp/crt0.o (exit)
F:/Program Files/STM32CubeIDE_2.1.1/STM32CubeIDE/plugins/com.st.stm32cube.ide.mcu.externaltools.gnu-tools-for-stm32.14.3.rel1.win32_1.0.100.202602081740/tools/bin/../lib/gcc/arm-none-eabi/14.3.1/../../../../arm-none-eabi/lib/thumb/v7-m/nofp\libc_nano.a(libc_a-nano-vfprintf_float.o)
                              (_printf_float)
F:/Program Files/STM32CubeIDE_2.1.1/STM32CubeIDE/plugins/com.st.stm32cube.ide.mcu.externaltools.gnu-tools-for-stm32.14.3.rel1.win32_1.0.100.202602081740/tools/bin/../lib/gcc/arm-none-eabi/14.3.1/../../../../arm-none-eabi/lib/thumb/v7-m/nofp\libc_nano.a(libc_a-nano-vfprintf_i.o)
                              F:/Program Files/STM32CubeIDE_2.1.1/STM32CubeIDE/plugins/com.st.stm32cube.ide.mcu.externaltools.gnu-tools-for-stm32.14.3.rel1.win32_1.0.100.202602081740/tools/bin/../lib/gcc/arm-none-eabi/14.3.1/../../../../arm-none-eabi/lib/thumb/v7-m/nofp\libc_nano.a(libc_a-nano-vfprintf_float.o) (_printf_common)
F:/Program Files/STM32CubeIDE_2.1.1/STM32CubeIDE/plugins/com.st.stm32cube.ide.mcu.externaltools.gnu-tools-for-stm32.14.3.rel1.win32_1.0.100.202602081740/tools/bin/../lib/gcc/arm-none-eabi/14.3.1/../../../../arm-none-eabi/lib/thumb/v7-m/nofp\libc_nano.a(libc_a-findfp.o)
                              F:/Program Files/STM32CubeIDE_2.1.1/STM32CubeIDE/plugins/com.st.stm32cube.ide.mcu.externaltools.gnu-tools-for-stm32.14.3.rel1.win32_1.0.100.202602081740/tools/bin/../lib/gcc/arm-none-eabi/14.3.1/../../../../arm-none-eabi/lib/thumb/v7-m/nofp\libc_nano.a(libc_a-exit.o) (__stdio_exit_handler)
F:/Program Files/STM32CubeIDE_2.1.1/STM32CubeIDE/plugins/com.st.stm32cube.ide.mcu.externaltools.gnu-tools-for-stm32.14.3.rel1.win32_1.0.100.202602081740/tools/bin/../lib/gcc/arm-none-eabi/14.3.1/../../../../arm-none-eabi/lib/thumb/v7-m/nofp\libc_nano.a(libc_a-fwalk.o)
                              F:/Program Files/STM32CubeIDE_2.1.1/STM32CubeIDE/plugins/com.st.stm32cube.ide.mcu.externaltools.gnu-tools-for-stm32.14.3.rel1.win32_1.0.100.202602081740/tools/bin/../lib/gcc/arm-none-eabi/14.3.1/../../../../arm-none-eabi/lib/thumb/v7-m/nofp\libc_nano.a(libc_a-findfp.o) (_fwalk_sglue)
F:/Program Files/STM32CubeIDE_2.1.1/STM32CubeIDE/plugins/com.st.stm32cube.ide.mcu.externaltools.gnu-tools-for-stm32.14.3.rel1.win32_1.0.100.202602081740/tools/bin/../lib/gcc/arm-none-eabi/14.3.1/../../../../arm-none-eabi/lib/thumb/v7-m/nofp\libc_nano.a(libc_a-snprintf.o)
                              ./Components/Sensors/sd.o (snprintf)
F:/Program Files/STM32CubeIDE_2.1.1/STM32CubeIDE/plugins/com.st.stm32cube.ide.mcu.externaltools.gnu-tools-for-stm32.14.3.rel1.win32_1.0.100.202602081740/tools/bin/../lib/gcc/arm-none-eabi/14.3.1/../../../../arm-none-eabi/lib/thumb/v7-m/nofp\libc_nano.a(libc_a-sprintf.o)
                              ./Components/System/general.o (sprintf)
F:/Program Files/STM32CubeIDE_2.1.1/STM32CubeIDE/plugins/com.st.stm32cube.ide.mcu.externaltools.gnu-tools-for-stm32.14.3.rel1.win32_1.0.100.202602081740/tools/bin/../lib/gcc/arm-none-eabi/14.3.1/../../../../arm-none-eabi/lib/thumb/v7-m/nofp\libc_nano.a(libc_a-sscanf.o)
                              ./Components/System/wifi.o (sscanf)
F:/Program Files/STM32CubeIDE_2.1.1/STM32CubeIDE/plugins/com.st.stm32cube.ide.mcu.externaltools.gnu-tools-for-stm32.14.3.rel1.win32_1.0.100.202602081740/tools/bin/../lib/gcc/arm-none-eabi/14.3.1/../../../../arm-none-eabi/lib/thumb/v7-m/nofp\libc_nano.a(libc_a-stdio.o)
                              F:/Program Files/STM32CubeIDE_2.1.1/STM32CubeIDE/plugins/com.st.stm32cube.ide.mcu.externaltools.gnu-tools-for-stm32.14.3.rel1.win32_1.0.100.202602081740/tools/bin/../lib/gcc/arm-none-eabi/14.3.1/../../../../arm-none-eabi/lib/thumb/v7-m/nofp\libc_nano.a(libc_a-findfp.o) (__sread)
F:/Program Files/STM32CubeIDE_2.1.1/STM32CubeIDE/plugins/com.st.stm32cube.ide.mcu.externaltools.gnu-tools-for-stm32.14.3.rel1.win32_1.0.100.202602081740/tools/bin/../lib/gcc/arm-none-eabi/14.3.1/../../../../arm-none-eabi/lib/thumb/v7-m/nofp\libc_nano.a(libc_a-memset.o)
                              F:/Program Files/STM32CubeIDE_2.1.1/STM32CubeIDE/plugins/com.st.stm32cube.ide.mcu.externaltools.gnu-tools-for-stm32.14.3.rel1.win32_1.0.100.202602081740/tools/bin/../lib/gcc/arm-none-eabi/14.3.1/../../../../arm-none-eabi/lib/thumb/v7-m/nofp/crt0.o (memset)
[...]
Memory Configuration

Name             Origin             Length             Attributes
RAM              0x20000000         0x00005000         xrw
FLASH            0x08000000         0x00010000         xr
*default*        0x00000000         0xffffffff

Linker script and memory map

LOAD F:/Program Files/STM32CubeIDE_2.1.1/STM32CubeIDE/plugins/com.st.stm32cube.ide.mcu.externaltools.gnu-tools-for-stm32.14.3.rel1.win32_1.0.100.202602081740/tools/bin/../lib/gcc/arm-none-eabi/14.3.1/thumb/v7-m/nofp/crti.o
LOAD F:/Program Files/STM32CubeIDE_2.1.1/STM32CubeIDE/plugins/com.st.stm32cube.ide.mcu.externaltools.gnu-tools-for-stm32.14.3.rel1.win32_1.0.100.202602081740/tools/bin/../lib/gcc/arm-none-eabi/14.3.1/thumb/v7-m/nofp/crtbegin.o
LOAD F:/Program Files/STM32CubeIDE_2.1.1/STM32CubeIDE/plugins/com.st.stm32cube.ide.mcu.externaltools.gnu-tools-for-stm32.14.3.rel1.win32_1.0.100.202602081740/tools/bin/../lib/gcc/arm-none-eabi/14.3.1/../../../../arm-none-eabi/lib/thumb/v7-m/nofp/crt0.o
LOAD ./Components/Hardware/btns.o
LOAD ./Components/Hardware/buzzer.o
LOAD ./Components/Hardware/led.o
LOAD ./Components/Sensors/dust.o
LOAD ./Components/Sensors/rtc.o
LOAD ./Components/Sensors/sd.o
LOAD ./Components/Sensors/sht30.o
LOAD ./Components/System/fatfs_sd.o
LOAD ./Components/System/general.o
LOAD ./Components/System/wifi.o
LOAD ./Components/UI/oled.o
LOAD ./Components/UI/oledGUI.o
LOAD ./Core/Src/main.o
LOAD ./Core/Src/stm32f1xx_hal_msp.o
LOAD ./Core/Src/stm32f1xx_it.o
LOAD ./Core/Src/syscalls.o
LOAD ./Core/Src/sysmem.o
LOAD ./Core/Src/system_stm32f1xx.o
LOAD ./Core/Startup/startup_stm32f103c8tx.o
LOAD ./Drivers/Middlewares/OLED/fonts.o
LOAD ./Drivers/Middlewares/OLED/i2c_oled.o
LOAD ./Drivers/STM32F1xx_HAL_Driver/Src/stm32f1xx_hal.o
LOAD ./Drivers/STM32F1xx_HAL_Driver/Src/stm32f1xx_hal_adc.o
LOAD ./Drivers/STM32F1xx_HAL_Driver/Src/stm32f1xx_hal_adc_ex.o
LOAD ./Drivers/STM32F1xx_HAL_Driver/Src/stm32f1xx_hal_cortex.o
LOAD ./Drivers/STM32F1xx_HAL_Driver/Src/stm32f1xx_hal_dma.o
LOAD ./Drivers/STM32F1xx_HAL_Driver/Src/stm32f1xx_hal_exti.o
LOAD ./Drivers/STM32F1xx_HAL_Driver/Src/stm32f1xx_hal_flash.o
LOAD ./Drivers/STM32F1xx_HAL_Driver/Src/stm32f1xx_hal_flash_ex.o
LOAD ./Drivers/STM32F1xx_HAL_Driver/Src/stm32f1xx_hal_gpio.o
LOAD ./Drivers/STM32F1xx_HAL_Driver/Src/stm32f1xx_hal_gpio_ex.o
LOAD ./Drivers/STM32F1xx_HAL_Driver/Src/stm32f1xx_hal_i2c.o
LOAD ./Drivers/STM32F1xx_HAL_Driver/Src/stm32f1xx_hal_iwdg.o
LOAD ./Drivers/STM32F1xx_HAL_Driver/Src/stm32f1xx_hal_pwr.o
LOAD ./Drivers/STM32F1xx_HAL_Driver/Src/stm32f1xx_hal_rcc.o
LOAD ./Drivers/STM32F1xx_HAL_Driver/Src/stm32f1xx_hal_rcc_ex.o
LOAD ./Drivers/STM32F1xx_HAL_Driver/Src/stm32f1xx_hal_spi.o
LOAD ./Drivers/STM32F1xx_HAL_Driver/Src/stm32f1xx_hal_tim.o
LOAD ./Drivers/STM32F1xx_HAL_Driver/Src/stm32f1xx_hal_tim_ex.o
LOAD ./Drivers/STM32F1xx_HAL_Driver/Src/stm32f1xx_hal_uart.o
LOAD ./FATFS/App/fatfs.o
LOAD ./FATFS/Target/user_diskio.o
LOAD ./Middlewares/Third_Party/FatFs/src/diskio.o
LOAD ./Middlewares/Third_Party/FatFs/src/ff.o
LOAD ./Middlewares/Third_Party/FatFs/src/ff_gen_drv.o
LOAD ./Middlewares/Third_Party/FatFs/src/option/syscall.o
START GROUP
LOAD F:/Program Files/STM32CubeIDE_2.1.1/STM32CubeIDE/plugins/com.st.stm32cube.ide.mcu.externaltools.gnu-tools-for-stm32.14.3.rel1.win32_1.0.100.202602081740/tools/bin/../lib/gcc/arm-none-eabi/14.3.1/../../../../arm-none-eabi/lib/thumb/v7-m/nofp\libc_nano.a
LOAD F:/Program Files/STM32CubeIDE_2.1.1/STM32CubeIDE/plugins/com.st.stm32cube.ide.mcu.externaltools.gnu-tools-for-stm32.14.3.rel1.win32_1.0.100.202602081740/tools/bin/../lib/gcc/arm-none-eabi/14.3.1/../../../../arm-none-eabi/lib/thumb/v7-m/nofp\libm.a
END GROUP
START GROUP
LOAD F:/Program Files/STM32CubeIDE_2.1.1/STM32CubeIDE/plugins/com.st.stm32cube.ide.mcu.externaltools.gnu-tools-for-stm32.14.3.rel1.win32_1.0.100.202602081740/tools/bin/../lib/gcc/arm-none-eabi/14.3.1/thumb/v7-m/nofp\libgcc.a
LOAD F:/Program Files/STM32CubeIDE_2.1.1/STM32CubeIDE/plugins/com.st.stm32cube.ide.mcu.externaltools.gnu-tools-for-stm32.14.3.rel1.win32_1.0.100.202602081740/tools/bin/../lib/gcc/arm-none-eabi/14.3.1/../../../../arm-none-eabi/lib/thumb/v7-m/nofp\libc_nano.a
END GROUP
START GROUP
LOAD F:/Program Files/STM32CubeIDE_2.1.1/STM32CubeIDE/plugins/com.st.stm32cube.ide.mcu.externaltools.gnu-tools-for-stm32.14.3.rel1.win32_1.0.100.202602081740/tools/bin/../lib/gcc/arm-none-eabi/14.3.1/thumb/v7-m/nofp\libgcc.a
LOAD F:/Program Files/STM32CubeIDE_2.1.1/STM32CubeIDE/plugins/com.st.stm32cube.ide.mcu.externaltools.gnu-tools-for-stm32.14.3.rel1.win32_1.0.100.202602081740/tools/bin/../lib/gcc/arm-none-eabi/14.3.1/../../../../arm-none-eabi/lib/thumb/v7-m/nofp\libc_nano.a
LOAD F:/Program Files/STM32CubeIDE_2.1.1/STM32CubeIDE/plugins/com.st.stm32cube.ide.mcu.externaltools.gnu-tools-for-stm32.14.3.rel1.win32_1.0.100.202602081740/tools/bin/../lib/gcc/arm-none-eabi/14.3.1/../../../../arm-none-eabi/lib/thumb/v7-m/nofp\libnosys.a
END GROUP
START GROUP
LOAD F:/Program Files/STM32CubeIDE_2.1.1/STM32CubeIDE/plugins/com.st.stm32cube.ide.mcu.externaltools.gnu-tools-for-stm32.14.3.rel1.win32_1.0.100.202602081740/tools/bin/../lib/gcc/arm-none-eabi/14.3.1/thumb/v7-m/nofp\libgcc.a
LOAD F:/Program Files/STM32CubeIDE_2.1.1/STM32CubeIDE/plugins/com.st.stm32cube.ide.mcu.externaltools.gnu-tools-for-stm32.14.3.rel1.win32_1.0.100.202602081740/tools/bin/../lib/gcc/arm-none-eabi/14.3.1/../../../../arm-none-eabi/lib/thumb/v7-m/nofp\libc_nano.a
LOAD F:/Program Files/STM32CubeIDE_2.1.1/STM32CubeIDE/plugins/com.st.stm32cube.ide.mcu.externaltools.gnu-tools-for-stm32.14.3.rel1.win32_1.0.100.202602081740/tools/bin/../lib/gcc/arm-none-eabi/14.3.1/../../../../arm-none-eabi/lib/thumb/v7-m/nofp\libnosys.a
END GROUP
LOAD F:/Program Files/STM32CubeIDE_2.1.1/STM32CubeIDE/plugins/com.st.stm32cube.ide.mcu.externaltools.gnu-tools-for-stm32.14.3.rel1.win32_1.0.100.202602081740/tools/bin/../lib/gcc/arm-none-eabi/14.3.1/thumb/v7-m/nofp/crtend.o
LOAD F:/Program Files/STM32CubeIDE_2.1.1/STM32CubeIDE/plugins/com.st.stm32cube.ide.mcu.externaltools.gnu-tools-for-stm32.14.3.rel1.win32_1.0.100.202602081740/tools/bin/../lib/gcc/arm-none-eabi/14.3.1/thumb/v7-m/nofp/crtn.o
                0x20005000                        _estack = (ORIGIN (RAM) + LENGTH (RAM))
                0x00000200                        _Min_Heap_Size = 0x200
                0x00000400                        _Min_Stack_Size = 0x400

.isr_vector     0x08000000      0x10c
                0x08000000                        . = ALIGN (0x4)
 *(.isr_vector)
 .isr_vector    0x08000000      0x10c ./Core/Startup/startup_stm32f103c8tx.o
                0x08000000                g_pfnVectors
                0x0800010c                        . = ALIGN (0x4)

.text           0x08000110     0xde5c
                0x08000110                        . = ALIGN (0x4)
 *(.text)
 .text          0x08000110       0x40 F:/Program Files/STM32CubeIDE_2.1.1/STM32CubeIDE/plugins/com.st.stm32cube.ide.mcu.externaltools.gnu-tools-for-stm32.14.3.rel1.win32_1.0.100.202602081740/tools/bin/../lib/gcc/arm-none-eabi/14.3.1/thumb/v7-m/nofp/crtbegin.o
 .text          0x08000150       0x10 F:/Program Files/STM32CubeIDE_2.1.1/STM32CubeIDE/plugins/com.st.stm32cube.ide.mcu.externaltools.gnu-tools-for-stm32.14.3.rel1.win32_1.0.100.202602081740/tools/bin/../lib/gcc/arm-none-eabi/14.3.1/../../../../arm-none-eabi/lib/thumb/v7-m/nofp\libc_nano.a(libc_a-strlen.o)
                0x08000150                strlen
 .text          0x08000160      0x378 F:/Program Files/STM32CubeIDE_2.1.1/STM32CubeIDE/plugins/com.st.stm32cube.ide.mcu.externaltools.gnu-tools-for-stm32.14.3.rel1.win32_1.0.100.202602081740/tools/bin/../lib/gcc/arm-none-eabi/14.3.1/thumb/v7-m/nofp\libgcc.a(_arm_addsubdf3.o)
                0x08000160                __aeabi_drsub
                0x08000168                __aeabi_dsub
                0x08000168                __subdf3
                0x0800016c                __aeabi_dadd
                0x0800016c                __adddf3
                0x080003e4                __floatunsidf
                0x080003e4                __aeabi_ui2d
                0x08000404                __floatsidf
                0x08000404                __aeabi_i2d
                0x08000428                __aeabi_f2d
                0x08000428                __extendsfdf2
                0x0800046c                __floatundidf
                0x0800046c                __aeabi_ul2d
                0x0800047c                __floatdidf
                0x0800047c                __aeabi_l2d
 .text          0x080004d8      0x424 F:/Program Files/STM32CubeIDE_2.1.1/STM32CubeIDE/plugins/com.st.stm32cube.ide.mcu.externaltools.gnu-tools-for-stm32.14.3.rel1.win32_1.0.100.202602081740/tools/bin/../lib/gcc/arm-none-eabi/14.3.1/thumb/v7-m/nofp\libgcc.a(_arm_muldivdf3.o)
                0x080004d8                __aeabi_dmul
                0x080004d8                __muldf3
                0x0800072c                __divdf3
                0x0800072c                __aeabi_ddiv
 .text          0x080008fc      0x110 F:/Program Files/STM32CubeIDE_2.1.1/STM32CubeIDE/plugins/com.st.stm32cube.ide.mcu.externaltools.gnu-tools-for-stm32.14.3.rel1.win32_1.0.100.202602081740/tools/bin/../lib/gcc/arm-none-eabi/14.3.1/thumb/v7-m/nofp\libgcc.a(_arm_cmpdf2.o)
                0x080008fc                __gtdf2
                0x080008fc                __gedf2
                0x08000904                __ltdf2
                0x08000904                __ledf2
                0x0800090c                __nedf2
                0x0800090c                __eqdf2
                0x0800090c                __cmpdf2
                0x08000988                __aeabi_cdrcmple
                0x08000998                __aeabi_cdcmpeq
                0x08000998                __aeabi_cdcmple
                0x080009a8                __aeabi_dcmpeq
                0x080009bc                __aeabi_dcmplt
                0x080009d0                __aeabi_dcmple
                0x080009e4                __aeabi_dcmpge
                0x080009f8                __aeabi_dcmpgt
 .text          0x08000a0c       0x2c F:/Program Files/STM32CubeIDE_2.1.1/STM32CubeIDE/plugins/com.st.stm32cube.ide.mcu.externaltools.gnu-tools-for-stm32.14.3.rel1.win32_1.0.100.202602081740/tools/bin/../lib/gcc/arm-none-eabi/14.3.1/thumb/v7-m/nofp\libgcc.a(_arm_unorddf2.o)
                0x08000a0c                __unorddf2
                0x08000a0c                __aeabi_dcmpun
 .text          0x08000a38       0x50 F:/Program Files/STM32CubeIDE_2.1.1/STM32CubeIDE/plugins/com.st.stm32cube.ide.mcu.externaltools.gnu-tools-for-stm32.14.3.rel1.win32_1.0.100.202602081740/tools/bin/../lib/gcc/arm-none-eabi/14.3.1/thumb/v7-m/nofp\libgcc.a(_arm_fixdfsi.o)
                0x08000a38                __aeabi_d2iz
                0x08000a38                __fixdfsi
 .text          0x08000a88      0x21c F:/Program Files/STM32CubeIDE_2.1.1/STM32CubeIDE/plugins/com.st.stm32cube.ide.mcu.externaltools.gnu-tools-for-stm32.14.3.rel1.win32_1.0.100.202602081740/tools/bin/../lib/gcc/arm-none-eabi/14.3.1/thumb/v7-m/nofp\libgcc.a(_arm_addsubsf3.o)
                0x08000a88                __aeabi_frsub
                0x08000a90                __subsf3
                0x08000a90                __aeabi_fsub
                0x08000a94                __aeabi_fadd
                0x08000a94                __addsf3
                0x08000bf4                __aeabi_ui2f
                0x08000bf4                __floatunsisf
                0x08000bfc                __aeabi_i2f
                0x08000bfc                __floatsisf
                0x08000c18                __aeabi_ul2f
                0x08000c18                __floatundisf
                0x08000c28                __aeabi_l2f
                0x08000c28                __floatdisf
 .text          0x08000ca4      0x2a0 F:/Program Files/STM32CubeIDE_2.1.1/STM32CubeIDE/plugins/com.st.stm32cube.ide.mcu.externaltools.gnu-tools-for-stm32.14.3.rel1.win32_1.0.100.202602081740/tools/bin/../lib/gcc/arm-none-eabi/14.3.1/thumb/v7-m/nofp\libgcc.a(_arm_muldivsf3.o)
                0x08000ca4                __mulsf3
                0x08000ca4                __aeabi_fmul
                0x08000e0c                __aeabi_fdiv
                0x08000e0c                __divsf3
 .text          0x08000f44       0xec F:/Program Files/STM32CubeIDE_2.1.1/STM32CubeIDE/plugins/com.st.stm32cube.ide.mcu.externaltools.gnu-tools-for-stm32.14.3.rel1.win32_1.0.100.202602081740/tools/bin/../lib/gcc/arm-none-eabi/14.3.1/thumb/v7-m/nofp\libgcc.a(_arm_cmpsf2.o)
                0x08000f44                __gesf2
                0x08000f44                __gtsf2
                0x08000f4c                __lesf2
                0x08000f4c                __ltsf2
                0x08000f54                __nesf2
                0x08000f54                __eqsf2
                0x08000f54                __cmpsf2
                0x08000fb4                __aeabi_cfrcmple
                0x08000fbc                __aeabi_cfcmpeq
                0x08000fbc                __aeabi_cfcmple
                0x08000fcc                __aeabi_fcmpeq
                0x08000fe0                __aeabi_fcmplt
                0x08000ff4                __aeabi_fcmple
                0x08001008                __aeabi_fcmpge
                0x0800101c                __aeabi_fcmpgt
 .text          0x08001030       0x4c F:/Program Files/STM32CubeIDE_2.1.1/STM32CubeIDE/plugins/com.st.stm32cube.ide.mcu.externaltools.gnu-tools-for-stm32.14.3.rel1.win32_1.0.100.202602081740/tools/bin/../lib/gcc/arm-none-eabi/14.3.1/thumb/v7-m/nofp\libgcc.a(_arm_fixsfsi.o)
                0x08001030                __aeabi_f2iz
                0x08001030                __fixsfsi
 *(.text*)
 .text.BTNS_Update
                0x0800107c       0x8c ./Components/Hardware/btns.o
                0x0800107c                BTNS_Update
 .text.BTNS_Get_OLEDPage
                0x08001108       0x10 ./Components/Hardware/btns.o
                0x08001108                BTNS_Get_OLEDPage
 .text.Buzzer_PlayTone
                0x08001118       0x4c ./Components/Hardware/buzzer.o
                0x08001118                Buzzer_PlayTone
 .text.Buzzer_BootSound
                0x08001164       0x28 ./Components/Hardware/buzzer.o
                0x08001164                Buzzer_BootSound
 .text.Buzzer_WifiConnected
                0x0800118c       0x2c ./Components/Hardware/buzzer.o
                0x0800118c                Buzzer_WifiConnected
 .text.Buzzer_WifiDisconnected
                0x080011b8       0x1a ./Components/Hardware/buzzer.o
                0x080011b8                Buzzer_WifiDisconnected
 .text.Buzzer_LongPressAck
                0x080011d2        0xa ./Components/Hardware/buzzer.o
                0x080011d2                Buzzer_LongPressAck
 .text.Buzzer_FormatSuccess
                0x080011dc        0xa ./Components/Hardware/buzzer.o
                0x080011dc                Buzzer_FormatSuccess
 .text.Buzzer_FormatFail
                0x080011e6        0xc ./Components/Hardware/buzzer.o
                0x080011e6                Buzzer_FormatFail
 .text.Buzzer_SD_Inserted
                0x080011f2        0xa ./Components/Hardware/buzzer.o
                0x080011f2                Buzzer_SD_Inserted
 .text.Buzzer_SD_Removed
                0x080011fc       0x2c ./Components/Hardware/buzzer.o
                0x080011fc                Buzzer_SD_Removed
 .text.LED_Init
                0x08001228       0x30 ./Components/Hardware/led.o
                0x08001228                LED_Init
 .text.LED_Boot
                0x08001258      0x104 ./Components/Hardware/led.o
                0x08001258                LED_Boot
 .text.LED_WifiConnected
                0x0800135c       0x5c ./Components/Hardware/led.o
                0x0800135c                LED_WifiConnected
 .text.LED_WifiDisconnected
                0x080013b8       0xac ./Components/Hardware/led.o
                0x080013b8                LED_WifiDisconnected
 .text.LED_ProcessReconnecting
                0x08001464       0xa0 ./Components/Hardware/led.o
                0x08001464                LED_ProcessReconnecting
 .text.LED_Off  0x08001504        0x4 ./Components/Hardware/led.o
                0x08001504                LED_Off
 .text.LED_UploadSuccess
                0x08001508       0x58 ./Components/Hardware/led.o
                0x08001508                LED_UploadSuccess
 .text.LED_UploadFail
                0x08001560       0x84 ./Components/Hardware/led.o
                0x08001560                LED_UploadFail
 .text.LED_HardwareError
                0x080015e4       0x64 ./Components/Hardware/led.o
                0x080015e4                LED_HardwareError
 .text.LED_FormatSuccess
                0x08001648       0x8c ./Components/Hardware/led.o
                0x08001648                LED_FormatSuccess
 .text.LED_FormatFail
                0x080016d4       0x94 ./Components/Hardware/led.o
                0x080016d4                LED_FormatFail
 .text.LED_TcpRetry
                0x08001768       0xac ./Components/Hardware/led.o
                0x08001768                LED_TcpRetry
 .text.LED_TcpConnected
                0x08001814       0x58 ./Components/Hardware/led.o
                0x08001814                LED_TcpConnected
 .text.LED_TcpFailed
                0x0800186c       0x84 ./Components/Hardware/led.o
                0x0800186c                LED_TcpFailed
 .text.LED_NtpFailed
                0x080018f0       0x84 ./Components/Hardware/led.o
                0x080018f0                LED_NtpFailed
 .text.initDustSensor
                0x08001974        0xc ./Components/Sensors/dust.o
                0x08001974                initDustSensor
 .text.readDust
                0x08001980      0x10c ./Components/Sensors/dust.o
                0x08001980                readDust
 .text.RTC_Init
                0x08001a8c        0xc ./Components/Sensors/rtc.o
                0x08001a8c                RTC_Init
 .text.RTC_GetTime
                0x08001a98       0xd0 ./Components/Sensors/rtc.o
                0x08001a98                RTC_GetTime
 .text.RTC_SetTime
                0x08001b68       0xac ./Components/Sensors/rtc.o
                0x08001b68                RTC_SetTime
 .text.SD_Init  0x08001c14       0xec ./Components/Sensors/sd.o
                0x08001c14                SD_Init
 .text.SD_LogData
                0x08001d00      0x160 ./Components/Sensors/sd.o
                0x08001d00                SD_LogData
 .text.SD_Format
                0x08001e60       0x78 ./Components/Sensors/sd.o
                0x08001e60                SD_Format
 .text.SD_IsReady
                0x08001ed8        0xc ./Components/Sensors/sd.o
                0x08001ed8                SD_IsReady
 .text.SD_GetLogStats
                0x08001ee4       0x1c ./Components/Sensors/sd.o
                0x08001ee4                SD_GetLogStats
 .text.SD_ClearLog
                0x08001f00       0x38 ./Components/Sensors/sd.o
                0x08001f00                SD_ClearLog
 .text.SHT30_Init
                0x08001f38       0x14 ./Components/Sensors/sht30.o
                0x08001f38                SHT30_Init
 .text.SHT30_Read
                0x08001f4c       0xa4 ./Components/Sensors/sht30.o
                0x08001f4c                SHT30_Read
 .text.SD_Select
                0x08001ff0       0x10 ./Components/System/fatfs_sd.o
 .text.SPI_RxByte
                0x08002000       0x28 ./Components/System/fatfs_sd.o
 .text.SD_WaitReady
                0x08002028       0x20 ./Components/System/fatfs_sd.o
 .text.SD_Deselect
                0x08002048       0x18 ./Components/System/fatfs_sd.o
 .text.SPI_TxByte
                0x08002060       0x1c ./Components/System/fatfs_sd.o
 .text.SD_SendCmd
                0x0800207c       0x5c ./Components/System/fatfs_sd.o
 .text.FATFS_SD_Init
                0x080020d8      0x140 ./Components/System/fatfs_sd.o
                0x080020d8                FATFS_SD_Init
 .text.FATFS_SD_Status
                0x08002218        0xc ./Components/System/fatfs_sd.o
                0x08002218                FATFS_SD_Status
 .text.FATFS_SD_Read
                0x08002224       0x88 ./Components/System/fatfs_sd.o
                0x08002224                FATFS_SD_Read
 .text.FATFS_SD_Write
                0x080022ac       0x7c ./Components/System/fatfs_sd.o
                0x080022ac                FATFS_SD_Write
 .text.FATFS_SD_Ioctl
                0x08002328       0xf8 ./Components/System/fatfs_sd.o
                0x08002328                FATFS_SD_Ioctl
 .text.Scan_I2C_Bus
                0x08002420       0x54 ./Components/System/general.o
                0x08002420                Scan_I2C_Bus
 .text.Try_Next_WiFi
                0x08002474      0x20c ./Components/System/general.o
                0x08002474                Try_Next_WiFi
 .text.Upload_And_Clear_SD
                0x08002680       0xf4 ./Components/System/general.o
                0x08002680                Upload_And_Clear_SD
 .text.General_Init
                0x08002774      0x1fc ./Components/System/general.o
                0x08002774                General_Init
 .text.General_Run
                0x08002970      0x5a4 ./Components/System/general.o
                0x08002970                General_Run
 .text.WIFI_SendCommand
                0x08002f14       0x3c ./Components/System/wifi.o
                0x08002f14                WIFI_SendCommand
 .text.WIFI_WaitForResponse
                0x08002f50       0x8c ./Components/System/wifi.o
                0x08002f50                WIFI_WaitForResponse
 .text.WIFI_Init
                0x08002fdc       0xb0 ./Components/System/wifi.o
                0x08002fdc                WIFI_Init
 .text.WIFI_Connect
                0x0800308c       0xa8 ./Components/System/wifi.o
                0x0800308c                WIFI_Connect
 .text.WIFI_Disconnect
                0x08003134       0x20 ./Components/System/wifi.o
                0x08003134                WIFI_Disconnect
 .text.WIFI_GetIP
                0x08003154       0x5c ./Components/System/wifi.o
                0x08003154                WIFI_GetIP
 .text.WIFI_StartTCP
                0x080031b0       0x2c ./Components/System/wifi.o
                0x080031b0                WIFI_StartTCP
 .text.WIFI_SendTCPData
                0x080031dc       0x60 ./Components/System/wifi.o
                0x080031dc                WIFI_SendTCPData
 .text.WIFI_IsConnected
                0x0800323c       0x30 ./Components/System/wifi.o
                0x0800323c                WIFI_IsConnected
 .text.WIFI_GetNTPTime
                0x0800326c      0x3b8 ./Components/System/wifi.o
                0x0800326c                WIFI_GetNTPTime
 .text.OLED_Init
                0x08003624       0x18 ./Components/UI/oled.o
                0x08003624                OLED_Init
 .text.OLED_Clear
                0x0800363c        0x6 ./Components/UI/oled.o
                0x0800363c                OLED_Clear
 *fill*         0x08003642        0x2 
 .text.OLED_Print
                0x08003644       0x1c ./Components/UI/oled.o
                0x08003644                OLED_Print
 .text.OLED_Update
                0x08003660       0x98 ./Components/UI/oled.o
                0x08003660                OLED_Update
 .text.OLED_ClearArea
                0x080036f8        0xe ./Components/UI/oled.o
                0x080036f8                OLED_ClearArea
 .text.OLED_DrawBitmap
                0x08003706       0x62 ./Components/UI/oled.o
                0x08003706                OLED_DrawBitmap
 .text.OLED_GUI_DrawSensorPage
                0x08003768       0xb8 ./Components/UI/oledGUI.o
                0x08003768                OLED_GUI_DrawSensorPage
 .text.render_wifi_page
                0x08003820      0x140 ./Components/UI/oledGUI.o
                0x08003820                render_wifi_page
 .text.OLED_GUI_DrawDustDebugPage
                0x08003960       0x8c ./Components/UI/oledGUI.o
                0x08003960                OLED_GUI_DrawDustDebugPage
 .text.OLED_GUI_DrawWeatherPage
                0x080039ec       0x64 ./Components/UI/oledGUI.o
                0x080039ec                OLED_GUI_DrawWeatherPage
 .text.OLED_GUI_DrawDiagnosticsPage
                0x08003a50       0x94 ./Components/UI/oledGUI.o
                0x08003a50                OLED_GUI_DrawDiagnosticsPage
 .text.OLED_GUI_DrawLogPage
                0x08003ae4       0x8c ./Components/UI/oledGUI.o
                0x08003ae4                OLED_GUI_DrawLogPage
 .text.OLED_GUI_DrawTimePage
                0x08003b70      0x100 ./Components/UI/oledGUI.o
                0x08003b70                OLED_GUI_DrawTimePage
 .text.SystemClock_Config
                0x08003c70       0x82 ./Core/Src/main.o
                0x08003c70                SystemClock_Config
 *fill*         0x08003cf2        0x2 
 .text.startup.main
                0x08003cf4      0x3a0 ./Core/Src/main.o
                0x08003cf4                main
 .text.Error_Handler
                0x08004094        0x4 ./Core/Src/main.o
                0x08004094                Error_Handler
 .text.HAL_MspInit
                0x08004098       0x44 ./Core/Src/stm32f1xx_hal_msp.o
                0x08004098                HAL_MspInit
 .text.HAL_ADC_MspInit
                0x080040dc       0x94 ./Core/Src/stm32f1xx_hal_msp.o
                0x080040dc                HAL_ADC_MspInit
 .text.HAL_I2C_MspInit
                0x08004170      0x100 ./Core/Src/stm32f1xx_hal_msp.o
                0x08004170                HAL_I2C_MspInit
 .text.HAL_I2C_MspDeInit
                0x08004270       0x78 ./Core/Src/stm32f1xx_hal_msp.o
                0x08004270                HAL_I2C_MspDeInit
 .text.HAL_SPI_MspInit
                0x080042e8       0x74 ./Core/Src/stm32f1xx_hal_msp.o
                0x080042e8                HAL_SPI_MspInit
 .text.HAL_TIM_Base_MspInit
                0x0800435c       0x48 ./Core/Src/stm32f1xx_hal_msp.o
                0x0800435c                HAL_TIM_Base_MspInit
 .text.HAL_TIM_MspPostInit
                0x080043a4       0x50 ./Core/Src/stm32f1xx_hal_msp.o
                0x080043a4                HAL_TIM_MspPostInit
 .text.HAL_UART_MspInit
                0x080043f4       0xb4 ./Core/Src/stm32f1xx_hal_msp.o
                0x080043f4                HAL_UART_MspInit
 .text.NMI_Handler
                0x080044a8        0x2 ./Core/Src/stm32f1xx_it.o
                0x080044a8                NMI_Handler
 .text.HardFault_Handler
                0x080044aa        0x2 ./Core/Src/stm32f1xx_it.o
                0x080044aa                HardFault_Handler
 .text.MemManage_Handler
                0x080044ac        0x2 ./Core/Src/stm32f1xx_it.o
                0x080044ac                MemManage_Handler
 .text.BusFault_Handler
                0x080044ae        0x2 ./Core/Src/stm32f1xx_it.o
                0x080044ae                BusFault_Handler
 .text.UsageFault_Handler
                0x080044b0        0x2 ./Core/Src/stm32f1xx_it.o
                0x080044b0                UsageFault_Handler
 .text.SVC_Handler
                0x080044b2        0x2 ./Core/Src/stm32f1xx_it.o
                0x080044b2                SVC_Handler
 .text.DebugMon_Handler
                0x080044b4        0x2 ./Core/Src/stm32f1xx_it.o
                0x080044b4                DebugMon_Handler
 .text.PendSV_Handler
                0x080044b6        0x2 ./Core/Src/stm32f1xx_it.o
                0x080044b6                PendSV_Handler
 .text.SysTick_Handler
                0x080044b8        0x4 ./Core/Src/stm32f1xx_it.o
                0x080044b8                SysTick_Handler
 .text.DMA1_Channel1_IRQHandler
                0x080044bc        0xc ./Core/Src/stm32f1xx_it.o
                0x080044bc                DMA1_Channel1_IRQHandler
 .text.DMA1_Channel4_IRQHandler
                0x080044c8        0xc ./Core/Src/stm32f1xx_it.o
                0x080044c8                DMA1_Channel4_IRQHandler
 .text.DMA1_Channel7_IRQHandler
                0x080044d4        0xc ./Core/Src/stm32f1xx_it.o
                0x080044d4                DMA1_Channel7_IRQHandler
 .text.I2C2_EV_IRQHandler
                0x080044e0        0xc ./Core/Src/stm32f1xx_it.o
                0x080044e0                I2C2_EV_IRQHandler
 .text.I2C2_ER_IRQHandler
                0x080044ec        0xc ./Core/Src/stm32f1xx_it.o
                0x080044ec                I2C2_ER_IRQHandler
 .text.USART2_IRQHandler
                0x080044f8        0xc ./Core/Src/stm32f1xx_it.o
                0x080044f8                USART2_IRQHandler
 .text._getpid  0x08004504        0x4 ./Core/Src/syscalls.o
                0x08004504                _getpid
 .text._kill    0x08004508       0x10 ./Core/Src/syscalls.o
                0x08004508                _kill
 .text._exit    0x08004518        0xc ./Core/Src/syscalls.o
                0x08004518                _exit
 .text._read    0x08004524       0x1c ./Core/Src/syscalls.o
                0x08004524                _read
 .text._write   0x08004540       0x1c ./Core/Src/syscalls.o
                0x08004540                _write
 .text._close   0x0800455c        0x6 ./Core/Src/syscalls.o
                0x0800455c                _close
 .text._fstat   0x08004562        0xa ./Core/Src/syscalls.o
                0x08004562                _fstat
 .text._isatty  0x0800456c        0x4 ./Core/Src/syscalls.o
                0x0800456c                _isatty
 .text._lseek   0x08004570        0x4 ./Core/Src/syscalls.o
                0x08004570                _lseek
 .text._sbrk    0x08004574       0x3c ./Core/Src/sysmem.o
                0x08004574                _sbrk
 .text.SystemInit
                0x080045b0        0x2 ./Core/Src/system_stm32f1xx.o
                0x080045b0                SystemInit
 *fill*         0x080045b2        0x2 
 .text.Reset_Handler
                0x080045b4       0x48 ./Core/Startup/startup_stm32f103c8tx.o
                0x080045b4                Reset_Handler
 .text.Default_Handler
                0x080045fc        0x2 ./Core/Startup/startup_stm32f103c8tx.o
                0x080045fc                RTC_Alarm_IRQHandler
                0x080045fc                EXTI2_IRQHandler
                0x080045fc                TIM1_CC_IRQHandler
                0x080045fc                PVD_IRQHandler
                0x080045fc                EXTI3_IRQHandler
                0x080045fc                EXTI0_IRQHandler
                0x080045fc                ADC1_2_IRQHandler
                0x080045fc                SPI1_IRQHandler
                0x080045fc                TAMPER_IRQHandler
                0x080045fc                USART3_IRQHandler
                0x080045fc                RTC_IRQHandler
                0x080045fc                CAN1_RX1_IRQHandler
                0x080045fc                TIM4_IRQHandler
                0x080045fc                I2C1_EV_IRQHandler
                0x080045fc                DMA1_Channel6_IRQHandler
                0x080045fc                TIM3_IRQHandler
                0x080045fc                RCC_IRQHandler
                0x080045fc                TIM1_TRG_COM_IRQHandler
                0x080045fc                Default_Handler
                0x080045fc                EXTI15_10_IRQHandler
                0x080045fc                EXTI9_5_IRQHandler
                0x080045fc                SPI2_IRQHandler
                0x080045fc                DMA1_Channel5_IRQHandler
                0x080045fc                EXTI4_IRQHandler
                0x080045fc                USB_LP_CAN1_RX0_IRQHandler
                0x080045fc                USB_HP_CAN1_TX_IRQHandler
                0x080045fc                DMA1_Channel3_IRQHandler
                0x080045fc                TIM1_UP_IRQHandler
                0x080045fc                WWDG_IRQHandler
                0x080045fc                TIM2_IRQHandler
                0x080045fc                TIM1_BRK_IRQHandler
                0x080045fc                EXTI1_IRQHandler
                0x080045fc                DMA1_Channel2_IRQHandler
                0x080045fc                CAN1_SCE_IRQHandler
                0x080045fc                FLASH_IRQHandler
                0x080045fc                USART1_IRQHandler
                0x080045fc                I2C1_ER_IRQHandler
                0x080045fc                USBWakeUp_IRQHandler
 *fill*         0x080045fe        0x2 
 .text.I2C_OLED_Fill
                0x08004600       0x18 ./Drivers/Middlewares/OLED/i2c_oled.o
                0x08004600                I2C_OLED_Fill
 .text.I2C_OLED_DrawPixel
                0x08004618       0x48 ./Drivers/Middlewares/OLED/i2c_oled.o
                0x08004618                I2C_OLED_DrawPixel
 .text.I2C_OLED_GotoXY
                0x08004660        0xc ./Drivers/Middlewares/OLED/i2c_oled.o
                0x08004660                I2C_OLED_GotoXY
 .text.I2C_OLED_Putc
                0x0800466c       0x9c ./Drivers/Middlewares/OLED/i2c_oled.o
                0x0800466c                I2C_OLED_Putc
 .text.I2C_OLED_Puts
                0x08004708       0x20 ./Drivers/Middlewares/OLED/i2c_oled.o
                0x08004708                I2C_OLED_Puts
 .text.I2C_OLED_DrawLine
                0x08004728      0x124 ./Drivers/Middlewares/OLED/i2c_oled.o
                0x08004728                I2C_OLED_DrawLine
 .text.I2C_OLED_DrawFilledRectangle
                0x0800484c       0x62 ./Drivers/Middlewares/OLED/i2c_oled.o
                0x0800484c                I2C_OLED_DrawFilledRectangle
 *fill*         0x080048ae        0x2 
 .text.i2c_oled_I2C_Write
                0x080048b0       0x24 ./Drivers/Middlewares/OLED/i2c_oled.o
                0x080048b0                i2c_oled_I2C_Write
 .text.I2C_OLED_UpdateScreen
                0x080048d4       0x74 ./Drivers/Middlewares/OLED/i2c_oled.o
                0x080048d4                I2C_OLED_UpdateScreen
 .text.I2C_OLED_Init
                0x08004948      0x15c ./Drivers/Middlewares/OLED/i2c_oled.o
                0x08004948                I2C_OLED_Init
 .text.HAL_InitTick
                0x08004aa4       0x48 ./Drivers/STM32F1xx_HAL_Driver/Src/stm32f1xx_hal.o
                0x08004aa4                HAL_InitTick
 .text.HAL_Init
                0x08004aec       0x24 ./Drivers/STM32F1xx_HAL_Driver/Src/stm32f1xx_hal.o
                0x08004aec                HAL_Init
 .text.HAL_IncTick
                0x08004b10       0x18 ./Drivers/STM32F1xx_HAL_Driver/Src/stm32f1xx_hal.o
                0x08004b10                HAL_IncTick
 .text.HAL_GetTick
                0x08004b28        0xc ./Drivers/STM32F1xx_HAL_Driver/Src/stm32f1xx_hal.o
                0x08004b28                HAL_GetTick
 .text.HAL_Delay
                0x08004b34       0x24 ./Drivers/STM32F1xx_HAL_Driver/Src/stm32f1xx_hal.o
                0x08004b34                HAL_Delay
 .text.HAL_ADC_PollForConversion
                0x08004b58      0x148 ./Drivers/STM32F1xx_HAL_Driver/Src/stm32f1xx_hal_adc.o
                0x08004b58                HAL_ADC_PollForConversion
 .text.HAL_ADC_GetValue
                0x08004ca0        0x6 ./Drivers/STM32F1xx_HAL_Driver/Src/stm32f1xx_hal_adc.o
                0x08004ca0                HAL_ADC_GetValue
 *fill*         0x08004ca6        0x2 
 .text.HAL_ADC_ConfigChannel
                0x08004ca8       0xfc ./Drivers/STM32F1xx_HAL_Driver/Src/stm32f1xx_hal_adc.o
                0x08004ca8                HAL_ADC_ConfigChannel
 .text.ADC_Enable
                0x08004da4       0x78 ./Drivers/STM32F1xx_HAL_Driver/Src/stm32f1xx_hal_adc.o
                0x08004da4                ADC_Enable
 .text.HAL_ADC_Start
                0x08004e1c       0xc4 ./Drivers/STM32F1xx_HAL_Driver/Src/stm32f1xx_hal_adc.o
                0x08004e1c                HAL_ADC_Start
 .text.ADC_ConversionStop_Disable
                0x08004ee0       0x4c ./Drivers/STM32F1xx_HAL_Driver/Src/stm32f1xx_hal_adc.o
                0x08004ee0                ADC_ConversionStop_Disable
 .text.HAL_ADC_Init
                0x08004f2c       0xfc ./Drivers/STM32F1xx_HAL_Driver/Src/stm32f1xx_hal_adc.o
                0x08004f2c                HAL_ADC_Init
 .text.HAL_ADC_Stop
                0x08005028       0x34 ./Drivers/STM32F1xx_HAL_Driver/Src/stm32f1xx_hal_adc.o
                0x08005028                HAL_ADC_Stop
 .text.HAL_ADCEx_Calibration_Start
                0x0800505c       0xe0 ./Drivers/STM32F1xx_HAL_Driver/Src/stm32f1xx_hal_adc_ex.o
                0x0800505c                HAL_ADCEx_Calibration_Start
 .text.HAL_NVIC_SetPriorityGrouping
                0x0800513c       0x24 ./Drivers/STM32F1xx_HAL_Driver/Src/stm32f1xx_hal_cortex.o
                0x0800513c                HAL_NVIC_SetPriorityGrouping
 .text.HAL_NVIC_SetPriority
                0x08005160       0x60 ./Drivers/STM32F1xx_HAL_Driver/Src/stm32f1xx_hal_cortex.o
                0x08005160                HAL_NVIC_SetPriority
 .text.HAL_NVIC_EnableIRQ
                0x080051c0       0x1c ./Drivers/STM32F1xx_HAL_Driver/Src/stm32f1xx_hal_cortex.o
                0x080051c0                HAL_NVIC_EnableIRQ
 .text.HAL_NVIC_DisableIRQ
                0x080051dc       0x24 ./Drivers/STM32F1xx_HAL_Driver/Src/stm32f1xx_hal_cortex.o
                0x080051dc                HAL_NVIC_DisableIRQ
 .text.HAL_SYSTICK_Config
                0x08005200       0x28 ./Drivers/STM32F1xx_HAL_Driver/Src/stm32f1xx_hal_cortex.o
                0x08005200                HAL_SYSTICK_Config
 .text.HAL_DMA_Init
                0x08005228       0x60 ./Drivers/STM32F1xx_HAL_Driver/Src/stm32f1xx_hal_dma.o
                0x08005228                HAL_DMA_Init
 .text.HAL_DMA_DeInit
                0x08005288       0x54 ./Drivers/STM32F1xx_HAL_Driver/Src/stm32f1xx_hal_dma.o
                0x08005288                HAL_DMA_DeInit
 .text.HAL_DMA_Start_IT
                0x080052dc       0x78 ./Drivers/STM32F1xx_HAL_Driver/Src/stm32f1xx_hal_dma.o
                0x080052dc                HAL_DMA_Start_IT
 .text.HAL_DMA_Abort
                0x08005354       0x3e ./Drivers/STM32F1xx_HAL_Driver/Src/stm32f1xx_hal_dma.o
                0x08005354                HAL_DMA_Abort
 *fill*         0x08005392        0x2 
 .text.HAL_DMA_Abort_IT
                0x08005394       0x8c ./Drivers/STM32F1xx_HAL_Driver/Src/stm32f1xx_hal_dma.o
                0x08005394                HAL_DMA_Abort_IT
 .text.HAL_DMA_IRQHandler
                0x08005420      0x128 ./Drivers/STM32F1xx_HAL_Driver/Src/stm32f1xx_hal_dma.o
                0x08005420                HAL_DMA_IRQHandler
 .text.HAL_DMA_GetState
                0x08005548        0x6 ./Drivers/STM32F1xx_HAL_Driver/Src/stm32f1xx_hal_dma.o
                0x08005548                HAL_DMA_GetState
 *fill*         0x0800554e        0x2 
 .text.HAL_GPIO_Init
                0x08005550      0x1a8 ./Drivers/STM32F1xx_HAL_Driver/Src/stm32f1xx_hal_gpio.o
                0x08005550                HAL_GPIO_Init
 .text.HAL_GPIO_DeInit
                0x080056f8       0xdc ./Drivers/STM32F1xx_HAL_Driver/Src/stm32f1xx_hal_gpio.o
                0x080056f8                HAL_GPIO_DeInit
 .text.HAL_GPIO_ReadPin
                0x080057d4        0xc ./Drivers/STM32F1xx_HAL_Driver/Src/stm32f1xx_hal_gpio.o
                0x080057d4                HAL_GPIO_ReadPin
 .text.HAL_GPIO_WritePin
                0x080057e0        0xa ./Drivers/STM32F1xx_HAL_Driver/Src/stm32f1xx_hal_gpio.o
                0x080057e0                HAL_GPIO_WritePin
 .text.I2C_IsAcknowledgeFailed
                0x080057ea       0x32 ./Drivers/STM32F1xx_HAL_Driver/Src/stm32f1xx_hal_i2c.o
 .text.I2C_WaitOnFlagUntilTimeout
                0x0800581c       0x9c ./Drivers/STM32F1xx_HAL_Driver/Src/stm32f1xx_hal_i2c.o
 .text.I2C_WaitOnMasterAddressFlagUntilTimeout
                0x080058b8       0x84 ./Drivers/STM32F1xx_HAL_Driver/Src/stm32f1xx_hal_i2c.o
 .text.I2C_WaitOnTXEFlagUntilTimeout
                0x0800593c       0x54 ./Drivers/STM32F1xx_HAL_Driver/Src/stm32f1xx_hal_i2c.o
 .text.I2C_RequestMemoryWrite
                0x08005990       0xb4 ./Drivers/STM32F1xx_HAL_Driver/Src/stm32f1xx_hal_i2c.o
 .text.I2C_WaitOnBTFFlagUntilTimeout
                0x08005a44       0x54 ./Drivers/STM32F1xx_HAL_Driver/Src/stm32f1xx_hal_i2c.o
 .text.I2C_WaitOnRXNEFlagUntilTimeout
                0x08005a98       0x66 ./Drivers/STM32F1xx_HAL_Driver/Src/stm32f1xx_hal_i2c.o
 *fill*         0x08005afe        0x2 
 .text.HAL_I2C_Init
                0x08005b00      0x150 ./Drivers/STM32F1xx_HAL_Driver/Src/stm32f1xx_hal_i2c.o
                0x08005b00                HAL_I2C_Init
 .text.HAL_I2C_DeInit
                0x08005c50       0x32 ./Drivers/STM32F1xx_HAL_Driver/Src/stm32f1xx_hal_i2c.o
                0x08005c50                HAL_I2C_DeInit
 *fill*         0x08005c82        0x2 
 .text.HAL_I2C_Master_Transmit
                0x08005c84      0x1b4 ./Drivers/STM32F1xx_HAL_Driver/Src/stm32f1xx_hal_i2c.o
                0x08005c84                HAL_I2C_Master_Transmit
 .text.HAL_I2C_Master_Receive
                0x08005e38      0x354 ./Drivers/STM32F1xx_HAL_Driver/Src/stm32f1xx_hal_i2c.o
                0x08005e38                HAL_I2C_Master_Receive
 .text.HAL_I2C_Mem_Write_DMA
                0x0800618c      0x18c ./Drivers/STM32F1xx_HAL_Driver/Src/stm32f1xx_hal_i2c.o
                0x0800618c                HAL_I2C_Mem_Write_DMA
 .text.HAL_I2C_IsDeviceReady
                0x08006318      0x158 ./Drivers/STM32F1xx_HAL_Driver/Src/stm32f1xx_hal_i2c.o
                0x08006318                HAL_I2C_IsDeviceReady
 .text.HAL_I2C_MasterTxCpltCallback
                0x08006470        0x2 ./Drivers/STM32F1xx_HAL_Driver/Src/stm32f1xx_hal_i2c.o
                0x08006470                HAL_I2C_MasterTxCpltCallback
 .text.HAL_I2C_MasterRxCpltCallback
                0x08006472        0x2 ./Drivers/STM32F1xx_HAL_Driver/Src/stm32f1xx_hal_i2c.o
                0x08006472                HAL_I2C_MasterRxCpltCallback
 .text.HAL_I2C_SlaveTxCpltCallback
                0x08006474        0x2 ./Drivers/STM32F1xx_HAL_Driver/Src/stm32f1xx_hal_i2c.o
                0x08006474                HAL_I2C_SlaveTxCpltCallback
 .text.HAL_I2C_SlaveRxCpltCallback
                0x08006476        0x2 ./Drivers/STM32F1xx_HAL_Driver/Src/stm32f1xx_hal_i2c.o
                0x08006476                HAL_I2C_SlaveRxCpltCallback
 .text.HAL_I2C_AddrCallback
                0x08006478        0x2 ./Drivers/STM32F1xx_HAL_Driver/Src/stm32f1xx_hal_i2c.o
                0x08006478                HAL_I2C_AddrCallback
 .text.HAL_I2C_ListenCpltCallback
                0x0800647a        0x2 ./Drivers/STM32F1xx_HAL_Driver/Src/stm32f1xx_hal_i2c.o
                0x0800647a                HAL_I2C_ListenCpltCallback
 .text.HAL_I2C_MemTxCpltCallback
                0x0800647c        0x2 ./Drivers/STM32F1xx_HAL_Driver/Src/stm32f1xx_hal_i2c.o
                0x0800647c                HAL_I2C_MemTxCpltCallback
 .text.I2C_MemoryTransmit_TXE_BTF
                0x0800647e       0xb0 ./Drivers/STM32F1xx_HAL_Driver/Src/stm32f1xx_hal_i2c.o
 .text.HAL_I2C_MemRxCpltCallback
                0x0800652e        0x2 ./Drivers/STM32F1xx_HAL_Driver/Src/stm32f1xx_hal_i2c.o
                0x0800652e                HAL_I2C_MemRxCpltCallback
 .text.HAL_I2C_ErrorCallback
                0x08006530        0x2 ./Drivers/STM32F1xx_HAL_Driver/Src/stm32f1xx_hal_i2c.o
                0x08006530                HAL_I2C_ErrorCallback
 .text.I2C_DMAError
                0x08006532       0x3a ./Drivers/STM32F1xx_HAL_Driver/Src/stm32f1xx_hal_i2c.o
 .text.I2C_DMAXferCplt
                0x0800656c      0x114 ./Drivers/STM32F1xx_HAL_Driver/Src/stm32f1xx_hal_i2c.o
 .text.HAL_I2C_AbortCpltCallback
                0x08006680        0x2 ./Drivers/STM32F1xx_HAL_Driver/Src/stm32f1xx_hal_i2c.o
                0x08006680                HAL_I2C_AbortCpltCallback
 *fill*         0x08006682        0x2 
 .text.I2C_DMAAbort
                0x08006684       0xc0 ./Drivers/STM32F1xx_HAL_Driver/Src/stm32f1xx_hal_i2c.o
 .text.I2C_ITError
                0x08006744      0x150 ./Drivers/STM32F1xx_HAL_Driver/Src/stm32f1xx_hal_i2c.o
 .text.HAL_I2C_EV_IRQHandler
                0x08006894      0x8b4 ./Drivers/STM32F1xx_HAL_Driver/Src/stm32f1xx_hal_i2c.o
                0x08006894                HAL_I2C_EV_IRQHandler
 .text.HAL_I2C_ER_IRQHandler
                0x08007148      0x140 ./Drivers/STM32F1xx_HAL_Driver/Src/stm32f1xx_hal_i2c.o
                0x08007148                HAL_I2C_ER_IRQHandler
 .text.HAL_I2C_GetState
                0x08007288        0x6 ./Drivers/STM32F1xx_HAL_Driver/Src/stm32f1xx_hal_i2c.o
                0x08007288                HAL_I2C_GetState
 .text.HAL_IWDG_Init
                0x0800728e       0x52 ./Drivers/STM32F1xx_HAL_Driver/Src/stm32f1xx_hal_iwdg.o
                0x0800728e                HAL_IWDG_Init
 .text.HAL_IWDG_Refresh
                0x080072e0        0xc ./Drivers/STM32F1xx_HAL_Driver/Src/stm32f1xx_hal_iwdg.o
                0x080072e0                HAL_IWDG_Refresh
 .text.HAL_RCC_OscConfig
                0x080072ec      0x338 ./Drivers/STM32F1xx_HAL_Driver/Src/stm32f1xx_hal_rcc.o
                0x080072ec                HAL_RCC_OscConfig
 .text.HAL_RCC_GetSysClockFreq
                0x08007624       0x4c ./Drivers/STM32F1xx_HAL_Driver/Src/stm32f1xx_hal_rcc.o
                0x08007624                HAL_RCC_GetSysClockFreq
 .text.HAL_RCC_ClockConfig
                0x08007670      0x138 ./Drivers/STM32F1xx_HAL_Driver/Src/stm32f1xx_hal_rcc.o
                0x08007670                HAL_RCC_ClockConfig
 .text.HAL_RCC_GetPCLK1Freq
                0x080077a8       0x20 ./Drivers/STM32F1xx_HAL_Driver/Src/stm32f1xx_hal_rcc.o
                0x080077a8                HAL_RCC_GetPCLK1Freq
 .text.HAL_RCC_GetPCLK2Freq
                0x080077c8       0x20 ./Drivers/STM32F1xx_HAL_Driver/Src/stm32f1xx_hal_rcc.o
                0x080077c8                HAL_RCC_GetPCLK2Freq
 .text.HAL_RCCEx_PeriphCLKConfig
                0x080077e8       0xf4 ./Drivers/STM32F1xx_HAL_Driver/Src/stm32f1xx_hal_rcc_ex.o
                0x080077e8                HAL_RCCEx_PeriphCLKConfig
 .text.HAL_RCCEx_GetPeriphCLKFreq
                0x080078dc       0xbc ./Drivers/STM32F1xx_HAL_Driver/Src/stm32f1xx_hal_rcc_ex.o
                0x080078dc                HAL_RCCEx_GetPeriphCLKFreq
 .text.SPI_WaitFlagStateUntilTimeout
                0x08007998       0xb8 ./Drivers/STM32F1xx_HAL_Driver/Src/stm32f1xx_hal_spi.o
 .text.SPI_EndRxTxTransaction
                0x08007a50       0x38 ./Drivers/STM32F1xx_HAL_Driver/Src/stm32f1xx_hal_spi.o
 .text.HAL_SPI_Init
                0x08007a88       0xb0 ./Drivers/STM32F1xx_HAL_Driver/Src/stm32f1xx_hal_spi.o
                0x08007a88                HAL_SPI_Init
 .text.HAL_SPI_Transmit
                0x08007b38      0x160 ./Drivers/STM32F1xx_HAL_Driver/Src/stm32f1xx_hal_spi.o
                0x08007b38                HAL_SPI_Transmit
 .text.HAL_SPI_TransmitReceive
                0x08007c98      0x1f8 ./Drivers/STM32F1xx_HAL_Driver/Src/stm32f1xx_hal_spi.o
                0x08007c98                HAL_SPI_TransmitReceive
 .text.HAL_SPI_GetState
                0x08007e90        0x6 ./Drivers/STM32F1xx_HAL_Driver/Src/stm32f1xx_hal_spi.o
                0x08007e90                HAL_SPI_GetState
 *fill*         0x08007e96        0x2 
 .text.TIM_OC1_SetConfig
                0x08007e98       0x50 ./Drivers/STM32F1xx_HAL_Driver/Src/stm32f1xx_hal_tim.o
 .text.TIM_OC3_SetConfig
                0x08007ee8       0x54 ./Drivers/STM32F1xx_HAL_Driver/Src/stm32f1xx_hal_tim.o
 .text.TIM_OC4_SetConfig
                0x08007f3c       0x44 ./Drivers/STM32F1xx_HAL_Driver/Src/stm32f1xx_hal_tim.o
 .text.HAL_TIM_PWM_MspInit
                0x08007f80        0x2 ./Drivers/STM32F1xx_HAL_Driver/Src/stm32f1xx_hal_tim.o
                0x08007f80                HAL_TIM_PWM_MspInit
 *fill*         0x08007f82        0x2 
 .text.TIM_Base_SetConfig
                0x08007f84       0x64 ./Drivers/STM32F1xx_HAL_Driver/Src/stm32f1xx_hal_tim.o
                0x08007f84                TIM_Base_SetConfig
 .text.HAL_TIM_Base_Init
                0x08007fe8       0x58 ./Drivers/STM32F1xx_HAL_Driver/Src/stm32f1xx_hal_tim.o
                0x08007fe8                HAL_TIM_Base_Init
 .text.HAL_TIM_PWM_Init
                0x08008040       0x58 ./Drivers/STM32F1xx_HAL_Driver/Src/stm32f1xx_hal_tim.o
                0x08008040                HAL_TIM_PWM_Init
 .text.TIM_OC2_SetConfig
                0x08008098       0x58 ./Drivers/STM32F1xx_HAL_Driver/Src/stm32f1xx_hal_tim.o
                0x08008098                TIM_OC2_SetConfig
 .text.HAL_TIM_PWM_ConfigChannel
                0x080080f0       0xb0 ./Drivers/STM32F1xx_HAL_Driver/Src/stm32f1xx_hal_tim.o
                0x080080f0                HAL_TIM_PWM_ConfigChannel
 .text.TIM_ETR_SetConfig
                0x080081a0       0x14 ./Drivers/STM32F1xx_HAL_Driver/Src/stm32f1xx_hal_tim.o
                0x080081a0                TIM_ETR_SetConfig
 .text.HAL_TIM_ConfigClockSource
                0x080081b4      0x132 ./Drivers/STM32F1xx_HAL_Driver/Src/stm32f1xx_hal_tim.o
                0x080081b4                HAL_TIM_ConfigClockSource
 .text.TIM_CCxChannelCmd
                0x080082e6       0x1c ./Drivers/STM32F1xx_HAL_Driver/Src/stm32f1xx_hal_tim.o
                0x080082e6                TIM_CCxChannelCmd
 *fill*         0x08008302        0x2 
 .text.HAL_TIM_OC_Start
                0x08008304       0x9c ./Drivers/STM32F1xx_HAL_Driver/Src/stm32f1xx_hal_tim.o
                0x08008304                HAL_TIM_OC_Start
 .text.HAL_TIM_PWM_Start
                0x080083a0        0x4 ./Drivers/STM32F1xx_HAL_Driver/Src/stm32f1xx_hal_tim.o
                0x080083a0                HAL_TIM_PWM_Start
 .text.HAL_TIM_OC_Stop
                0x080083a4       0x74 ./Drivers/STM32F1xx_HAL_Driver/Src/stm32f1xx_hal_tim.o
                0x080083a4                HAL_TIM_OC_Stop
 .text.HAL_TIM_PWM_Stop
                0x08008418        0x4 ./Drivers/STM32F1xx_HAL_Driver/Src/stm32f1xx_hal_tim.o
                0x08008418                HAL_TIM_PWM_Stop
 .text.HAL_TIMEx_MasterConfigSynchronization
                0x0800841c       0x5c ./Drivers/STM32F1xx_HAL_Driver/Src/stm32f1xx_hal_tim_ex.o
                0x0800841c                HAL_TIMEx_MasterConfigSynchronization
 .text.UART_EndRxTransfer
                0x08008478       0x5c ./Drivers/STM32F1xx_HAL_Driver/Src/stm32f1xx_hal_uart.o
 .text.UART_SetConfig
                0x080084d4       0x74 ./Drivers/STM32F1xx_HAL_Driver/Src/stm32f1xx_hal_uart.o
 .text.UART_WaitOnFlagUntilTimeout.constprop.0
                0x08008548       0x64 ./Drivers/STM32F1xx_HAL_Driver/Src/stm32f1xx_hal_uart.o
 .text.HAL_UART_Init
                0x080085ac       0x5e ./Drivers/STM32F1xx_HAL_Driver/Src/stm32f1xx_hal_uart.o
                0x080085ac                HAL_UART_Init
 .text.HAL_UART_Transmit
                0x0800860a       0x9c ./Drivers/STM32F1xx_HAL_Driver/Src/stm32f1xx_hal_uart.o
                0x0800860a                HAL_UART_Transmit
 .text.HAL_UART_Receive
                0x080086a6       0xae ./Drivers/STM32F1xx_HAL_Driver/Src/stm32f1xx_hal_uart.o
                0x080086a6                HAL_UART_Receive
 .text.HAL_UART_TxCpltCallback
                0x08008754        0x2 ./Drivers/STM32F1xx_HAL_Driver/Src/stm32f1xx_hal_uart.o
                0x08008754                HAL_UART_TxCpltCallback
 .text.HAL_UART_RxCpltCallback
                0x08008756        0x2 ./Drivers/STM32F1xx_HAL_Driver/Src/stm32f1xx_hal_uart.o
                0x08008756                HAL_UART_RxCpltCallback
 .text.HAL_UART_ErrorCallback
                0x08008758        0x2 ./Drivers/STM32F1xx_HAL_Driver/Src/stm32f1xx_hal_uart.o
                0x08008758                HAL_UART_ErrorCallback
 .text.UART_DMAAbortOnError
                0x0800875a       0x10 ./Drivers/STM32F1xx_HAL_Driver/Src/stm32f1xx_hal_uart.o
 .text.HAL_UARTEx_RxEventCallback
                0x0800876a        0x2 ./Drivers/STM32F1xx_HAL_Driver/Src/stm32f1xx_hal_uart.o
                0x0800876a                HAL_UARTEx_RxEventCallback
 .text.UART_Receive_IT.isra.0
                0x0800876c       0xb4 ./Drivers/STM32F1xx_HAL_Driver/Src/stm32f1xx_hal_uart.o
 .text.HAL_UART_IRQHandler
                0x08008820      0x294 ./Drivers/STM32F1xx_HAL_Driver/Src/stm32f1xx_hal_uart.o
                0x08008820                HAL_UART_IRQHandler
 .text.HAL_UART_GetState
                0x08008ab4        0xc ./Drivers/STM32F1xx_HAL_Driver/Src/stm32f1xx_hal_uart.o
                0x08008ab4                HAL_UART_GetState
 .text.MX_FATFS_Init
                0x08008ac0       0x1c ./FATFS/App/fatfs.o
                0x08008ac0                MX_FATFS_Init
 .text.get_fattime
                0x08008adc        0x4 ./FATFS/App/fatfs.o
                0x08008adc                get_fattime
 .text.USER_initialize
                0x08008ae0        0x4 ./FATFS/Target/user_diskio.o
                0x08008ae0                USER_initialize
 .text.USER_status
                0x08008ae4        0x4 ./FATFS/Target/user_diskio.o
                0x08008ae4                USER_status
 .text.USER_read
                0x08008ae8        0xa ./FATFS/Target/user_diskio.o
                0x08008ae8                USER_read
 .text.USER_write
                0x08008af2        0xa ./FATFS/Target/user_diskio.o
                0x08008af2                USER_write
 .text.USER_ioctl
                0x08008afc        0x8 ./FATFS/Target/user_diskio.o
                0x08008afc                USER_ioctl
 .text.disk_status
                0x08008b04       0x14 ./Middlewares/Third_Party/FatFs/src/diskio.o
                0x08008b04                disk_status
 .text.disk_initialize
                0x08008b18       0x20 ./Middlewares/Third_Party/FatFs/src/diskio.o
                0x08008b18                disk_initialize
 .text.disk_read
                0x08008b38       0x1c ./Middlewares/Third_Party/FatFs/src/diskio.o
                0x08008b38                disk_read
 .text.disk_write
                0x08008b54       0x1c ./Middlewares/Third_Party/FatFs/src/diskio.o
                0x08008b54                disk_write
 .text.disk_ioctl
                0x08008b70       0x18 ./Middlewares/Third_Party/FatFs/src/diskio.o
                0x08008b70                disk_ioctl
 .text.mem_cpy  0x08008b88       0x14 ./Middlewares/Third_Party/FatFs/src/ff.o
 .text.mem_set  0x08008b9c        0xe ./Middlewares/Third_Party/FatFs/src/ff.o
 *fill*         0x08008baa        0x2 
 .text.chk_lock
                0x08008bac       0x80 ./Middlewares/Third_Party/FatFs/src/ff.o
 .text.inc_lock
                0x08008c2c       0x98 ./Middlewares/Third_Party/FatFs/src/ff.o
 .text.dec_lock
                0x08008cc4       0x40 ./Middlewares/Third_Party/FatFs/src/ff.o
 .text.clear_lock
                0x08008d04       0x1c ./Middlewares/Third_Party/FatFs/src/ff.o
 .text.clmt_clust
                0x08008d20       0x28 ./Middlewares/Third_Party/FatFs/src/ff.o
 .text.get_ldnumber
                0x08008d48       0x30 ./Middlewares/Third_Party/FatFs/src/ff.o
 .text.sync_window
                0x08008d78       0x58 ./Middlewares/Third_Party/FatFs/src/ff.o
 .text.validate
                0x08008dd0       0x2e ./Middlewares/Third_Party/FatFs/src/ff.o
 *fill*         0x08008dfe        0x2 
 .text.sync_fs  0x08008e00       0x84 ./Middlewares/Third_Party/FatFs/src/ff.o
 .text.move_window
                0x08008e84       0x34 ./Middlewares/Third_Party/FatFs/src/ff.o
 .text.check_fs
                0x08008eb8       0x50 ./Middlewares/Third_Party/FatFs/src/ff.o
 .text.find_volume
                0x08008f08      0x22c ./Middlewares/Third_Party/FatFs/src/ff.o
 .text.ld_clust.isra.0
                0x08009134       0x10 ./Middlewares/Third_Party/FatFs/src/ff.o
 .text.clust2sect
                0x08009144       0x1c ./Middlewares/Third_Party/FatFs/src/ff.o
                0x08009144                clust2sect
 .text.get_fat  0x08009160       0xc2 ./Middlewares/Third_Party/FatFs/src/ff.o
                0x08009160                get_fat
 .text.dir_sdi  0x08009222       0x9e ./Middlewares/Third_Party/FatFs/src/ff.o
 .text.dir_remove
                0x080092c0       0x40 ./Middlewares/Third_Party/FatFs/src/ff.o
 .text.put_fat  0x08009300       0xfa ./Middlewares/Third_Party/FatFs/src/ff.o
                0x08009300                put_fat
 .text.create_chain
                0x080093fa       0xb2 ./Middlewares/Third_Party/FatFs/src/ff.o
 .text.dir_next
                0x080094ac      0x114 ./Middlewares/Third_Party/FatFs/src/ff.o
 .text.follow_path
                0x080095c0      0x19c ./Middlewares/Third_Party/FatFs/src/ff.o
 .text.dir_read.constprop.0
                0x0800975c       0x56 ./Middlewares/Third_Party/FatFs/src/ff.o
 .text.dir_register
                0x080097b2       0x76 ./Middlewares/Third_Party/FatFs/src/ff.o
 .text.remove_chain
                0x08009828       0x66 ./Middlewares/Third_Party/FatFs/src/ff.o
 *fill*         0x0800988e        0x2 
 .text.f_mount  0x08009890       0x50 ./Middlewares/Third_Party/FatFs/src/ff.o
                0x08009890                f_mount
 .text.f_open   0x080098e0      0x1b8 ./Middlewares/Third_Party/FatFs/src/ff.o
                0x080098e0                f_open
 .text.f_read   0x08009a98      0x19c ./Middlewares/Third_Party/FatFs/src/ff.o
                0x08009a98                f_read
 .text.f_write  0x08009c34      0x1cc ./Middlewares/Third_Party/FatFs/src/ff.o
                0x08009c34                f_write
 .text.f_sync   0x08009e00       0xc6 ./Middlewares/Third_Party/FatFs/src/ff.o
                0x08009e00                f_sync
 .text.f_close  0x08009ec6       0x2a ./Middlewares/Third_Party/FatFs/src/ff.o
                0x08009ec6                f_close
 .text.f_lseek  0x08009ef0      0x296 ./Middlewares/Third_Party/FatFs/src/ff.o
                0x08009ef0                f_lseek
 .text.f_unlink
                0x0800a186       0xb4 ./Middlewares/Third_Party/FatFs/src/ff.o
                0x0800a186                f_unlink
 *fill*         0x0800a23a        0x2 
 .text.f_mkfs   0x0800a23c      0x53c ./Middlewares/Third_Party/FatFs/src/ff.o
                0x0800a23c                f_mkfs
 .text.f_gets   0x0800a778       0x4a ./Middlewares/Third_Party/FatFs/src/ff.o
                0x0800a778                f_gets
 *fill*         0x0800a7c2        0x2 
 .text.FATFS_LinkDriverEx
                0x0800a7c4       0x44 ./Middlewares/Third_Party/FatFs/src/ff_gen_drv.o
                0x0800a7c4                FATFS_LinkDriverEx
 .text.FATFS_LinkDriver
                0x0800a808        0x6 ./Middlewares/Third_Party/FatFs/src/ff_gen_drv.o
                0x0800a808                FATFS_LinkDriver
 .text.__cvt    0x0800a80e       0xc8 F:/Program Files/STM32CubeIDE_2.1.1/STM32CubeIDE/plugins/com.st.stm32cube.ide.mcu.externaltools.gnu-tools-for-stm32.14.3.rel1.win32_1.0.100.202602081740/tools/bin/../lib/gcc/arm-none-eabi/14.3.1/../../../../arm-none-eabi/lib/thumb/v7-m/nofp\libc_nano.a(libc_a-nano-vfprintf_float.o)
                0x0800a80e                __cvt
 .text.__exponent
                0x0800a8d6       0x74 F:/Program Files/STM32CubeIDE_2.1.1/STM32CubeIDE/plugins/com.st.stm32cube.ide.mcu.externaltools.gnu-tools-for-stm32.14.3.rel1.win32_1.0.100.202602081740/tools/bin/../lib/gcc/arm-none-eabi/14.3.1/../../../../arm-none-eabi/lib/thumb/v7-m/nofp\libc_nano.a(libc_a-nano-vfprintf_float.o)
                0x0800a8d6                __exponent
 *fill*         0x0800a94a        0x2 
 .text._printf_float
                0x0800a94c      0x458 F:/Program Files/STM32CubeIDE_2.1.1/STM32CubeIDE/plugins/com.st.stm32cube.ide.mcu.externaltools.gnu-tools-for-stm32.14.3.rel1.win32_1.0.100.202602081740/tools/bin/../lib/gcc/arm-none-eabi/14.3.1/../../../../arm-none-eabi/lib/thumb/v7-m/nofp\libc_nano.a(libc_a-nano-vfprintf_float.o)
                0x0800a94c                _printf_float
 .text._printf_common
                0x0800ada4       0xe4 F:/Program Files/STM32CubeIDE_2.1.1/STM32CubeIDE/plugins/com.st.stm32cube.ide.mcu.externaltools.gnu-tools-for-stm32.14.3.rel1.win32_1.0.100.202602081740/tools/bin/../lib/gcc/arm-none-eabi/14.3.1/../../../../arm-none-eabi/lib/thumb/v7-m/nofp\libc_nano.a(libc_a-nano-vfprintf_i.o)
                0x0800ada4                _printf_common
 .text._printf_i
                0x0800ae88      0x24c F:/Program Files/STM32CubeIDE_2.1.1/STM32CubeIDE/plugins/com.st.stm32cube.ide.mcu.externaltools.gnu-tools-for-stm32.14.3.rel1.win32_1.0.100.202602081740/tools/bin/../lib/gcc/arm-none-eabi/14.3.1/../../../../arm-none-eabi/lib/thumb/v7-m/nofp\libc_nano.a(libc_a-nano-vfprintf_i.o)
                0x0800ae88                _printf_i
 .text.std      0x0800b0d4       0x6c F:/Program Files/STM32CubeIDE_2.1.1/STM32CubeIDE/plugins/com.st.stm32cube.ide.mcu.externaltools.gnu-tools-for-stm32.14.3.rel1.win32_1.0.100.202602081740/tools/bin/../lib/gcc/arm-none-eabi/14.3.1/../../../../arm-none-eabi/lib/thumb/v7-m/nofp\libc_nano.a(libc_a-findfp.o)
 .text.stdio_exit_handler
                0x0800b140       0x18 F:/Program Files/STM32CubeIDE_2.1.1/STM32CubeIDE/plugins/com.st.stm32cube.ide.mcu.externaltools.gnu-tools-for-stm32.14.3.rel1.win32_1.0.100.202602081740/tools/bin/../lib/gcc/arm-none-eabi/14.3.1/../../../../arm-none-eabi/lib/thumb/v7-m/nofp\libc_nano.a(libc_a-findfp.o)
 .text.cleanup_stdio
                0x0800b158       0x40 F:/Program Files/STM32CubeIDE_2.1.1/STM32CubeIDE/plugins/com.st.stm32cube.ide.mcu.externaltools.gnu-tools-for-stm32.14.3.rel1.win32_1.0.100.202602081740/tools/bin/../lib/gcc/arm-none-eabi/14.3.1/../../../../arm-none-eabi/lib/thumb/v7-m/nofp\libc_nano.a(libc_a-findfp.o)
 .text.global_stdio_init.part.0
                0x0800b198       0x40 F:/Program Files/STM32CubeIDE_2.1.1/STM32CubeIDE/plugins/com.st.stm32cube.ide.mcu.externaltools.gnu-tools-for-stm32.14.3.rel1.win32_1.0.100.202602081740/tools/bin/../lib/gcc/arm-none-eabi/14.3.1/../../../../arm-none-eabi/lib/thumb/v7-m/nofp\libc_nano.a(libc_a-findfp.o)
 .text.__sfp_lock_acquire
                0x0800b1d8        0xc F:/Program Files/STM32CubeIDE_2.1.1/STM32CubeIDE/plugins/com.st.stm32cube.ide.mcu.externaltools.gnu-tools-for-stm32.14.3.rel1.win32_1.0.100.202602081740/tools/bin/../lib/gcc/arm-none-eabi/14.3.1/../../../../arm-none-eabi/lib/thumb/v7-m/nofp\libc_nano.a(libc_a-findfp.o)
                0x0800b1d8                __sfp_lock_acquire
 .text.__sfp_lock_release
                0x0800b1e4        0xc F:/Program Files/STM32CubeIDE_2.1.1/STM32CubeIDE/plugins/com.st.stm32cube.ide.mcu.externaltools.gnu-tools-for-stm32.14.3.rel1.win32_1.0.100.202602081740/tools/bin/../lib/gcc/arm-none-eabi/14.3.1/../../../../arm-none-eabi/lib/thumb/v7-m/nofp\libc_nano.a(libc_a-findfp.o)
                0x0800b1e4                __sfp_lock_release
 .text.__sinit  0x0800b1f0       0x30 F:/Program Files/STM32CubeIDE_2.1.1/STM32CubeIDE/plugins/com.st.stm32cube.ide.mcu.externaltools.gnu-tools-for-stm32.14.3.rel1.win32_1.0.100.202602081740/tools/bin/../lib/gcc/arm-none-eabi/14.3.1/../../../../arm-none-eabi/lib/thumb/v7-m/nofp\libc_nano.a(libc_a-findfp.o)
                0x0800b1f0                __sinit
 .text._fwalk_sglue
                0x0800b220       0x3c F:/Program Files/STM32CubeIDE_2.1.1/STM32CubeIDE/plugins/com.st.stm32cube.ide.mcu.externaltools.gnu-tools-for-stm32.14.3.rel1.win32_1.0.100.202602081740/tools/bin/../lib/gcc/arm-none-eabi/14.3.1/../../../../arm-none-eabi/lib/thumb/v7-m/nofp\libc_nano.a(libc_a-fwalk.o)
                0x0800b220                _fwalk_sglue
 .text.snprintf
                0x0800b25c       0x6c F:/Program Files/STM32CubeIDE_2.1.1/STM32CubeIDE/plugins/com.st.stm32cube.ide.mcu.externaltools.gnu-tools-for-stm32.14.3.rel1.win32_1.0.100.202602081740/tools/bin/../lib/gcc/arm-none-eabi/14.3.1/../../../../arm-none-eabi/lib/thumb/v7-m/nofp\libc_nano.a(libc_a-snprintf.o)
                0x0800b25c                sniprintf
                0x0800b25c                snprintf
 .text.sprintf  0x0800b2c8       0x44 F:/Program Files/STM32CubeIDE_2.1.1/STM32CubeIDE/plugins/com.st.stm32cube.ide.mcu.externaltools.gnu-tools-for-stm32.14.3.rel1.win32_1.0.100.202602081740/tools/bin/../lib/gcc/arm-none-eabi/14.3.1/../../../../arm-none-eabi/lib/thumb/v7-m/nofp\libc_nano.a(libc_a-sprintf.o)
                0x0800b2c8                siprintf
                0x0800b2c8                sprintf
 .text.sscanf   0x0800b30c       0x58 F:/Program Files/STM32CubeIDE_2.1.1/STM32CubeIDE/plugins/com.st.stm32cube.ide.mcu.externaltools.gnu-tools-for-stm32.14.3.rel1.win32_1.0.100.202602081740/tools/bin/../lib/gcc/arm-none-eabi/14.3.1/../../../../arm-none-eabi/lib/thumb/v7-m/nofp\libc_nano.a(libc_a-sscanf.o)
                0x0800b30c                siscanf
                0x0800b30c                sscanf
 .text.__sread  0x0800b364       0x22 F:/Program Files/STM32CubeIDE_2.1.1/STM32CubeIDE/plugins/com.st.stm32cube.ide.mcu.externaltools.gnu-tools-for-stm32.14.3.rel1.win32_1.0.100.202602081740/tools/bin/../lib/gcc/arm-none-eabi/14.3.1/../../../../arm-none-eabi/lib/thumb/v7-m/nofp\libc_nano.a(libc_a-stdio.o)
                0x0800b364                __sread
 .text.__seofread
                0x0800b386        0x4 F:/Program Files/STM32CubeIDE_2.1.1/STM32CubeIDE/plugins/com.st.stm32cube.ide.mcu.externaltools.gnu-tools-for-stm32.14.3.rel1.win32_1.0.100.202602081740/tools/bin/../lib/gcc/arm-none-eabi/14.3.1/../../../../arm-none-eabi/lib/thumb/v7-m/nofp\libc_nano.a(libc_a-stdio.o)
                0x0800b386                __seofread
 .text.__swrite
                0x0800b38a       0x38 F:/Program Files/STM32CubeIDE_2.1.1/STM32CubeIDE/plugins/com.st.stm32cube.ide.mcu.externaltools.gnu-tools-for-stm32.14.3.rel1.win32_1.0.100.202602081740/tools/bin/../lib/gcc/arm-none-eabi/14.3.1/../../../../arm-none-eabi/lib/thumb/v7-m/nofp\libc_nano.a(libc_a-stdio.o)
                0x0800b38a                __swrite
 .text.__sseek  0x0800b3c2       0x26 F:/Program Files/STM32CubeIDE_2.1.1/STM32CubeIDE/plugins/com.st.stm32cube.ide.mcu.externaltools.gnu-tools-for-stm32.14.3.rel1.win32_1.0.100.202602081740/tools/bin/../lib/gcc/arm-none-eabi/14.3.1/../../../../arm-none-eabi/lib/thumb/v7-m/nofp\libc_nano.a(libc_a-stdio.o)
                0x0800b3c2                __sseek
 .text.__sclose
                0x0800b3e8        0x8 F:/Program Files/STM32CubeIDE_2.1.1/STM32CubeIDE/plugins/com.st.stm32cube.ide.mcu.externaltools.gnu-tools-for-stm32.14.3.rel1.win32_1.0.100.202602081740/tools/bin/../lib/gcc/arm-none-eabi/14.3.1/../../../../arm-none-eabi/lib/thumb/v7-m/nofp\libc_nano.a(libc_a-stdio.o)
                0x0800b3e8                __sclose
 .text.memset   0x0800b3f0       0x10 F:/Program Files/STM32CubeIDE_2.1.1/STM32CubeIDE/plugins/com.st.stm32cube.ide.mcu.externaltools.gnu-tools-for-stm32.14.3.rel1.win32_1.0.100.202602081740/tools/bin/../lib/gcc/arm-none-eabi/14.3.1/../../../../arm-none-eabi/lib/thumb/v7-m/nofp\libc_nano.a(libc_a-memset.o)
                0x0800b3f0                memset
 .text.strcat   0x0800b400       0x1e F:/Program Files/STM32CubeIDE_2.1.1/STM32CubeIDE/plugins/com.st.stm32cube.ide.mcu.externaltools.gnu-tools-for-stm32.14.3.rel1.win32_1.0.100.202602081740/tools/bin/../lib/gcc/arm-none-eabi/14.3.1/../../../../arm-none-eabi/lib/thumb/v7-m/nofp\libc_nano.a(libc_a-strcat.o)
                0x0800b400                strcat
 .text.strchr   0x0800b41e       0x1a F:/Program Files/STM32CubeIDE_2.1.1/STM32CubeIDE/plugins/com.st.stm32cube.ide.mcu.externaltools.gnu-tools-for-stm32.14.3.rel1.win32_1.0.100.202602081740/tools/bin/../lib/gcc/arm-none-eabi/14.3.1/../../../../arm-none-eabi/lib/thumb/v7-m/nofp\libc_nano.a(libc_a-strchr.o)
                0x0800b41e                strchr
 .text.strncpy  0x0800b438       0x26 F:/Program Files/STM32CubeIDE_2.1.1/STM32CubeIDE/plugins/com.st.stm32cube.ide.mcu.externaltools.gnu-tools-for-stm32.14.3.rel1.win32_1.0.100.202602081740/tools/bin/../lib/gcc/arm-none-eabi/14.3.1/../../../../arm-none-eabi/lib/thumb/v7-m/nofp\libc_nano.a(libc_a-strncpy.o)
                0x0800b438                strncpy
 .text.strstr   0x0800b45e       0x2c F:/Program Files/STM32CubeIDE_2.1.1/STM32CubeIDE/plugins/com.st.stm32cube.ide.mcu.externaltools.gnu-tools-for-stm32.14.3.rel1.win32_1.0.100.202602081740/tools/bin/../lib/gcc/arm-none-eabi/14.3.1/../../../../arm-none-eabi/lib/thumb/v7-m/nofp\libc_nano.a(libc_a-strstr.o)
                0x0800b45e                strstr
 *fill*         0x0800b48a        0x2 
 .text._localeconv_r
                0x0800b48c        0x8 F:/Program Files/STM32CubeIDE_2.1.1/STM32CubeIDE/plugins/com.st.stm32cube.ide.mcu.externaltools.gnu-tools-for-stm32.14.3.rel1.win32_1.0.100.202602081740/tools/bin/../lib/gcc/arm-none-eabi/14.3.1/../../../../arm-none-eabi/lib/thumb/v7-m/nofp\libc_nano.a(libc_a-localeconv.o)
                0x0800b48c                _localeconv_r
 .text._close_r
                0x0800b494       0x20 F:/Program Files/STM32CubeIDE_2.1.1/STM32CubeIDE/plugins/com.st.stm32cube.ide.mcu.externaltools.gnu-tools-for-stm32.14.3.rel1.win32_1.0.100.202602081740/tools/bin/../lib/gcc/arm-none-eabi/14.3.1/../../../../arm-none-eabi/lib/thumb/v7-m/nofp\libc_nano.a(libc_a-closer.o)
                0x0800b494                _close_r
 .text._lseek_r
                0x0800b4b4       0x24 F:/Program Files/STM32CubeIDE_2.1.1/STM32CubeIDE/plugins/com.st.stm32cube.ide.mcu.externaltools.gnu-tools-for-stm32.14.3.rel1.win32_1.0.100.202602081740/tools/bin/../lib/gcc/arm-none-eabi/14.3.1/../../../../arm-none-eabi/lib/thumb/v7-m/nofp\libc_nano.a(libc_a-lseekr.o)
                0x0800b4b4                _lseek_r
 .text._read_r  0x0800b4d8       0x24 F:/Program Files/STM32CubeIDE_2.1.1/STM32CubeIDE/plugins/com.st.stm32cube.ide.mcu.externaltools.gnu-tools-for-stm32.14.3.rel1.win32_1.0.100.202602081740/tools/bin/../lib/gcc/arm-none-eabi/14.3.1/../../../../arm-none-eabi/lib/thumb/v7-m/nofp\libc_nano.a(libc_a-readr.o)
                0x0800b4d8                _read_r
 .text._write_r
                0x0800b4fc       0x24 F:/Program Files/STM32CubeIDE_2.1.1/STM32CubeIDE/plugins/com.st.stm32cube.ide.mcu.externaltools.gnu-tools-for-stm32.14.3.rel1.win32_1.0.100.202602081740/tools/bin/../lib/gcc/arm-none-eabi/14.3.1/../../../../arm-none-eabi/lib/thumb/v7-m/nofp\libc_nano.a(libc_a-writer.o)
                0x0800b4fc                _write_r
 .text.__errno  0x0800b520        0xc F:/Program Files/STM32CubeIDE_2.1.1/STM32CubeIDE/plugins/com.st.stm32cube.ide.mcu.externaltools.gnu-tools-for-stm32.14.3.rel1.win32_1.0.100.202602081740/tools/bin/../lib/gcc/arm-none-eabi/14.3.1/../../../../arm-none-eabi/lib/thumb/v7-m/nofp\libc_nano.a(libc_a-errno.o)
                0x0800b520                __errno
 .text.__libc_init_array
                0x0800b52c       0x48 F:/Program Files/STM32CubeIDE_2.1.1/STM32CubeIDE/plugins/com.st.stm32cube.ide.mcu.externaltools.gnu-tools-for-stm32.14.3.rel1.win32_1.0.100.202602081740/tools/bin/../lib/gcc/arm-none-eabi/14.3.1/../../../../arm-none-eabi/lib/thumb/v7-m/nofp\libc_nano.a(libc_a-init.o)
                0x0800b52c                __libc_init_array
 .text.__retarget_lock_init_recursive
                0x0800b574        0x2 F:/Program Files/STM32CubeIDE_2.1.1/STM32CubeIDE/plugins/com.st.stm32cube.ide.mcu.externaltools.gnu-tools-for-stm32.14.3.rel1.win32_1.0.100.202602081740/tools/bin/../lib/gcc/arm-none-eabi/14.3.1/../../../../arm-none-eabi/lib/thumb/v7-m/nofp\libc_nano.a(libc_a-lock.o)
                0x0800b574                __retarget_lock_init_recursive
 .text.__retarget_lock_acquire_recursive
                0x0800b576        0x2 F:/Program Files/STM32CubeIDE_2.1.1/STM32CubeIDE/plugins/com.st.stm32cube.ide.mcu.externaltools.gnu-tools-for-stm32.14.3.rel1.win32_1.0.100.202602081740/tools/bin/../lib/gcc/arm-none-eabi/14.3.1/../../../../arm-none-eabi/lib/thumb/v7-m/nofp\libc_nano.a(libc_a-lock.o)
                0x0800b576                __retarget_lock_acquire_recursive
 .text.__retarget_lock_release_recursive
                0x0800b578        0x2 F:/Program Files/STM32CubeIDE_2.1.1/STM32CubeIDE/plugins/com.st.stm32cube.ide.mcu.externaltools.gnu-tools-for-stm32.14.3.rel1.win32_1.0.100.202602081740/tools/bin/../lib/gcc/arm-none-eabi/14.3.1/../../../../arm-none-eabi/lib/thumb/v7-m/nofp\libc_nano.a(libc_a-lock.o)
                0x0800b578                __retarget_lock_release_recursive
 .text.strcpy   0x0800b57a       0x10 F:/Program Files/STM32CubeIDE_2.1.1/STM32CubeIDE/plugins/com.st.stm32cube.ide.mcu.externaltools.gnu-tools-for-stm32.14.3.rel1.win32_1.0.100.202602081740/tools/bin/../lib/gcc/arm-none-eabi/14.3.1/../../../../arm-none-eabi/lib/thumb/v7-m/nofp\libc_nano.a(libc_a-strcpy.o)
                0x0800b57a                strcpy
 .text.memchr   0x0800b58a       0x1c F:/Program Files/STM32CubeIDE_2.1.1/STM32CubeIDE/plugins/com.st.stm32cube.ide.mcu.externaltools.gnu-tools-for-stm32.14.3.rel1.win32_1.0.100.202602081740/tools/bin/../lib/gcc/arm-none-eabi/14.3.1/../../../../arm-none-eabi/lib/thumb/v7-m/nofp\libc_nano.a(libc_a-memchr-stub.o)
                0x0800b58a                memchr
 .text.quorem   0x0800b5a6      0x110 F:/Program Files/STM32CubeIDE_2.1.1/STM32CubeIDE/plugins/com.st.stm32cube.ide.mcu.externaltools.gnu-tools-for-stm32.14.3.rel1.win32_1.0.100.202602081740/tools/bin/../lib/gcc/arm-none-eabi/14.3.1/../../../../arm-none-eabi/lib/thumb/v7-m/nofp\libc_nano.a(libc_a-dtoa.o)
 *fill*         0x0800b6b6        0x2 
 .text._dtoa_r  0x0800b6b8      0xbcc F:/Program Files/STM32CubeIDE_2.1.1/STM32CubeIDE/plugins/com.st.stm32cube.ide.mcu.externaltools.gnu-tools-for-stm32.14.3.rel1.win32_1.0.100.202602081740/tools/bin/../lib/gcc/arm-none-eabi/14.3.1/../../../../arm-none-eabi/lib/thumb/v7-m/nofp\libc_nano.a(libc_a-dtoa.o)
                0x0800b6b8                _dtoa_r
 .text._free_r  0x0800c284       0x90 F:/Program Files/STM32CubeIDE_2.1.1/STM32CubeIDE/plugins/com.st.stm32cube.ide.mcu.externaltools.gnu-tools-for-stm32.14.3.rel1.win32_1.0.100.202602081740/tools/bin/../lib/gcc/arm-none-eabi/14.3.1/../../../../arm-none-eabi/lib/thumb/v7-m/nofp\libc_nano.a(libc_a-freer.o)
                0x0800c284                _free_r
 .text.malloc   0x0800c314       0x10 F:/Program Files/STM32CubeIDE_2.1.1/STM32CubeIDE/plugins/com.st.stm32cube.ide.mcu.externaltools.gnu-tools-for-stm32.14.3.rel1.win32_1.0.100.202602081740/tools/bin/../lib/gcc/arm-none-eabi/14.3.1/../../../../arm-none-eabi/lib/thumb/v7-m/nofp\libc_nano.a(libc_a-malloc.o)
                0x0800c314                malloc
 .text.sbrk_aligned
                0x0800c324       0x44 F:/Program Files/STM32CubeIDE_2.1.1/STM32CubeIDE/plugins/com.st.stm32cube.ide.mcu.externaltools.gnu-tools-for-stm32.14.3.rel1.win32_1.0.100.202602081740/tools/bin/../lib/gcc/arm-none-eabi/14.3.1/../../../../arm-none-eabi/lib/thumb/v7-m/nofp\libc_nano.a(libc_a-mallocr.o)
 .text._malloc_r
                0x0800c368      0x100 F:/Program Files/STM32CubeIDE_2.1.1/STM32CubeIDE/plugins/com.st.stm32cube.ide.mcu.externaltools.gnu-tools-for-stm32.14.3.rel1.win32_1.0.100.202602081740/tools/bin/../lib/gcc/arm-none-eabi/14.3.1/../../../../arm-none-eabi/lib/thumb/v7-m/nofp\libc_nano.a(libc_a-mallocr.o)
                0x0800c368                _malloc_r
 .text.__malloc_lock
                0x0800c468        0xc F:/Program Files/STM32CubeIDE_2.1.1/STM32CubeIDE/plugins/com.st.stm32cube.ide.mcu.externaltools.gnu-tools-for-stm32.14.3.rel1.win32_1.0.100.202602081740/tools/bin/../lib/gcc/arm-none-eabi/14.3.1/../../../../arm-none-eabi/lib/thumb/v7-m/nofp\libc_nano.a(libc_a-mlock.o)
                0x0800c468                __malloc_lock
 .text.__malloc_unlock
                0x0800c474        0xc F:/Program Files/STM32CubeIDE_2.1.1/STM32CubeIDE/plugins/com.st.stm32cube.ide.mcu.externaltools.gnu-tools-for-stm32.14.3.rel1.win32_1.0.100.202602081740/tools/bin/../lib/gcc/arm-none-eabi/14.3.1/../../../../arm-none-eabi/lib/thumb/v7-m/nofp\libc_nano.a(libc_a-mlock.o)
                0x0800c474                __malloc_unlock
 .text._Balloc  0x0800c480       0x7c F:/Program Files/STM32CubeIDE_2.1.1/STM32CubeIDE/plugins/com.st.stm32cube.ide.mcu.externaltools.gnu-tools-for-stm32.14.3.rel1.win32_1.0.100.202602081740/tools/bin/../lib/gcc/arm-none-eabi/14.3.1/../../../../arm-none-eabi/lib/thumb/v7-m/nofp\libc_nano.a(libc_a-mprec.o)
                0x0800c480                _Balloc
 .text._Bfree   0x0800c4fc       0x44 F:/Program Files/STM32CubeIDE_2.1.1/STM32CubeIDE/plugins/com.st.stm32cube.ide.mcu.externaltools.gnu-tools-for-stm32.14.3.rel1.win32_1.0.100.202602081740/tools/bin/../lib/gcc/arm-none-eabi/14.3.1/../../../../arm-none-eabi/lib/thumb/v7-m/nofp\libc_nano.a(libc_a-mprec.o)
                0x0800c4fc                _Bfree
 .text.__multadd
                0x0800c540       0x8c F:/Program Files/STM32CubeIDE_2.1.1/STM32CubeIDE/plugins/com.st.stm32cube.ide.mcu.externaltools.gnu-tools-for-stm32.14.3.rel1.win32_1.0.100.202602081740/tools/bin/../lib/gcc/arm-none-eabi/14.3.1/../../../../arm-none-eabi/lib/thumb/v7-m/nofp\libc_nano.a(libc_a-mprec.o)
                0x0800c540                __multadd
 .text.__hi0bits
                0x0800c5cc       0x3e F:/Program Files/STM32CubeIDE_2.1.1/STM32CubeIDE/plugins/com.st.stm32cube.ide.mcu.externaltools.gnu-tools-for-stm32.14.3.rel1.win32_1.0.100.202602081740/tools/bin/../lib/gcc/arm-none-eabi/14.3.1/../../../../arm-none-eabi/lib/thumb/v7-m/nofp\libc_nano.a(libc_a-mprec.o)
                0x0800c5cc                __hi0bits
 .text.__lo0bits
                0x0800c60a       0x5a F:/Program Files/STM32CubeIDE_2.1.1/STM32CubeIDE/plugins/com.st.stm32cube.ide.mcu.externaltools.gnu-tools-for-stm32.14.3.rel1.win32_1.0.100.202602081740/tools/bin/../lib/gcc/arm-none-eabi/14.3.1/../../../../arm-none-eabi/lib/thumb/v7-m/nofp\libc_nano.a(libc_a-mprec.o)
                0x0800c60a                __lo0bits
 .text.__i2b    0x0800c664       0x2c F:/Program Files/STM32CubeIDE_2.1.1/STM32CubeIDE/plugins/com.st.stm32cube.ide.mcu.externaltools.gnu-tools-for-stm32.14.3.rel1.win32_1.0.100.202602081740/tools/bin/../lib/gcc/arm-none-eabi/14.3.1/../../../../arm-none-eabi/lib/thumb/v7-m/nofp\libc_nano.a(libc_a-mprec.o)
                0x0800c664                __i2b
 .text.__multiply
                0x0800c690      0x150 F:/Program Files/STM32CubeIDE_2.1.1/STM32CubeIDE/plugins/com.st.stm32cube.ide.mcu.externaltools.gnu-tools-for-stm32.14.3.rel1.win32_1.0.100.202602081740/tools/bin/../lib/gcc/arm-none-eabi/14.3.1/../../../../arm-none-eabi/lib/thumb/v7-m/nofp\libc_nano.a(libc_a-mprec.o)
                0x0800c690                __multiply
 .text.__pow5mult
                0x0800c7e0       0xb8 F:/Program Files/STM32CubeIDE_2.1.1/STM32CubeIDE/plugins/com.st.stm32cube.ide.mcu.externaltools.gnu-tools-for-stm32.14.3.rel1.win32_1.0.100.202602081740/tools/bin/../lib/gcc/arm-none-eabi/14.3.1/../../../../arm-none-eabi/lib/thumb/v7-m/nofp\libc_nano.a(libc_a-mprec.o)
                0x0800c7e0                __pow5mult
 .text.__lshift
                0x0800c898       0xd8 F:/Program Files/STM32CubeIDE_2.1.1/STM32CubeIDE/plugins/com.st.stm32cube.ide.mcu.externaltools.gnu-tools-for-stm32.14.3.rel1.win32_1.0.100.202602081740/tools/bin/../lib/gcc/arm-none-eabi/14.3.1/../../../../arm-none-eabi/lib/thumb/v7-m/nofp\libc_nano.a(libc_a-mprec.o)
                0x0800c898                __lshift
 .text.__mcmp   0x0800c970       0x36 F:/Program Files/STM32CubeIDE_2.1.1/STM32CubeIDE/plugins/com.st.stm32cube.ide.mcu.externaltools.gnu-tools-for-stm32.14.3.rel1.win32_1.0.100.202602081740/tools/bin/../lib/gcc/arm-none-eabi/14.3.1/../../../../arm-none-eabi/lib/thumb/v7-m/nofp\libc_nano.a(libc_a-mprec.o)
                0x0800c970                __mcmp
 *fill*         0x0800c9a6        0x2 
 .text.__mdiff  0x0800c9a8      0x130 F:/Program Files/STM32CubeIDE_2.1.1/STM32CubeIDE/plugins/com.st.stm32cube.ide.mcu.externaltools.gnu-tools-for-stm32.14.3.rel1.win32_1.0.100.202602081740/tools/bin/../lib/gcc/arm-none-eabi/14.3.1/../../../../arm-none-eabi/lib/thumb/v7-m/nofp\libc_nano.a(libc_a-mprec.o)
                0x0800c9a8                __mdiff
 .text.__d2b    0x0800cad8       0xb0 F:/Program Files/STM32CubeIDE_2.1.1/STM32CubeIDE/plugins/com.st.stm32cube.ide.mcu.externaltools.gnu-tools-for-stm32.14.3.rel1.win32_1.0.100.202602081740/tools/bin/../lib/gcc/arm-none-eabi/14.3.1/../../../../arm-none-eabi/lib/thumb/v7-m/nofp\libc_nano.a(libc_a-mprec.o)
                0x0800cad8                __d2b
 .text.__ssputs_r
                0x0800cb88       0xc0 F:/Program Files/STM32CubeIDE_2.1.1/STM32CubeIDE/plugins/com.st.stm32cube.ide.mcu.externaltools.gnu-tools-for-stm32.14.3.rel1.win32_1.0.100.202602081740/tools/bin/../lib/gcc/arm-none-eabi/14.3.1/../../../../arm-none-eabi/lib/thumb/v7-m/nofp\libc_nano.a(libc_a-nano-svfprintf.o)
                0x0800cb88                __ssputs_r
 .text._svfprintf_r
                0x0800cc48      0x1f0 F:/Program Files/STM32CubeIDE_2.1.1/STM32CubeIDE/plugins/com.st.stm32cube.ide.mcu.externaltools.gnu-tools-for-stm32.14.3.rel1.win32_1.0.100.202602081740/tools/bin/../lib/gcc/arm-none-eabi/14.3.1/../../../../arm-none-eabi/lib/thumb/v7-m/nofp\libc_nano.a(libc_a-nano-svfprintf.o)
                0x0800cc48                _svfiprintf_r
                0x0800cc48                _svfprintf_r
 .text._sungetc_r
                0x0800ce38       0x7a F:/Program Files/STM32CubeIDE_2.1.1/STM32CubeIDE/plugins/com.st.stm32cube.ide.mcu.externaltools.gnu-tools-for-stm32.14.3.rel1.win32_1.0.100.202602081740/tools/bin/../lib/gcc/arm-none-eabi/14.3.1/../../../../arm-none-eabi/lib/thumb/v7-m/nofp\libc_nano.a(libc_a-nano-svfscanf.o)
                0x0800ce38                _sungetc_r
 .text.__ssrefill_r
                0x0800ceb2       0x3a F:/Program Files/STM32CubeIDE_2.1.1/STM32CubeIDE/plugins/com.st.stm32cube.ide.mcu.externaltools.gnu-tools-for-stm32.14.3.rel1.win32_1.0.100.202602081740/tools/bin/../lib/gcc/arm-none-eabi/14.3.1/../../../../arm-none-eabi/lib/thumb/v7-m/nofp\libc_nano.a(libc_a-nano-svfscanf.o)
                0x0800ceb2                __ssrefill_r
 .text.__ssvfscanf_r
                0x0800ceec      0x2fc F:/Program Files/STM32CubeIDE_2.1.1/STM32CubeIDE/plugins/com.st.stm32cube.ide.mcu.externaltools.gnu-tools-for-stm32.14.3.rel1.win32_1.0.100.202602081740/tools/bin/../lib/gcc/arm-none-eabi/14.3.1/../../../../arm-none-eabi/lib/thumb/v7-m/nofp\libc_nano.a(libc_a-nano-svfscanf.o)
                0x0800ceec                __ssvfiscanf_r
                0x0800ceec                __ssvfscanf_r
 .text._scanf_chars
                0x0800d1e8       0xb4 F:/Program Files/STM32CubeIDE_2.1.1/STM32CubeIDE/plugins/com.st.stm32cube.ide.mcu.externaltools.gnu-tools-for-stm32.14.3.rel1.win32_1.0.100.202602081740/tools/bin/../lib/gcc/arm-none-eabi/14.3.1/../../../../arm-none-eabi/lib/thumb/v7-m/nofp\libc_nano.a(libc_a-nano-vfscanf_i.o)
                0x0800d1e8                _scanf_chars
 .text._scanf_i
                0x0800d29c      0x1e0 F:/Program Files/STM32CubeIDE_2.1.1/STM32CubeIDE/plugins/com.st.stm32cube.ide.mcu.externaltools.gnu-tools-for-stm32.14.3.rel1.win32_1.0.100.202602081740/tools/bin/../lib/gcc/arm-none-eabi/14.3.1/../../../../arm-none-eabi/lib/thumb/v7-m/nofp\libc_nano.a(libc_a-nano-vfscanf_i.o)
                0x0800d29c                _scanf_i
 .text.__sflush_r
                0x0800d47c       0xfc F:/Program Files/STM32CubeIDE_2.1.1/STM32CubeIDE/plugins/com.st.stm32cube.ide.mcu.externaltools.gnu-tools-for-stm32.14.3.rel1.win32_1.0.100.202602081740/tools/bin/../lib/gcc/arm-none-eabi/14.3.1/../../../../arm-none-eabi/lib/thumb/v7-m/nofp\libc_nano.a(libc_a-fflush.o)
                0x0800d47c                __sflush_r
 .text._fflush_r
                0x0800d578       0x50 F:/Program Files/STM32CubeIDE_2.1.1/STM32CubeIDE/plugins/com.st.stm32cube.ide.mcu.externaltools.gnu-tools-for-stm32.14.3.rel1.win32_1.0.100.202602081740/tools/bin/../lib/gcc/arm-none-eabi/14.3.1/../../../../arm-none-eabi/lib/thumb/v7-m/nofp\libc_nano.a(libc_a-fflush.o)
                0x0800d578                _fflush_r
 .text.__sccl   0x0800d5c8       0x72 F:/Program Files/STM32CubeIDE_2.1.1/STM32CubeIDE/plugins/com.st.stm32cube.ide.mcu.externaltools.gnu-tools-for-stm32.14.3.rel1.win32_1.0.100.202602081740/tools/bin/../lib/gcc/arm-none-eabi/14.3.1/../../../../arm-none-eabi/lib/thumb/v7-m/nofp\libc_nano.a(libc_a-sccl.o)
                0x0800d5c8                __sccl
 .text.__submore
                0x0800d63a       0x70 F:/Program Files/STM32CubeIDE_2.1.1/STM32CubeIDE/plugins/com.st.stm32cube.ide.mcu.externaltools.gnu-tools-for-stm32.14.3.rel1.win32_1.0.100.202602081740/tools/bin/../lib/gcc/arm-none-eabi/14.3.1/../../../../arm-none-eabi/lib/thumb/v7-m/nofp\libc_nano.a(libc_a-ungetc.o)
                0x0800d63a                __submore
 .text.memmove  0x0800d6aa       0x32 F:/Program Files/STM32CubeIDE_2.1.1/STM32CubeIDE/plugins/com.st.stm32cube.ide.mcu.externaltools.gnu-tools-for-stm32.14.3.rel1.win32_1.0.100.202602081740/tools/bin/../lib/gcc/arm-none-eabi/14.3.1/../../../../arm-none-eabi/lib/thumb/v7-m/nofp\libc_nano.a(libc_a-memmove.o)
                0x0800d6aa                memmove
 .text._sbrk_r  0x0800d6dc       0x20 F:/Program Files/STM32CubeIDE_2.1.1/STM32CubeIDE/plugins/com.st.stm32cube.ide.mcu.externaltools.gnu-tools-for-stm32.14.3.rel1.win32_1.0.100.202602081740/tools/bin/../lib/gcc/arm-none-eabi/14.3.1/../../../../arm-none-eabi/lib/thumb/v7-m/nofp\libc_nano.a(libc_a-sbrkr.o)
                0x0800d6dc                _sbrk_r
 .text.memcpy   0x0800d6fc       0x1c F:/Program Files/STM32CubeIDE_2.1.1/STM32CubeIDE/plugins/com.st.stm32cube.ide.mcu.externaltools.gnu-tools-for-stm32.14.3.rel1.win32_1.0.100.202602081740/tools/bin/../lib/gcc/arm-none-eabi/14.3.1/../../../../arm-none-eabi/lib/thumb/v7-m/nofp\libc_nano.a(libc_a-memcpy-stub.o)
                0x0800d6fc                memcpy
 .text.__assert_func
                0x0800d718       0x3c F:/Program Files/STM32CubeIDE_2.1.1/STM32CubeIDE/plugins/com.st.stm32cube.ide.mcu.externaltools.gnu-tools-for-stm32.14.3.rel1.win32_1.0.100.202602081740/tools/bin/../lib/gcc/arm-none-eabi/14.3.1/../../../../arm-none-eabi/lib/thumb/v7-m/nofp\libc_nano.a(libc_a-assert.o)
                0x0800d718                __assert_func
 .text._calloc_r
                0x0800d754       0x28 F:/Program Files/STM32CubeIDE_2.1.1/STM32CubeIDE/plugins/com.st.stm32cube.ide.mcu.externaltools.gnu-tools-for-stm32.14.3.rel1.win32_1.0.100.202602081740/tools/bin/../lib/gcc/arm-none-eabi/14.3.1/../../../../arm-none-eabi/lib/thumb/v7-m/nofp\libc_nano.a(libc_a-callocr.o)
                0x0800d754                _calloc_r
 .text.__ascii_mbtowc
                0x0800d77c       0x24 F:/Program Files/STM32CubeIDE_2.1.1/STM32CubeIDE/plugins/com.st.stm32cube.ide.mcu.externaltools.gnu-tools-for-stm32.14.3.rel1.win32_1.0.100.202602081740/tools/bin/../lib/gcc/arm-none-eabi/14.3.1/../../../../arm-none-eabi/lib/thumb/v7-m/nofp\libc_nano.a(libc_a-mbtowc_r.o)
                0x0800d77c                __ascii_mbtowc
 .text._realloc_r
                0x0800d7a0       0x5c F:/Program Files/STM32CubeIDE_2.1.1/STM32CubeIDE/plugins/com.st.stm32cube.ide.mcu.externaltools.gnu-tools-for-stm32.14.3.rel1.win32_1.0.100.202602081740/tools/bin/../lib/gcc/arm-none-eabi/14.3.1/../../../../arm-none-eabi/lib/thumb/v7-m/nofp\libc_nano.a(libc_a-reallocr.o)
                0x0800d7a0                _realloc_r
 .text._strtol_l.isra.0
                0x0800d7fc       0xf4 F:/Program Files/STM32CubeIDE_2.1.1/STM32CubeIDE/plugins/com.st.stm32cube.ide.mcu.externaltools.gnu-tools-for-stm32.14.3.rel1.win32_1.0.100.202602081740/tools/bin/../lib/gcc/arm-none-eabi/14.3.1/../../../../arm-none-eabi/lib/thumb/v7-m/nofp\libc_nano.a(libc_a-strtol.o)
 .text._strtol_r
                0x0800d8f0        0x4 F:/Program Files/STM32CubeIDE_2.1.1/STM32CubeIDE/plugins/com.st.stm32cube.ide.mcu.externaltools.gnu-tools-for-stm32.14.3.rel1.win32_1.0.100.202602081740/tools/bin/../lib/gcc/arm-none-eabi/14.3.1/../../../../arm-none-eabi/lib/thumb/v7-m/nofp\libc_nano.a(libc_a-strtol.o)
                0x0800d8f0                _strtol_r
 .text._strtoul_l.isra.0
                0x0800d8f4       0xdc F:/Program Files/STM32CubeIDE_2.1.1/STM32CubeIDE/plugins/com.st.stm32cube.ide.mcu.externaltools.gnu-tools-for-stm32.14.3.rel1.win32_1.0.100.202602081740/tools/bin/../lib/gcc/arm-none-eabi/14.3.1/../../../../arm-none-eabi/lib/thumb/v7-m/nofp\libc_nano.a(libc_a-strtoul.o)
 .text._strtoul_r
                0x0800d9d0        0x4 F:/Program Files/STM32CubeIDE_2.1.1/STM32CubeIDE/plugins/com.st.stm32cube.ide.mcu.externaltools.gnu-tools-for-stm32.14.3.rel1.win32_1.0.100.202602081740/tools/bin/../lib/gcc/arm-none-eabi/14.3.1/../../../../arm-none-eabi/lib/thumb/v7-m/nofp\libc_nano.a(libc_a-strtoul.o)
                0x0800d9d0                _strtoul_r
 .text.__ascii_wctomb
                0x0800d9d4       0x1a F:/Program Files/STM32CubeIDE_2.1.1/STM32CubeIDE/plugins/com.st.stm32cube.ide.mcu.externaltools.gnu-tools-for-stm32.14.3.rel1.win32_1.0.100.202602081740/tools/bin/../lib/gcc/arm-none-eabi/14.3.1/../../../../arm-none-eabi/lib/thumb/v7-m/nofp\libc_nano.a(libc_a-wctomb_r.o)
                0x0800d9d4                __ascii_wctomb
 *fill*         0x0800d9ee        0x2 
 .text.fprintf  0x0800d9f0       0x24 F:/Program Files/STM32CubeIDE_2.1.1/STM32CubeIDE/plugins/com.st.stm32cube.ide.mcu.externaltools.gnu-tools-for-stm32.14.3.rel1.win32_1.0.100.202602081740/tools/bin/../lib/gcc/arm-none-eabi/14.3.1/../../../../arm-none-eabi/lib/thumb/v7-m/nofp\libc_nano.a(libc_a-fprintf.o)
                0x0800d9f0                fiprintf
                0x0800d9f0                fprintf
 .text.abort    0x0800da14        0xe F:/Program Files/STM32CubeIDE_2.1.1/STM32CubeIDE/plugins/com.st.stm32cube.ide.mcu.externaltools.gnu-tools-for-stm32.14.3.rel1.win32_1.0.100.202602081740/tools/bin/../lib/gcc/arm-none-eabi/14.3.1/../../../../arm-none-eabi/lib/thumb/v7-m/nofp\libc_nano.a(libc_a-abort.o)
                0x0800da14                abort
 .text._malloc_usable_size_r
                0x0800da22       0x10 F:/Program Files/STM32CubeIDE_2.1.1/STM32CubeIDE/plugins/com.st.stm32cube.ide.mcu.externaltools.gnu-tools-for-stm32.14.3.rel1.win32_1.0.100.202602081740/tools/bin/../lib/gcc/arm-none-eabi/14.3.1/../../../../arm-none-eabi/lib/thumb/v7-m/nofp\libc_nano.a(libc_a-msizer.o)
                0x0800da22                _malloc_usable_size_r
 .text.__sfputc_r
                0x0800da32       0x2a F:/Program Files/STM32CubeIDE_2.1.1/STM32CubeIDE/plugins/com.st.stm32cube.ide.mcu.externaltools.gnu-tools-for-stm32.14.3.rel1.win32_1.0.100.202602081740/tools/bin/../lib/gcc/arm-none-eabi/14.3.1/../../../../arm-none-eabi/lib/thumb/v7-m/nofp\libc_nano.a(libc_a-nano-vfprintf.o)
 .text.__sfputs_r
                0x0800da5c       0x24 F:/Program Files/STM32CubeIDE_2.1.1/STM32CubeIDE/plugins/com.st.stm32cube.ide.mcu.externaltools.gnu-tools-for-stm32.14.3.rel1.win32_1.0.100.202602081740/tools/bin/../lib/gcc/arm-none-eabi/14.3.1/../../../../arm-none-eabi/lib/thumb/v7-m/nofp\libc_nano.a(libc_a-nano-vfprintf.o)
                0x0800da5c                __sfputs_r
 .text._vfprintf_r
                0x0800da80      0x228 F:/Program Files/STM32CubeIDE_2.1.1/STM32CubeIDE/plugins/com.st.stm32cube.ide.mcu.externaltools.gnu-tools-for-stm32.14.3.rel1.win32_1.0.100.202602081740/tools/bin/../lib/gcc/arm-none-eabi/14.3.1/../../../../arm-none-eabi/lib/thumb/v7-m/nofp\libc_nano.a(libc_a-nano-vfprintf.o)
                0x0800da80                _vfprintf_r
                0x0800da80                _vfiprintf_r
 .text.__swbuf_r
                0x0800dca8       0x7c F:/Program Files/STM32CubeIDE_2.1.1/STM32CubeIDE/plugins/com.st.stm32cube.ide.mcu.externaltools.gnu-tools-for-stm32.14.3.rel1.win32_1.0.100.202602081740/tools/bin/../lib/gcc/arm-none-eabi/14.3.1/../../../../arm-none-eabi/lib/thumb/v7-m/nofp\libc_nano.a(libc_a-wbuf.o)
                0x0800dca8                __swbuf_r
 .text.__swsetup_r
                0x0800dd24       0xa8 F:/Program Files/STM32CubeIDE_2.1.1/STM32CubeIDE/plugins/com.st.stm32cube.ide.mcu.externaltools.gnu-tools-for-stm32.14.3.rel1.win32_1.0.100.202602081740/tools/bin/../lib/gcc/arm-none-eabi/14.3.1/../../../../arm-none-eabi/lib/thumb/v7-m/nofp\libc_nano.a(libc_a-wsetup.o)
                0x0800dd24                __swsetup_r
 .text._raise_r
                0x0800ddcc       0x50 F:/Program Files/STM32CubeIDE_2.1.1/STM32CubeIDE/plugins/com.st.stm32cube.ide.mcu.externaltools.gnu-tools-for-stm32.14.3.rel1.win32_1.0.100.202602081740/tools/bin/../lib/gcc/arm-none-eabi/14.3.1/../../../../arm-none-eabi/lib/thumb/v7-m/nofp\libc_nano.a(libc_a-signal.o)
                0x0800ddcc                _raise_r
 .text.raise    0x0800de1c       0x10 F:/Program Files/STM32CubeIDE_2.1.1/STM32CubeIDE/plugins/com.st.stm32cube.ide.mcu.externaltools.gnu-tools-for-stm32.14.3.rel1.win32_1.0.100.202602081740/tools/bin/../lib/gcc/arm-none-eabi/14.3.1/../../../../arm-none-eabi/lib/thumb/v7-m/nofp\libc_nano.a(libc_a-signal.o)
                0x0800de1c                raise
 .text._kill_r  0x0800de2c       0x24 F:/Program Files/STM32CubeIDE_2.1.1/STM32CubeIDE/plugins/com.st.stm32cube.ide.mcu.externaltools.gnu-tools-for-stm32.14.3.rel1.win32_1.0.100.202602081740/tools/bin/../lib/gcc/arm-none-eabi/14.3.1/../../../../arm-none-eabi/lib/thumb/v7-m/nofp\libc_nano.a(libc_a-signalr.o)
                0x0800de2c                _kill_r
 .text._getpid_r
                0x0800de50        0x4 F:/Program Files/STM32CubeIDE_2.1.1/STM32CubeIDE/plugins/com.st.stm32cube.ide.mcu.externaltools.gnu-tools-for-stm32.14.3.rel1.win32_1.0.100.202602081740/tools/bin/../lib/gcc/arm-none-eabi/14.3.1/../../../../arm-none-eabi/lib/thumb/v7-m/nofp\libc_nano.a(libc_a-signalr.o)
                0x0800de50                _getpid_r
 .text.__swhatbuf_r
                0x0800de54       0x48 F:/Program Files/STM32CubeIDE_2.1.1/STM32CubeIDE/plugins/com.st.stm32cube.ide.mcu.externaltools.gnu-tools-for-stm32.14.3.rel1.win32_1.0.100.202602081740/tools/bin/../lib/gcc/arm-none-eabi/14.3.1/../../../../arm-none-eabi/lib/thumb/v7-m/nofp\libc_nano.a(libc_a-makebuf.o)
                0x0800de54                __swhatbuf_r
 .text.__smakebuf_r
                0x0800de9c       0x72 F:/Program Files/STM32CubeIDE_2.1.1/STM32CubeIDE/plugins/com.st.stm32cube.ide.mcu.externaltools.gnu-tools-for-stm32.14.3.rel1.win32_1.0.100.202602081740/tools/bin/../lib/gcc/arm-none-eabi/14.3.1/../../../../arm-none-eabi/lib/thumb/v7-m/nofp\libc_nano.a(libc_a-makebuf.o)
                0x0800de9c                __smakebuf_r
 *fill*         0x0800df0e        0x2 
 .text._fstat_r