Archive member included to satisfy reference by file (symbol)

F:/Program Files/STM32CubeIDE_2.1.1/STM32CubeIDE/plugins/com.st.stm32cube.ide.mcu.externaltools.gnu-tools-for-stm32.14.3.rel1.win32_1.0.100.202602081740/tools/bin/../lib/gcc/arm-none-eabi/14.3.1/../../../../arm-none-eabi/lib/thumb/v7-m/nofp\libc_nano.a(libc_a-exit.o)
                              F:/Program Files/STM32CubeIDE_2.1.1/STM32CubeIDE/plugins/com.st.stm32cube.ide.mcu.externaltools.gnu-tools-for-stm32.14.3.rel1.win32_1.0.100.202602081740/tools/bin/../lib/gcc/arm-none-eabi/14.3.1/../../../../arm-none-eabi/lib/thumb/v7-m/nofp/crt0.o (exit)
F:/Program Files/STM32CubeIDE_2.1.1/STM32CubeIDE/plugins/com.st.stm32cube.ide.mcu.externaltools.gnu-tools-for-stm32.14.3.rel1.win32_1.0.100.202602081740/tools/bin/../lib/gcc/arm-none-eabi/14.3.1/../../../../arm-none-eabi/lib/thumb/v7-m/nofp\libc_nano.a(libc_a-nano-vfprintf_float.o)
                              (_printf_float)
F:/Program Files/STM32CubeIDE_2.1.1/STM32CubeIDE/plugins/com.st.stm32cube.ide.mcu.externaltools.gnu-tools-for-stm32.14.3.rel1.win32_1.0.100.202602081740/tools/bin/../lib/gcc/arm-none-eabi/14.3.1/../../../../arm-none-eabi/lib/thumb/v7-m/nofp\libc_nano.a(libc_a-nano-vfprintf_i.o)
                              F:/Program Files/STM32CubeIDE_2.1.1/STM32CubeIDE/plugins/com.st.stm32cube.ide.mcu.externaltools.gnu-tools-for-stm32.14.3.rel1.win32_1.0.100.202602081740/tools/bin/../lib/gcc/arm-none-eabi/14.3.1/../../../../arm-none-eabi/lib/thumb/v7-m/nofp\libc_nano.a(libc_a-nano-vfprintf_float.o) (_printf_common)
F:/Program Files/STM32CubeIDE_2.1.1/STM32CubeIDE/plugins/com.st.stm32cube.ide.mcu.externaltools.gnu-tools-for-stm32.14.3.rel1.win32_1.0.100.202602081740/tools/bin/../lib/gcc/arm-none-eabi/14.3.1/../../../../arm-none-eabi/lib/thumb/v7-m/nofp\libc_nano.a(libc_a-findfp.o)
                              F:/Program Files/STM32CubeIDE_2.1.1/STM32CubeIDE/plugins/com.st.stm32cube.ide.mcu.externaltools.gnu-tools-for-stm32.14.3.rel1.win32_1.0.100.202602081740/tools/bin/../lib/gcc/arm-none-eabi/14.3.1/../../../../arm-none-eabi/lib/thumb/v7-m/nofp\libc_nano.a(libc_a-exit.o) (__stdio_exit_handler)
F:/Program Files/STM32CubeIDE_2.1.1/STM32CubeIDE/plugins/com.st.stm32cube.ide.mcu.externaltools.gnu-tools-for-stm32.14.3.rel1.win32_1.0.100.202602081740/tools/bin/../lib/gcc/arm-none-eabi/14.3.1/../../../../arm-none-eabi/lib/thumb/v7-m/nofp\libc_nano.a(libc_a-fwalk.o)
                              F:/Program Files/STM32CubeIDE_2.1.1/STM32CubeIDE/plugins/com.st.stm32cube.ide.mcu.externaltools.gnu-tools-for-stm32.14.3.rel1.win32_1.0.100.202602081740/tools/bin/../lib/gcc/arm-none-eabi/14.3.1/../../../../arm-none-eabi/lib/thumb/v7-m/nofp\libc_nano.a(libc_a-findfp.o) (_fwalk_sglue)
F:/Program Files/STM32CubeIDE_2.1.1/STM32CubeIDE/plugins/com.st.stm32cube.ide.mcu.externaltools.gnu-tools-for-stm32.14.3.rel1.win32_1.0.100.202602081740/tools/bin/../lib/gcc/arm-none-eabi/14.3.1/../../../../arm-none-eabi/lib/thumb/v7-m/nofp\libc_nano.a(libc_a-snprintf.o)
                              ./Components/Sensors/sd.o (snprintf)
F:/Program Files/STM32CubeIDE_2.1.1/STM32CubeIDE/plugins/com.st.stm32cube.ide.mcu.externaltools.gnu-tools-for-stm32.14.3.rel1.win32_1.0.100.202602081740/tools/bin/../lib/gcc/arm-none-eabi/14.3.1/../../../../arm-none-eabi/lib/thumb/v7-m/nofp\libc_nano.a(libc_a-sprintf.o)
                              ./Components/System/general.o (sprintf)
F:/Program Files/STM32CubeIDE_2.1.1/STM32CubeIDE/plugins/com.st.stm32cube.ide.mcu.externaltools.gnu-tools-for-stm32.14.3.rel1.win32_1.0.100.202602081740/tools/bin/../lib/gcc/arm-none-eabi/14.3.1/../../../../arm-none-eabi/lib/thumb/v7-m/nofp\libc_nano.a(libc_a-stdio.o)
                              F:/Program Files/STM32CubeIDE_2.1.1/STM32CubeIDE/plugins/com.st.stm32cube.ide.mcu.externaltools.gnu-tools-for-stm32.14.3.rel1.win32_1.0.100.202602081740/tools/bin/../lib/gcc/arm-none-eabi/14.3.1/../../../../arm-none-eabi/lib/thumb/v7-m/nofp\libc_nano.a(libc_a-findfp.o) (__sread)
F:/Program Files/STM32CubeIDE_2.1.1/STM32CubeIDE/plugins/com.st.stm32cube.ide.mcu.externaltools.gnu-tools-for-stm32.14.3.rel1.win32_1.0.100.202602081740/tools/bin/../lib/gcc/arm-none-eabi/14.3.1/../../../../arm-none-eabi/lib/thumb/v7-m/nofp\libc_nano.a(libc_a-memset.o)
                              F:/Program Files/STM32CubeIDE_2.1.1/STM32CubeIDE/plugins/com.st.stm32cube.ide.mcu.externaltools.gnu-tools-for-stm32.14.3.rel1.win32_1.0.100.202602081740/tools/bin/../lib/gcc/arm-none-eabi/14.3.1/../../../../arm-none-eabi/lib/thumb/v7-m/nofp/crt0.o (memset)
F:/Program Files/STM32CubeIDE_2.1.1/STM32CubeIDE/plugins/com.st.stm32cube.ide.mcu.externaltools.gnu-tools-for-stm32.14.3.rel1.win32_1.0.100.202602081740/tools/bin/../lib/gcc/arm-none-eabi/14.3.1/../../../../arm-none-eabi/lib/thumb/v7-m/nofp\libc_nano.a(libc_a-strcat.o)
                              ./Components/System/general.o (strcat)
[...]
Memory Configuration

Name             Origin             Length             Attributes
RAM              0x20000000         0x00005000         xrw
FLASH            0x08000000         0x00010000         xr
*default*        0x00000000         0xffffffff

Linker script and memory map

LOAD F:/Program Files/STM32CubeIDE_2.1.1/STM32CubeIDE/plugins/com.st.stm32cube.ide.mcu.externaltools.gnu-tools-for-stm32.14.3.rel1.win32_1.0.100.202602081740/tools/bin/../lib/gcc/arm-none-eabi/14.3.1/thumb/v7-m/nofp/crti.o
LOAD F:/Program Files/STM32CubeIDE_2.1.1/STM32CubeIDE/plugins/com.st.stm32cube.ide.mcu.externaltools.gnu-tools-for-stm32.14.3.rel1.win32_1.0.100.202602081740/tools/bin/../lib/gcc/arm-none-eabi/14.3.1/thumb/v7-m/nofp/crtbegin.o
LOAD F:/Program Files/STM32CubeIDE_2.1.1/STM32CubeIDE/plugins/com.st.stm32cube.ide.mcu.externaltools.gnu-tools-for-stm32.14.3.rel1.win32_1.0.100.202602081740/tools/bin/../lib/gcc/arm-none-eabi/14.3.1/../../../../arm-none-eabi/lib/thumb/v7-m/nofp/crt0.o
LOAD ./Components/Hardware/btns.o
LOAD ./Components/Hardware/buzzer.o
LOAD ./Components/Hardware/led.o
LOAD ./Components/Sensors/dust.o
LOAD ./Components/Sensors/sd.o
LOAD ./Components/Sensors/sht30.o
LOAD ./Components/System/fatfs_sd.o
LOAD ./Components/System/general.o
LOAD ./Components/System/wifi.o
LOAD ./Components/UI/oled.o
LOAD ./Components/UI/oledGUI.o
LOAD ./Core/Src/main.o
LOAD ./Core/Src/stm32f1xx_hal_msp.o
LOAD ./Core/Src/stm32f1xx_it.o
LOAD ./Core/Src/syscalls.o
LOAD ./Core/Src/sysmem.o
LOAD ./Core/Src/system_stm32f1xx.o
LOAD ./Core/Startup/startup_stm32f103c8tx.o
LOAD ./Drivers/Middlewares/OLED/fonts.o
LOAD ./Drivers/Middlewares/OLED/i2c_oled.o
LOAD ./Drivers/STM32F1xx_HAL_Driver/Src/stm32f1xx_hal.o
LOAD ./Drivers/STM32F1xx_HAL_Driver/Src/stm32f1xx_hal_adc.o
LOAD ./Drivers/STM32F1xx_HAL_Driver/Src/stm32f1xx_hal_adc_ex.o
LOAD ./Drivers/STM32F1xx_HAL_Driver/Src/stm32f1xx_hal_cortex.o
LOAD ./Drivers/STM32F1xx_HAL_Driver/Src/stm32f1xx_hal_dma.o
LOAD ./Drivers/STM32F1xx_HAL_Driver/Src/stm32f1xx_hal_exti.o
LOAD ./Drivers/STM32F1xx_HAL_Driver/Src/stm32f1xx_hal_flash.o
LOAD ./Drivers/STM32F1xx_HAL_Driver/Src/stm32f1xx_hal_flash_ex.o
LOAD ./Drivers/STM32F1xx_HAL_Driver/Src/stm32f1xx_hal_gpio.o
LOAD ./Drivers/STM32F1xx_HAL_Driver/Src/stm32f1xx_hal_gpio_ex.o
LOAD ./Drivers/STM32F1xx_HAL_Driver/Src/stm32f1xx_hal_i2c.o
LOAD ./Drivers/STM32F1xx_HAL_Driver/Src/stm32f1xx_hal_iwdg.o
LOAD ./Drivers/STM32F1xx_HAL_Driver/Src/stm32f1xx_hal_pwr.o
LOAD ./Drivers/STM32F1xx_HAL_Driver/Src/stm32f1xx_hal_rcc.o
LOAD ./Drivers/STM32F1xx_HAL_Driver/Src/stm32f1xx_hal_rcc_ex.o
LOAD ./Drivers/STM32F1xx_HAL_Driver/Src/stm32f1xx_hal_spi.o
LOAD ./Drivers/STM32F1xx_HAL_Driver/Src/stm32f1xx_hal_tim.o
LOAD ./Drivers/STM32F1xx_HAL_Driver/Src/stm32f1xx_hal_tim_ex.o
LOAD ./Drivers/STM32F1xx_HAL_Driver/Src/stm32f1xx_hal_uart.o
LOAD ./FATFS/App/fatfs.o
LOAD ./FATFS/Target/user_diskio.o
LOAD ./Middlewares/Third_Party/FatFs/src/diskio.o
LOAD ./Middlewares/Third_Party/FatFs/src/ff.o
LOAD ./Middlewares/Third_Party/FatFs/src/ff_gen_drv.o
LOAD ./Middlewares/Third_Party/FatFs/src/option/syscall.o
START GROUP
LOAD F:/Program Files/STM32CubeIDE_2.1.1/STM32CubeIDE/plugins/com.st.stm32cube.ide.mcu.externaltools.gnu-tools-for-stm32.14.3.rel1.win32_1.0.100.202602081740/tools/bin/../lib/gcc/arm-none-eabi/14.3.1/../../../../arm-none-eabi/lib/thumb/v7-m/nofp\libc_nano.a
LOAD F:/Program Files/STM32CubeIDE_2.1.1/STM32CubeIDE/plugins/com.st.stm32cube.ide.mcu.externaltools.gnu-tools-for-stm32.14.3.rel1.win32_1.0.100.202602081740/tools/bin/../lib/gcc/arm-none-eabi/14.3.1/../../../../arm-none-eabi/lib/thumb/v7-m/nofp\libm.a
END GROUP
START GROUP
LOAD F:/Program Files/STM32CubeIDE_2.1.1/STM32CubeIDE/plugins/com.st.stm32cube.ide.mcu.externaltools.gnu-tools-for-stm32.14.3.rel1.win32_1.0.100.202602081740/tools/bin/../lib/gcc/arm-none-eabi/14.3.1/thumb/v7-m/nofp\libgcc.a
LOAD F:/Program Files/STM32CubeIDE_2.1.1/STM32CubeIDE/plugins/com.st.stm32cube.ide.mcu.externaltools.gnu-tools-for-stm32.14.3.rel1.win32_1.0.100.202602081740/tools/bin/../lib/gcc/arm-none-eabi/14.3.1/../../../../arm-none-eabi/lib/thumb/v7-m/nofp\libc_nano.a
END GROUP
START GROUP
LOAD F:/Program Files/STM32CubeIDE_2.1.1/STM32CubeIDE/plugins/com.st.stm32cube.ide.mcu.externaltools.gnu-tools-for-stm32.14.3.rel1.win32_1.0.100.202602081740/tools/bin/../lib/gcc/arm-none-eabi/14.3.1/thumb/v7-m/nofp\libgcc.a
LOAD F:/Program Files/STM32CubeIDE_2.1.1/STM32CubeIDE/plugins/com.st.stm32cube.ide.mcu.externaltools.gnu-tools-for-stm32.14.3.rel1.win32_1.0.100.202602081740/tools/bin/../lib/gcc/arm-none-eabi/14.3.1/../../../../arm-none-eabi/lib/thumb/v7-m/nofp\libc_nano.a
LOAD F:/Program Files/STM32CubeIDE_2.1.1/STM32CubeIDE/plugins/com.st.stm32cube.ide.mcu.externaltools.gnu-tools-for-stm32.14.3.rel1.win32_1.0.100.202602081740/tools/bin/../lib/gcc/arm-none-eabi/14.3.1/../../../../arm-none-eabi/lib/thumb/v7-m/nofp\libnosys.a
END GROUP
START GROUP
LOAD F:/Program Files/STM32CubeIDE_2.1.1/STM32CubeIDE/plugins/com.st.stm32cube.ide.mcu.externaltools.gnu-tools-for-stm32.14.3.rel1.win32_1.0.100.202602081740/tools/bin/../lib/gcc/arm-none-eabi/14.3.1/thumb/v7-m/nofp\libgcc.a
LOAD F:/Program Files/STM32CubeIDE_2.1.1/STM32CubeIDE/plugins/com.st.stm32cube.ide.mcu.externaltools.gnu-tools-for-stm32.14.3.rel1.win32_1.0.100.202602081740/tools/bin/../lib/gcc/arm-none-eabi/14.3.1/../../../../arm-none-eabi/lib/thumb/v7-m/nofp\libc_nano.a
LOAD F:/Program Files/STM32CubeIDE_2.1.1/STM32CubeIDE/plugins/com.st.stm32cube.ide.mcu.externaltools.gnu-tools-for-stm32.14.3.rel1.win32_1.0.100.202602081740/tools/bin/../lib/gcc/arm-none-eabi/14.3.1/../../../../arm-none-eabi/lib/thumb/v7-m/nofp\libnosys.a
END GROUP
LOAD F:/Program Files/STM32CubeIDE_2.1.1/STM32CubeIDE/plugins/com.st.stm32cube.ide.mcu.externaltools.gnu-tools-for-stm32.14.3.rel1.win32_1.0.100.202602081740/tools/bin/../lib/gcc/arm-none-eabi/14.3.1/thumb/v7-m/nofp/crtend.o
LOAD F:/Program Files/STM32CubeIDE_2.1.1/STM32CubeIDE/plugins/com.st.stm32cube.ide.mcu.externaltools.gnu-tools-for-stm32.14.3.rel1.win32_1.0.100.202602081740/tools/bin/../lib/gcc/arm-none-eabi/14.3.1/thumb/v7-m/nofp/crtn.o
                0x20005000                        _estack = (ORIGIN (RAM) + LENGTH (RAM))
                0x00000200                        _Min_Heap_Size = 0x200
                0x00000400                        _Min_Stack_Size = 0x400

.isr_vector     0x08000000      0x10c
                0x08000000                        . = ALIGN (0x4)
 *(.isr_vector)
 .isr_vector    0x08000000      0x10c ./Core/Startup/startup_stm32f103c8tx.o
                0x08000000                g_pfnVectors
                0x0800010c                        . = ALIGN (0x4)

.text           0x08000110     0xc648
                0x08000110                        . = ALIGN (0x4)
 *(.text)
 .text          0x08000110       0x40 F:/Program Files/STM32CubeIDE_2.1.1/STM32CubeIDE/plugins/com.st.stm32cube.ide.mcu.externaltools.gnu-tools-for-stm32.14.3.rel1.win32_1.0.100.202602081740/tools/bin/../lib/gcc/arm-none-eabi/14.3.1/thumb/v7-m/nofp/crtbegin.o
 .text          0x08000150       0x10 F:/Program Files/STM32CubeIDE_2.1.1/STM32CubeIDE/plugins/com.st.stm32cube.ide.mcu.externaltools.gnu-tools-for-stm32.14.3.rel1.win32_1.0.100.202602081740/tools/bin/../lib/gcc/arm-none-eabi/14.3.1/../../../../arm-none-eabi/lib/thumb/v7-m/nofp\libc_nano.a(libc_a-strlen.o)
                0x08000150                strlen
 .text          0x08000160      0x378 F:/Program Files/STM32CubeIDE_2.1.1/STM32CubeIDE/plugins/com.st.stm32cube.ide.mcu.externaltools.gnu-tools-for-stm32.14.3.rel1.win32_1.0.100.202602081740/tools/bin/../lib/gcc/arm-none-eabi/14.3.1/thumb/v7-m/nofp\libgcc.a(_arm_addsubdf3.o)
                0x08000160                __aeabi_drsub
                0x08000168                __aeabi_dsub
                0x08000168                __subdf3
                0x0800016c                __aeabi_dadd
                0x0800016c                __adddf3
                0x080003e4                __floatunsidf
                0x080003e4                __aeabi_ui2d
                0x08000404                __floatsidf
                0x08000404                __aeabi_i2d
                0x08000428                __aeabi_f2d
                0x08000428                __extendsfdf2
                0x0800046c                __floatundidf
                0x0800046c                __aeabi_ul2d
                0x0800047c                __floatdidf
                0x0800047c                __aeabi_l2d
 .text          0x080004d8      0x424 F:/Program Files/STM32CubeIDE_2.1.1/STM32CubeIDE/plugins/com.st.stm32cube.ide.mcu.externaltools.gnu-tools-for-stm32.14.3.rel1.win32_1.0.100.202602081740/tools/bin/../lib/gcc/arm-none-eabi/14.3.1/thumb/v7-m/nofp\libgcc.a(_arm_muldivdf3.o)
                0x080004d8                __aeabi_dmul
                0x080004d8                __muldf3
                0x0800072c                __divdf3
                0x0800072c                __aeabi_ddiv
 .text          0x080008fc      0x110 F:/Program Files/STM32CubeIDE_2.1.1/STM32CubeIDE/plugins/com.st.stm32cube.ide.mcu.externaltools.gnu-tools-for-stm32.14.3.rel1.win32_1.0.100.202602081740/tools/bin/../lib/gcc/arm-none-eabi/14.3.1/thumb/v7-m/nofp\libgcc.a(_arm_cmpdf2.o)
                0x080008fc                __gtdf2
                0x080008fc                __gedf2
                0x08000904                __ltdf2
                0x08000904                __ledf2
                0x0800090c                __nedf2
                0x0800090c                __eqdf2
                0x0800090c                __cmpdf2
                0x08000988                __aeabi_cdrcmple
                0x08000998                __aeabi_cdcmpeq
                0x08000998                __aeabi_cdcmple
                0x080009a8                __aeabi_dcmpeq
                0x080009bc                __aeabi_dcmplt
                0x080009d0                __aeabi_dcmple
                0x080009e4                __aeabi_dcmpge
                0x080009f8                __aeabi_dcmpgt
 .text          0x08000a0c       0x2c F:/Program Files/STM32CubeIDE_2.1.1/STM32CubeIDE/plugins/com.st.stm32cube.ide.mcu.externaltools.gnu-tools-for-stm32.14.3.rel1.win32_1.0.100.202602081740/tools/bin/../lib/gcc/arm-none-eabi/14.3.1/thumb/v7-m/nofp\libgcc.a(_arm_unorddf2.o)
                0x08000a0c                __unorddf2
                0x08000a0c                __aeabi_dcmpun
 .text          0x08000a38       0x50 F:/Program Files/STM32CubeIDE_2.1.1/STM32CubeIDE/plugins/com.st.stm32cube.ide.mcu.externaltools.gnu-tools-for-stm32.14.3.rel1.win32_1.0.100.202602081740/tools/bin/../lib/gcc/arm-none-eabi/14.3.1/thumb/v7-m/nofp\libgcc.a(_arm_fixdfsi.o)
                0x08000a38                __aeabi_d2iz
                0x08000a38                __fixdfsi
 .text          0x08000a88      0x21c F:/Program Files/STM32CubeIDE_2.1.1/STM32CubeIDE/plugins/com.st.stm32cube.ide.mcu.externaltools.gnu-tools-for-stm32.14.3.rel1.win32_1.0.100.202602081740/tools/bin/../lib/gcc/arm-none-eabi/14.3.1/thumb/v7-m/nofp\libgcc.a(_arm_addsubsf3.o)
                0x08000a88                __aeabi_frsub
                0x08000a90                __subsf3
                0x08000a90                __aeabi_fsub
                0x08000a94                __aeabi_fadd
                0x08000a94                __addsf3
                0x08000bf4                __aeabi_ui2f
                0x08000bf4                __floatunsisf
                0x08000bfc                __aeabi_i2f
                0x08000bfc                __floatsisf
                0x08000c18                __aeabi_ul2f
                0x08000c18                __floatundisf
                0x08000c28                __aeabi_l2f
                0x08000c28                __floatdisf
 .text          0x08000ca4      0x2a0 F:/Program Files/STM32CubeIDE_2.1.1/STM32CubeIDE/plugins/com.st.stm32cube.ide.mcu.externaltools.gnu-tools-for-stm32.14.3.rel1.win32_1.0.100.202602081740/tools/bin/../lib/gcc/arm-none-eabi/14.3.1/thumb/v7-m/nofp\libgcc.a(_arm_muldivsf3.o)
                0x08000ca4                __mulsf3
                0x08000ca4                __aeabi_fmul
                0x08000e0c                __aeabi_fdiv
                0x08000e0c                __divsf3
 .text          0x08000f44       0xec F:/Program Files/STM32CubeIDE_2.1.1/STM32CubeIDE/plugins/com.st.stm32cube.ide.mcu.externaltools.gnu-tools-for-stm32.14.3.rel1.win32_1.0.100.202602081740/tools/bin/../lib/gcc/arm-none-eabi/14.3.1/thumb/v7-m/nofp\libgcc.a(_arm_cmpsf2.o)
                0x08000f44                __gesf2
                0x08000f44                __gtsf2
                0x08000f4c                __lesf2
                0x08000f4c                __ltsf2
                0x08000f54                __nesf2
                0x08000f54                __eqsf2
                0x08000f54                __cmpsf2
                0x08000fb4                __aeabi_cfrcmple
                0x08000fbc                __aeabi_cfcmpeq
                0x08000fbc                __aeabi_cfcmple
                0x08000fcc                __aeabi_fcmpeq
                0x08000fe0                __aeabi_fcmplt
                0x08000ff4                __aeabi_fcmple
                0x08001008                __aeabi_fcmpge
                0x0800101c                __aeabi_fcmpgt
 .text          0x08001030       0x4c F:/Program Files/STM32CubeIDE_2.1.1/STM32CubeIDE/plugins/com.st.stm32cube.ide.mcu.externaltools.gnu-tools-for-stm32.14.3.rel1.win32_1.0.100.202602081740/tools/bin/../lib/gcc/arm-none-eabi/14.3.1/thumb/v7-m/nofp\libgcc.a(_arm_fixsfsi.o)
                0x08001030                __aeabi_f2iz
                0x08001030                __fixsfsi
 *(.text*)
 .text.BTNS_Update
                0x0800107c       0x8c ./Components/Hardware/btns.o
                0x0800107c                BTNS_Update
 .text.BTNS_Get_OLEDPage
                0x08001108       0x10 ./Components/Hardware/btns.o
                0x08001108                BTNS_Get_OLEDPage
 .text.Buzzer_PlayTone
                0x08001118       0x4c ./Components/Hardware/buzzer.o
                0x08001118                Buzzer_PlayTone
 .text.Buzzer_BootSound
                0x08001164       0x28 ./Components/Hardware/buzzer.o
                0x08001164                Buzzer_BootSound
 .text.Buzzer_WifiConnected
                0x0800118c       0x2c ./Components/Hardware/buzzer.o
                0x0800118c                Buzzer_WifiConnected
 .text.Buzzer_WifiDisconnected
                0x080011b8       0x1a ./Components/Hardware/buzzer.o
                0x080011b8                Buzzer_WifiDisconnected
 .text.Buzzer_LongPressAck
                0x080011d2        0xa ./Components/Hardware/buzzer.o
                0x080011d2                Buzzer_LongPressAck
 .text.Buzzer_FormatSuccess
                0x080011dc        0xa ./Components/Hardware/buzzer.o
                0x080011dc                Buzzer_FormatSuccess
 .text.Buzzer_FormatFail
                0x080011e6        0xc ./Components/Hardware/buzzer.o
                0x080011e6                Buzzer_FormatFail
 .text.Buzzer_SD_Inserted
                0x080011f2        0xa ./Components/Hardware/buzzer.o
                0x080011f2                Buzzer_SD_Inserted
 .text.Buzzer_SD_Removed
                0x080011fc       0x2c ./Components/Hardware/buzzer.o
                0x080011fc                Buzzer_SD_Removed
 .text.LED_Init
                0x08001228       0x30 ./Components/Hardware/led.o
                0x08001228                LED_Init
 .text.LED_Boot
                0x08001258       0x74 ./Components/Hardware/led.o
                0x08001258                LED_Boot
 .text.LED_WifiConnected
                0x080012cc       0x2c ./Components/Hardware/led.o
                0x080012cc                LED_WifiConnected
 .text.LED_WifiDisconnected
                0x080012f8       0x4c ./Components/Hardware/led.o
                0x080012f8                LED_WifiDisconnected
 .text.LED_ProcessReconnecting
                0x08001344       0x88 ./Components/Hardware/led.o
                0x08001344                LED_ProcessReconnecting
 .text.LED_Off  0x080013cc        0x4 ./Components/Hardware/led.o
                0x080013cc                LED_Off
 .text.LED_UploadSuccess
                0x080013d0       0x28 ./Components/Hardware/led.o
                0x080013d0                LED_UploadSuccess
 .text.LED_UploadFail
                0x080013f8       0x28 ./Components/Hardware/led.o
                0x080013f8                LED_UploadFail
 .text.LED_HardwareError
                0x08001420       0x34 ./Components/Hardware/led.o
                0x08001420                LED_HardwareError
 .text.LED_FormatSuccess
                0x08001454       0x5c ./Components/Hardware/led.o
                0x08001454                LED_FormatSuccess
 .text.LED_FormatFail
                0x080014b0       0x50 ./Components/Hardware/led.o
                0x080014b0                LED_FormatFail
 .text.initDustSensor
                0x08001500        0xc ./Components/Sensors/dust.o
                0x08001500                initDustSensor
 .text.readDust
                0x0800150c      0x10c ./Components/Sensors/dust.o
                0x0800150c                readDust
 .text.SD_Init  0x08001618       0xec ./Components/Sensors/sd.o
                0x08001618                SD_Init
 .text.SD_LogData
                0x08001704      0x104 ./Components/Sensors/sd.o
                0x08001704                SD_LogData
 .text.SD_Format
                0x08001808       0x78 ./Components/Sensors/sd.o
                0x08001808                SD_Format
 .text.SD_IsReady
                0x08001880        0xc ./Components/Sensors/sd.o
                0x08001880                SD_IsReady
 .text.SD_GetLogStats
                0x0800188c       0x1c ./Components/Sensors/sd.o
                0x0800188c                SD_GetLogStats
 .text.SHT30_Init
                0x080018a8       0x14 ./Components/Sensors/sht30.o
                0x080018a8                SHT30_Init
 .text.SHT30_Read
                0x080018bc       0xa4 ./Components/Sensors/sht30.o
                0x080018bc                SHT30_Read
 .text.SD_Select
                0x08001960       0x10 ./Components/System/fatfs_sd.o
 .text.SPI_RxByte
                0x08001970       0x28 ./Components/System/fatfs_sd.o
 .text.SD_WaitReady
                0x08001998       0x20 ./Components/System/fatfs_sd.o
 .text.SD_Deselect
                0x080019b8       0x18 ./Components/System/fatfs_sd.o
 .text.SPI_TxByte
                0x080019d0       0x1c ./Components/System/fatfs_sd.o
 .text.SD_SendCmd
                0x080019ec       0x5c ./Components/System/fatfs_sd.o
 .text.FATFS_SD_Init
                0x08001a48      0x140 ./Components/System/fatfs_sd.o
                0x08001a48                FATFS_SD_Init
 .text.FATFS_SD_Status
                0x08001b88        0xc ./Components/System/fatfs_sd.o
                0x08001b88                FATFS_SD_Status
 .text.FATFS_SD_Read
                0x08001b94       0x88 ./Components/System/fatfs_sd.o
                0x08001b94                FATFS_SD_Read
 .text.FATFS_SD_Write
                0x08001c1c       0x7c ./Components/System/fatfs_sd.o
                0x08001c1c                FATFS_SD_Write
 .text.FATFS_SD_Ioctl
                0x08001c98       0xf8 ./Components/System/fatfs_sd.o
                0x08001c98                FATFS_SD_Ioctl
 .text.Scan_I2C_Bus
                0x08001d90       0x54 ./Components/System/general.o
                0x08001d90                Scan_I2C_Bus
 .text.Network_Connect_Routine
                0x08001de4      0x198 ./Components/System/general.o
                0x08001de4                Network_Connect_Routine
 .text.General_Init
                0x08001f7c      0x1f8 ./Components/System/general.o
                0x08001f7c                General_Init
 .text.General_Run
                0x08002174      0x480 ./Components/System/general.o
                0x08002174                General_Run
 .text.WIFI_SendCommand
                0x080025f4       0x3c ./Components/System/wifi.o
                0x080025f4                WIFI_SendCommand
 .text.WIFI_WaitForResponse
                0x08002630       0x88 ./Components/System/wifi.o
                0x08002630                WIFI_WaitForResponse
 .text.WIFI_Init
                0x080026b8       0xb0 ./Components/System/wifi.o
                0x080026b8                WIFI_Init
 .text.WIFI_Connect
                0x08002768       0xa8 ./Components/System/wifi.o
                0x08002768                WIFI_Connect
 .text.WIFI_Disconnect
                0x08002810       0x20 ./Components/System/wifi.o
                0x08002810                WIFI_Disconnect
 .text.WIFI_GetIP
                0x08002830       0x5c ./Components/System/wifi.o
                0x08002830                WIFI_GetIP
 .text.WIFI_StartUDP
                0x0800288c       0x2c ./Components/System/wifi.o
                0x0800288c                WIFI_StartUDP
 .text.WIFI_SendUDPData
                0x080028b8       0x54 ./Components/System/wifi.o
                0x080028b8                WIFI_SendUDPData
 .text.WIFI_IsConnected
                0x0800290c       0x30 ./Components/System/wifi.o
                0x0800290c                WIFI_IsConnected
 .text.OLED_Init
                0x0800293c       0x18 ./Components/UI/oled.o
                0x0800293c                OLED_Init
 .text.OLED_Clear
                0x08002954        0x6 ./Components/UI/oled.o
                0x08002954                OLED_Clear
 *fill*         0x0800295a        0x2 
 .text.OLED_Print
                0x0800295c       0x1c ./Components/UI/oled.o
                0x0800295c                OLED_Print
 .text.OLED_Update
                0x08002978       0x98 ./Components/UI/oled.o
                0x08002978                OLED_Update
 .text.OLED_ClearArea
                0x08002a10        0xe ./Components/UI/oled.o
                0x08002a10                OLED_ClearArea
 .text.OLED_DrawBitmap
                0x08002a1e       0x62 ./Components/UI/oled.o
                0x08002a1e                OLED_DrawBitmap
 .text.OLED_GUI_DrawSensorPage
                0x08002a80       0xb8 ./Components/UI/oledGUI.o
                0x08002a80                OLED_GUI_DrawSensorPage
 .text.render_wifi_page
                0x08002b38       0xe4 ./Components/UI/oledGUI.o
                0x08002b38                render_wifi_page
 .text.OLED_GUI_DrawDustDebugPage
                0x08002c1c       0x8c ./Components/UI/oledGUI.o
                0x08002c1c                OLED_GUI_DrawDustDebugPage
 .text.OLED_GUI_DrawWeatherPage
                0x08002ca8       0x64 ./Components/UI/oledGUI.o
                0x08002ca8                OLED_GUI_DrawWeatherPage
 .text.OLED_GUI_DrawDiagnosticsPage
                0x08002d0c       0x94 ./Components/UI/oledGUI.o
                0x08002d0c                OLED_GUI_DrawDiagnosticsPage
 .text.OLED_GUI_DrawLogPage
                0x08002da0       0x8c ./Components/UI/oledGUI.o
                0x08002da0                OLED_GUI_DrawLogPage
 .text.SystemClock_Config
                0x08002e2c       0x82 ./Core/Src/main.o
                0x08002e2c                SystemClock_Config
 *fill*         0x08002eae        0x2 
 .text.startup.main
                0x08002eb0      0x394 ./Core/Src/main.o
                0x08002eb0                main
 .text.Error_Handler
                0x08003244        0x4 ./Core/Src/main.o
                0x08003244                Error_Handler
 .text.HAL_MspInit
                0x08003248       0x44 ./Core/Src/stm32f1xx_hal_msp.o
                0x08003248                HAL_MspInit
 .text.HAL_ADC_MspInit
                0x0800328c       0x94 ./Core/Src/stm32f1xx_hal_msp.o
                0x0800328c                HAL_ADC_MspInit
 .text.HAL_I2C_MspInit
                0x08003320      0x100 ./Core/Src/stm32f1xx_hal_msp.o
                0x08003320                HAL_I2C_MspInit
 .text.HAL_I2C_MspDeInit
                0x08003420       0x78 ./Core/Src/stm32f1xx_hal_msp.o
                0x08003420                HAL_I2C_MspDeInit
 .text.HAL_SPI_MspInit
                0x08003498       0x74 ./Core/Src/stm32f1xx_hal_msp.o
                0x08003498                HAL_SPI_MspInit
 .text.HAL_TIM_Base_MspInit
                0x0800350c       0x48 ./Core/Src/stm32f1xx_hal_msp.o
                0x0800350c                HAL_TIM_Base_MspInit
 .text.HAL_TIM_MspPostInit
                0x08003554       0x50 ./Core/Src/stm32f1xx_hal_msp.o
                0x08003554                HAL_TIM_MspPostInit
 .text.HAL_UART_MspInit
                0x080035a4       0xb4 ./Core/Src/stm32f1xx_hal_msp.o
                0x080035a4                HAL_UART_MspInit
 .text.NMI_Handler
                0x08003658        0x2 ./Core/Src/stm32f1xx_it.o
                0x08003658                NMI_Handler
 .text.HardFault_Handler
                0x0800365a        0x2 ./Core/Src/stm32f1xx_it.o
                0x0800365a                HardFault_Handler
 .text.MemManage_Handler
                0x0800365c        0x2 ./Core/Src/stm32f1xx_it.o
                0x0800365c                MemManage_Handler
 .text.BusFault_Handler
                0x0800365e        0x2 ./Core/Src/stm32f1xx_it.o
                0x0800365e                BusFault_Handler
 .text.UsageFault_Handler
                0x08003660        0x2 ./Core/Src/stm32f1xx_it.o
                0x08003660                UsageFault_Handler
 .text.SVC_Handler
                0x08003662        0x2 ./Core/Src/stm32f1xx_it.o
                0x08003662                SVC_Handler
 .text.DebugMon_Handler
                0x08003664        0x2 ./Core/Src/stm32f1xx_it.o
                0x08003664                DebugMon_Handler
 .text.PendSV_Handler
                0x08003666        0x2 ./Core/Src/stm32f1xx_it.o
                0x08003666                PendSV_Handler
 .text.SysTick_Handler
                0x08003668        0x4 ./Core/Src/stm32f1xx_it.o
                0x08003668                SysTick_Handler
 .text.DMA1_Channel1_IRQHandler
                0x0800366c        0xc ./Core/Src/stm32f1xx_it.o
                0x0800366c                DMA1_Channel1_IRQHandler
 .text.DMA1_Channel4_IRQHandler
                0x08003678        0xc ./Core/Src/stm32f1xx_it.o
                0x08003678                DMA1_Channel4_IRQHandler
 .text.DMA1_Channel7_IRQHandler
                0x08003684        0xc ./Core/Src/stm32f1xx_it.o
                0x08003684                DMA1_Channel7_IRQHandler
 .text.I2C2_EV_IRQHandler
                0x08003690        0xc ./Core/Src/stm32f1xx_it.o
                0x08003690                I2C2_EV_IRQHandler
 .text.I2C2_ER_IRQHandler
                0x0800369c        0xc ./Core/Src/stm32f1xx_it.o
                0x0800369c                I2C2_ER_IRQHandler
 .text.USART2_IRQHandler
                0x080036a8        0xc ./Core/Src/stm32f1xx_it.o
                0x080036a8                USART2_IRQHandler
 .text._getpid  0x080036b4        0x4 ./Core/Src/syscalls.o
                0x080036b4                _getpid
 .text._kill    0x080036b8       0x10 ./Core/Src/syscalls.o
                0x080036b8                _kill
 .text._exit    0x080036c8        0xc ./Core/Src/syscalls.o
                0x080036c8                _exit
 .text._read    0x080036d4       0x1c ./Core/Src/syscalls.o
                0x080036d4                _read
 .text._write   0x080036f0       0x1c ./Core/Src/syscalls.o
                0x080036f0                _write
 .text._close   0x0800370c        0x6 ./Core/Src/syscalls.o
                0x0800370c                _close
 .text._fstat   0x08003712        0xa ./Core/Src/syscalls.o
                0x08003712                _fstat
 .text._isatty  0x0800371c        0x4 ./Core/Src/syscalls.o
                0x0800371c                _isatty
 .text._lseek   0x08003720        0x4 ./Core/Src/syscalls.o
                0x08003720                _lseek
 .text._sbrk    0x08003724       0x3c ./Core/Src/sysmem.o
                0x08003724                _sbrk
 .text.SystemInit
                0x08003760        0x2 ./Core/Src/system_stm32f1xx.o
                0x08003760                SystemInit
 *fill*         0x08003762        0x2 
 .text.Reset_Handler
                0x08003764       0x48 ./Core/Startup/startup_stm32f103c8tx.o
                0x08003764                Reset_Handler
 .text.Default_Handler
                0x080037ac        0x2 ./Core/Startup/startup_stm32f103c8tx.o
                0x080037ac                RTC_Alarm_IRQHandler
                0x080037ac                EXTI2_IRQHandler
                0x080037ac                TIM1_CC_IRQHandler
                0x080037ac                PVD_IRQHandler
                0x080037ac                EXTI3_IRQHandler
                0x080037ac                EXTI0_IRQHandler
                0x080037ac                ADC1_2_IRQHandler
                0x080037ac                SPI1_IRQHandler
                0x080037ac                TAMPER_IRQHandler
                0x080037ac                USART3_IRQHandler
                0x080037ac                RTC_IRQHandler
                0x080037ac                CAN1_RX1_IRQHandler
                0x080037ac                TIM4_IRQHandler
                0x080037ac                I2C1_EV_IRQHandler
                0x080037ac                DMA1_Channel6_IRQHandler
                0x080037ac                TIM3_IRQHandler
                0x080037ac                RCC_IRQHandler
                0x080037ac                TIM1_TRG_COM_IRQHandler
                0x080037ac                Default_Handler
                0x080037ac                EXTI15_10_IRQHandler
                0x080037ac                EXTI9_5_IRQHandler
                0x080037ac                SPI2_IRQHandler
                0x080037ac                DMA1_Channel5_IRQHandler
                0x080037ac                EXTI4_IRQHandler
                0x080037ac                USB_LP_CAN1_RX0_IRQHandler
                0x080037ac                USB_HP_CAN1_TX_IRQHandler
                0x080037ac                DMA1_Channel3_IRQHandler
                0x080037ac                TIM1_UP_IRQHandler
                0x080037ac                WWDG_IRQHandler
                0x080037ac                TIM2_IRQHandler
                0x080037ac                TIM1_BRK_IRQHandler
                0x080037ac                EXTI1_IRQHandler
                0x080037ac                DMA1_Channel2_IRQHandler
                0x080037ac                CAN1_SCE_IRQHandler
                0x080037ac                FLASH_IRQHandler
                0x080037ac                USART1_IRQHandler
                0x080037ac                I2C1_ER_IRQHandler
                0x080037ac                USBWakeUp_IRQHandler
 *fill*         0x080037ae        0x2 
 .text.I2C_OLED_Fill
                0x080037b0       0x18 ./Drivers/Middlewares/OLED/i2c_oled.o
                0x080037b0                I2C_OLED_Fill
 .text.I2C_OLED_DrawPixel
                0x080037c8       0x48 ./Drivers/Middlewares/OLED/i2c_oled.o
                0x080037c8                I2C_OLED_DrawPixel
 .text.I2C_OLED_GotoXY
                0x08003810        0xc ./Drivers/Middlewares/OLED/i2c_oled.o
                0x08003810                I2C_OLED_GotoXY
 .text.I2C_OLED_Putc
                0x0800381c       0x9c ./Drivers/Middlewares/OLED/i2c_oled.o
                0x0800381c                I2C_OLED_Putc
 .text.I2C_OLED_Puts
                0x080038b8       0x20 ./Drivers/Middlewares/OLED/i2c_oled.o
                0x080038b8                I2C_OLED_Puts
 .text.I2C_OLED_DrawLine
                0x080038d8      0x124 ./Drivers/Middlewares/OLED/i2c_oled.o
                0x080038d8                I2C_OLED_DrawLine
 .text.I2C_OLED_DrawFilledRectangle
                0x080039fc       0x62 ./Drivers/Middlewares/OLED/i2c_oled.o
                0x080039fc                I2C_OLED_DrawFilledRectangle
 *fill*         0x08003a5e        0x2 
 .text.i2c_oled_I2C_Write
                0x08003a60       0x24 ./Drivers/Middlewares/OLED/i2c_oled.o
                0x08003a60                i2c_oled_I2C_Write
 .text.I2C_OLED_UpdateScreen
                0x08003a84       0x74 ./Drivers/Middlewares/OLED/i2c_oled.o
                0x08003a84                I2C_OLED_UpdateScreen
 .text.I2C_OLED_Init
                0x08003af8      0x15c ./Drivers/Middlewares/OLED/i2c_oled.o
                0x08003af8                I2C_OLED_Init
 .text.HAL_InitTick
                0x08003c54       0x48 ./Drivers/STM32F1xx_HAL_Driver/Src/stm32f1xx_hal.o
                0x08003c54                HAL_InitTick
 .text.HAL_Init
                0x08003c9c       0x24 ./Drivers/STM32F1xx_HAL_Driver/Src/stm32f1xx_hal.o
                0x08003c9c                HAL_Init
 .text.HAL_IncTick
                0x08003cc0       0x18 ./Drivers/STM32F1xx_HAL_Driver/Src/stm32f1xx_hal.o
                0x08003cc0                HAL_IncTick
 .text.HAL_GetTick
                0x08003cd8        0xc ./Drivers/STM32F1xx_HAL_Driver/Src/stm32f1xx_hal.o
                0x08003cd8                HAL_GetTick
 .text.HAL_Delay
                0x08003ce4       0x24 ./Drivers/STM32F1xx_HAL_Driver/Src/stm32f1xx_hal.o
                0x08003ce4                HAL_Delay
 .text.HAL_ADC_PollForConversion
                0x08003d08      0x148 ./Drivers/STM32F1xx_HAL_Driver/Src/stm32f1xx_hal_adc.o
                0x08003d08                HAL_ADC_PollForConversion
 .text.HAL_ADC_GetValue
                0x08003e50        0x6 ./Drivers/STM32F1xx_HAL_Driver/Src/stm32f1xx_hal_adc.o
                0x08003e50                HAL_ADC_GetValue
 *fill*         0x08003e56        0x2 
 .text.HAL_ADC_ConfigChannel
                0x08003e58       0xfc ./Drivers/STM32F1xx_HAL_Driver/Src/stm32f1xx_hal_adc.o
                0x08003e58                HAL_ADC_ConfigChannel
 .text.ADC_Enable
                0x08003f54       0x78 ./Drivers/STM32F1xx_HAL_Driver/Src/stm32f1xx_hal_adc.o
                0x08003f54                ADC_Enable
 .text.HAL_ADC_Start
                0x08003fcc       0xc4 ./Drivers/STM32F1xx_HAL_Driver/Src/stm32f1xx_hal_adc.o
                0x08003fcc                HAL_ADC_Start
 .text.ADC_ConversionStop_Disable
                0x08004090       0x4c ./Drivers/STM32F1xx_HAL_Driver/Src/stm32f1xx_hal_adc.o
                0x08004090                ADC_ConversionStop_Disable
 .text.HAL_ADC_Init
                0x080040dc       0xfc ./Drivers/STM32F1xx_HAL_Driver/Src/stm32f1xx_hal_adc.o
                0x080040dc                HAL_ADC_Init
 .text.HAL_ADC_Stop
                0x080041d8       0x34 ./Drivers/STM32F1xx_HAL_Driver/Src/stm32f1xx_hal_adc.o
                0x080041d8                HAL_ADC_Stop
 .text.HAL_ADCEx_Calibration_Start
                0x0800420c       0xe0 ./Drivers/STM32F1xx_HAL_Driver/Src/stm32f1xx_hal_adc_ex.o
                0x0800420c                HAL_ADCEx_Calibration_Start
 .text.HAL_NVIC_SetPriorityGrouping
                0x080042ec       0x24 ./Drivers/STM32F1xx_HAL_Driver/Src/stm32f1xx_hal_cortex.o
                0x080042ec                HAL_NVIC_SetPriorityGrouping
 .text.HAL_NVIC_SetPriority
                0x08004310       0x60 ./Drivers/STM32F1xx_HAL_Driver/Src/stm32f1xx_hal_cortex.o
                0x08004310                HAL_NVIC_SetPriority
 .text.HAL_NVIC_EnableIRQ
                0x08004370       0x1c ./Drivers/STM32F1xx_HAL_Driver/Src/stm32f1xx_hal_cortex.o
                0x08004370                HAL_NVIC_EnableIRQ
 .text.HAL_NVIC_DisableIRQ
                0x0800438c       0x24 ./Drivers/STM32F1xx_HAL_Driver/Src/stm32f1xx_hal_cortex.o
                0x0800438c                HAL_NVIC_DisableIRQ
 .text.HAL_SYSTICK_Config
                0x080043b0       0x28 ./Drivers/STM32F1xx_HAL_Driver/Src/stm32f1xx_hal_cortex.o
                0x080043b0                HAL_SYSTICK_Config
 .text.HAL_DMA_Init
                0x080043d8       0x60 ./Drivers/STM32F1xx_HAL_Driver/Src/stm32f1xx_hal_dma.o
                0x080043d8                HAL_DMA_Init
 .text.HAL_DMA_DeInit
                0x08004438       0x54 ./Drivers/STM32F1xx_HAL_Driver/Src/stm32f1xx_hal_dma.o
                0x08004438                HAL_DMA_DeInit
 .text.HAL_DMA_Start_IT
                0x0800448c       0x78 ./Drivers/STM32F1xx_HAL_Driver/Src/stm32f1xx_hal_dma.o
                0x0800448c                HAL_DMA_Start_IT
 .text.HAL_DMA_Abort
                0x08004504       0x3e ./Drivers/STM32F1xx_HAL_Driver/Src/stm32f1xx_hal_dma.o
                0x08004504                HAL_DMA_Abort
 *fill*         0x08004542        0x2 
 .text.HAL_DMA_Abort_IT
                0x08004544       0x8c ./Drivers/STM32F1xx_HAL_Driver/Src/stm32f1xx_hal_dma.o
                0x08004544                HAL_DMA_Abort_IT
 .text.HAL_DMA_IRQHandler
                0x080045d0      0x128 ./Drivers/STM32F1xx_HAL_Driver/Src/stm32f1xx_hal_dma.o
                0x080045d0                HAL_DMA_IRQHandler
 .text.HAL_DMA_GetState
                0x080046f8        0x6 ./Drivers/STM32F1xx_HAL_Driver/Src/stm32f1xx_hal_dma.o
                0x080046f8                HAL_DMA_GetState
 *fill*         0x080046fe        0x2 
 .text.HAL_GPIO_Init
                0x08004700      0x1a8 ./Drivers/STM32F1xx_HAL_Driver/Src/stm32f1xx_hal_gpio.o
                0x08004700                HAL_GPIO_Init
 .text.HAL_GPIO_DeInit
                0x080048a8       0xdc ./Drivers/STM32F1xx_HAL_Driver/Src/stm32f1xx_hal_gpio.o
                0x080048a8                HAL_GPIO_DeInit
 .text.HAL_GPIO_ReadPin
                0x08004984        0xc ./Drivers/STM32F1xx_HAL_Driver/Src/stm32f1xx_hal_gpio.o
                0x08004984                HAL_GPIO_ReadPin
 .text.HAL_GPIO_WritePin
                0x08004990        0xa ./Drivers/STM32F1xx_HAL_Driver/Src/stm32f1xx_hal_gpio.o
                0x08004990                HAL_GPIO_WritePin
 .text.I2C_IsAcknowledgeFailed
                0x0800499a       0x32 ./Drivers/STM32F1xx_HAL_Driver/Src/stm32f1xx_hal_i2c.o
 .text.I2C_WaitOnFlagUntilTimeout
                0x080049cc       0x9c ./Drivers/STM32F1xx_HAL_Driver/Src/stm32f1xx_hal_i2c.o
 .text.I2C_WaitOnMasterAddressFlagUntilTimeout
                0x08004a68       0x84 ./Drivers/STM32F1xx_HAL_Driver/Src/stm32f1xx_hal_i2c.o
 .text.I2C_WaitOnTXEFlagUntilTimeout
                0x08004aec       0x54 ./Drivers/STM32F1xx_HAL_Driver/Src/stm32f1xx_hal_i2c.o
 .text.I2C_RequestMemoryWrite
                0x08004b40       0xb4 ./Drivers/STM32F1xx_HAL_Driver/Src/stm32f1xx_hal_i2c.o
 .text.I2C_WaitOnBTFFlagUntilTimeout
                0x08004bf4       0x54 ./Drivers/STM32F1xx_HAL_Driver/Src/stm32f1xx_hal_i2c.o
 .text.I2C_WaitOnRXNEFlagUntilTimeout
                0x08004c48       0x66 ./Drivers/STM32F1xx_HAL_Driver/Src/stm32f1xx_hal_i2c.o
 *fill*         0x08004cae        0x2 
 .text.HAL_I2C_Init
                0x08004cb0      0x150 ./Drivers/STM32F1xx_HAL_Driver/Src/stm32f1xx_hal_i2c.o
                0x08004cb0                HAL_I2C_Init
 .text.HAL_I2C_DeInit
                0x08004e00       0x32 ./Drivers/STM32F1xx_HAL_Driver/Src/stm32f1xx_hal_i2c.o
                0x08004e00                HAL_I2C_DeInit
 *fill*         0x08004e32        0x2 
 .text.HAL_I2C_Master_Transmit
                0x08004e34      0x1b4 ./Drivers/STM32F1xx_HAL_Driver/Src/stm32f1xx_hal_i2c.o
                0x08004e34                HAL_I2C_Master_Transmit
 .text.HAL_I2C_Master_Receive
                0x08004fe8      0x354 ./Drivers/STM32F1xx_HAL_Driver/Src/stm32f1xx_hal_i2c.o
                0x08004fe8                HAL_I2C_Master_Receive
 .text.HAL_I2C_Mem_Write_DMA
                0x0800533c      0x18c ./Drivers/STM32F1xx_HAL_Driver/Src/stm32f1xx_hal_i2c.o
                0x0800533c                HAL_I2C_Mem_Write_DMA
 .text.HAL_I2C_IsDeviceReady
                0x080054c8      0x158 ./Drivers/STM32F1xx_HAL_Driver/Src/stm32f1xx_hal_i2c.o
                0x080054c8                HAL_I2C_IsDeviceReady
 .text.HAL_I2C_MasterTxCpltCallback
                0x08005620        0x2 ./Drivers/STM32F1xx_HAL_Driver/Src/stm32f1xx_hal_i2c.o
                0x08005620                HAL_I2C_MasterTxCpltCallback
 .text.HAL_I2C_MasterRxCpltCallback
                0x08005622        0x2 ./Drivers/STM32F1xx_HAL_Driver/Src/stm32f1xx_hal_i2c.o
                0x08005622                HAL_I2C_MasterRxCpltCallback
 .text.HAL_I2C_SlaveTxCpltCallback
                0x08005624        0x2 ./Drivers/STM32F1xx_HAL_Driver/Src/stm32f1xx_hal_i2c.o
                0x08005624                HAL_I2C_SlaveTxCpltCallback
 .text.HAL_I2C_SlaveRxCpltCallback
                0x08005626        0x2 ./Drivers/STM32F1xx_HAL_Driver/Src/stm32f1xx_hal_i2c.o
                0x08005626                HAL_I2C_SlaveRxCpltCallback
 .text.HAL_I2C_AddrCallback
                0x08005628        0x2 ./Drivers/STM32F1xx_HAL_Driver/Src/stm32f1xx_hal_i2c.o
                0x08005628                HAL_I2C_AddrCallback
 .text.HAL_I2C_ListenCpltCallback
                0x0800562a        0x2 ./Drivers/STM32F1xx_HAL_Driver/Src/stm32f1xx_hal_i2c.o
                0x0800562a                HAL_I2C_ListenCpltCallback
 .text.HAL_I2C_MemTxCpltCallback
                0x0800562c        0x2 ./Drivers/STM32F1xx_HAL_Driver/Src/stm32f1xx_hal_i2c.o
                0x0800562c                HAL_I2C_MemTxCpltCallback
 .text.I2C_MemoryTransmit_TXE_BTF
                0x0800562e       0xb0 ./Drivers/STM32F1xx_HAL_Driver/Src/stm32f1xx_hal_i2c.o
 .text.HAL_I2C_MemRxCpltCallback
                0x080056de        0x2 ./Drivers/STM32F1xx_HAL_Driver/Src/stm32f1xx_hal_i2c.o
                0x080056de                HAL_I2C_MemRxCpltCallback
 .text.HAL_I2C_ErrorCallback
                0x080056e0        0x2 ./Drivers/STM32F1xx_HAL_Driver/Src/stm32f1xx_hal_i2c.o
                0x080056e0                HAL_I2C_ErrorCallback
 .text.I2C_DMAError
                0x080056e2       0x3a ./Drivers/STM32F1xx_HAL_Driver/Src/stm32f1xx_hal_i2c.o
 .text.I2C_DMAXferCplt
                0x0800571c      0x114 ./Drivers/STM32F1xx_HAL_Driver/Src/stm32f1xx_hal_i2c.o
 .text.HAL_I2C_AbortCpltCallback
                0x08005830        0x2 ./Drivers/STM32F1xx_HAL_Driver/Src/stm32f1xx_hal_i2c.o
                0x08005830                HAL_I2C_AbortCpltCallback
 *fill*         0x08005832        0x2 
 .text.I2C_DMAAbort
                0x08005834       0xc0 ./Drivers/STM32F1xx_HAL_Driver/Src/stm32f1xx_hal_i2c.o
 .text.I2C_ITError
                0x080058f4      0x150 ./Drivers/STM32F1xx_HAL_Driver/Src/stm32f1xx_hal_i2c.o
 .text.HAL_I2C_EV_IRQHandler
                0x08005a44      0x8b4 ./Drivers/STM32F1xx_HAL_Driver/Src/stm32f1xx_hal_i2c.o
                0x08005a44                HAL_I2C_EV_IRQHandler
 .text.HAL_I2C_ER_IRQHandler
                0x080062f8      0x140 ./Drivers/STM32F1xx_HAL_Driver/Src/stm32f1xx_hal_i2c.o
                0x080062f8                HAL_I2C_ER_IRQHandler
 .text.HAL_I2C_GetState
                0x08006438        0x6 ./Drivers/STM32F1xx_HAL_Driver/Src/stm32f1xx_hal_i2c.o
                0x08006438                HAL_I2C_GetState
 .text.HAL_IWDG_Init
                0x0800643e       0x52 ./Drivers/STM32F1xx_HAL_Driver/Src/stm32f1xx_hal_iwdg.o
                0x0800643e                HAL_IWDG_Init
 .text.HAL_IWDG_Refresh
                0x08006490        0xc ./Drivers/STM32F1xx_HAL_Driver/Src/stm32f1xx_hal_iwdg.o
                0x08006490                HAL_IWDG_Refresh
 .text.HAL_RCC_OscConfig
                0x0800649c      0x338 ./Drivers/STM32F1xx_HAL_Driver/Src/stm32f1xx_hal_rcc.o
                0x0800649c                HAL_RCC_OscConfig
 .text.HAL_RCC_GetSysClockFreq
                0x080067d4       0x4c ./Drivers/STM32F1xx_HAL_Driver/Src/stm32f1xx_hal_rcc.o
                0x080067d4                HAL_RCC_GetSysClockFreq
 .text.HAL_RCC_ClockConfig
                0x08006820      0x138 ./Drivers/STM32F1xx_HAL_Driver/Src/stm32f1xx_hal_rcc.o
                0x08006820                HAL_RCC_ClockConfig
 .text.HAL_RCC_GetPCLK1Freq
                0x08006958       0x20 ./Drivers/STM32F1xx_HAL_Driver/Src/stm32f1xx_hal_rcc.o
                0x08006958                HAL_RCC_GetPCLK1Freq
 .text.HAL_RCC_GetPCLK2Freq
                0x08006978       0x20 ./Drivers/STM32F1xx_HAL_Driver/Src/stm32f1xx_hal_rcc.o
                0x08006978                HAL_RCC_GetPCLK2Freq
 .text.HAL_RCCEx_PeriphCLKConfig
                0x08006998       0xf4 ./Drivers/STM32F1xx_HAL_Driver/Src/stm32f1xx_hal_rcc_ex.o
                0x08006998                HAL_RCCEx_PeriphCLKConfig
 .text.HAL_RCCEx_GetPeriphCLKFreq
                0x08006a8c       0xbc ./Drivers/STM32F1xx_HAL_Driver/Src/stm32f1xx_hal_rcc_ex.o
                0x08006a8c                HAL_RCCEx_GetPeriphCLKFreq
 .text.SPI_WaitFlagStateUntilTimeout
                0x08006b48       0xb8 ./Drivers/STM32F1xx_HAL_Driver/Src/stm32f1xx_hal_spi.o
 .text.SPI_EndRxTxTransaction
                0x08006c00       0x38 ./Drivers/STM32F1xx_HAL_Driver/Src/stm32f1xx_hal_spi.o
 .text.HAL_SPI_Init
                0x08006c38       0xb0 ./Drivers/STM32F1xx_HAL_Driver/Src/stm32f1xx_hal_spi.o
                0x08006c38                HAL_SPI_Init
 .text.HAL_SPI_Transmit
                0x08006ce8      0x160 ./Drivers/STM32F1xx_HAL_Driver/Src/stm32f1xx_hal_spi.o
                0x08006ce8                HAL_SPI_Transmit
 .text.HAL_SPI_TransmitReceive
                0x08006e48      0x1f8 ./Drivers/STM32F1xx_HAL_Driver/Src/stm32f1xx_hal_spi.o
                0x08006e48                HAL_SPI_TransmitReceive
 .text.HAL_SPI_GetState
                0x08007040        0x6 ./Drivers/STM32F1xx_HAL_Driver/Src/stm32f1xx_hal_spi.o
                0x08007040                HAL_SPI_GetState
 *fill*         0x08007046        0x2 
 .text.TIM_OC1_SetConfig
                0x08007048       0x50 ./Drivers/STM32F1xx_HAL_Driver/Src/stm32f1xx_hal_tim.o
 .text.TIM_OC3_SetConfig
                0x08007098       0x54 ./Drivers/STM32F1xx_HAL_Driver/Src/stm32f1xx_hal_tim.o
 .text.TIM_OC4_SetConfig
                0x080070ec       0x44 ./Drivers/STM32F1xx_HAL_Driver/Src/stm32f1xx_hal_tim.o
 .text.HAL_TIM_PWM_MspInit
                0x08007130        0x2 ./Drivers/STM32F1xx_HAL_Driver/Src/stm32f1xx_hal_tim.o
                0x08007130                HAL_TIM_PWM_MspInit
 *fill*         0x08007132        0x2 
 .text.TIM_Base_SetConfig
                0x08007134       0x64 ./Drivers/STM32F1xx_HAL_Driver/Src/stm32f1xx_hal_tim.o
                0x08007134                TIM_Base_SetConfig
 .text.HAL_TIM_Base_Init
                0x08007198       0x58 ./Drivers/STM32F1xx_HAL_Driver/Src/stm32f1xx_hal_tim.o
                0x08007198                HAL_TIM_Base_Init
 .text.HAL_TIM_PWM_Init
                0x080071f0       0x58 ./Drivers/STM32F1xx_HAL_Driver/Src/stm32f1xx_hal_tim.o
                0x080071f0                HAL_TIM_PWM_Init
 .text.TIM_OC2_SetConfig
                0x08007248       0x58 ./Drivers/STM32F1xx_HAL_Driver/Src/stm32f1xx_hal_tim.o
                0x08007248                TIM_OC2_SetConfig
 .text.HAL_TIM_PWM_ConfigChannel
                0x080072a0       0xb0 ./Drivers/STM32F1xx_HAL_Driver/Src/stm32f1xx_hal_tim.o
                0x080072a0                HAL_TIM_PWM_ConfigChannel
 .text.TIM_ETR_SetConfig
                0x08007350       0x14 ./Drivers/STM32F1xx_HAL_Driver/Src/stm32f1xx_hal_tim.o
                0x08007350                TIM_ETR_SetConfig
 .text.HAL_TIM_ConfigClockSource
                0x08007364      0x132 ./Drivers/STM32F1xx_HAL_Driver/Src/stm32f1xx_hal_tim.o
                0x08007364                HAL_TIM_ConfigClockSource
 .text.TIM_CCxChannelCmd
                0x08007496       0x1c ./Drivers/STM32F1xx_HAL_Driver/Src/stm32f1xx_hal_tim.o
                0x08007496                TIM_CCxChannelCmd
 *fill*         0x080074b2        0x2 
 .text.HAL_TIM_OC_Start
                0x080074b4       0x9c ./Drivers/STM32F1xx_HAL_Driver/Src/stm32f1xx_hal_tim.o
                0x080074b4                HAL_TIM_OC_Start
 .text.HAL_TIM_PWM_Start
                0x08007550        0x4 ./Drivers/STM32F1xx_HAL_Driver/Src/stm32f1xx_hal_tim.o
                0x08007550                HAL_TIM_PWM_Start
 .text.HAL_TIM_OC_Stop
                0x08007554       0x74 ./Drivers/STM32F1xx_HAL_Driver/Src/stm32f1xx_hal_tim.o
                0x08007554                HAL_TIM_OC_Stop
 .text.HAL_TIM_PWM_Stop
                0x080075c8        0x4 ./Drivers/STM32F1xx_HAL_Driver/Src/stm32f1xx_hal_tim.o
                0x080075c8                HAL_TIM_PWM_Stop
 .text.HAL_TIMEx_MasterConfigSynchronization
                0x080075cc       0x5c ./Drivers/STM32F1xx_HAL_Driver/Src/stm32f1xx_hal_tim_ex.o
                0x080075cc                HAL_TIMEx_MasterConfigSynchronization
 .text.UART_EndRxTransfer
                0x08007628       0x5c ./Drivers/STM32F1xx_HAL_Driver/Src/stm32f1xx_hal_uart.o
 .text.UART_SetConfig
                0x08007684       0x74 ./Drivers/STM32F1xx_HAL_Driver/Src/stm32f1xx_hal_uart.o
 .text.UART_WaitOnFlagUntilTimeout.constprop.0
                0x080076f8       0x64 ./Drivers/STM32F1xx_HAL_Driver/Src/stm32f1xx_hal_uart.o
 .text.HAL_UART_Init
                0x0800775c       0x5e ./Drivers/STM32F1xx_HAL_Driver/Src/stm32f1xx_hal_uart.o
                0x0800775c                HAL_UART_Init
 .text.HAL_UART_Transmit
                0x080077ba       0x9c ./Drivers/STM32F1xx_HAL_Driver/Src/stm32f1xx_hal_uart.o
                0x080077ba                HAL_UART_Transmit
 .text.HAL_UART_Receive
                0x08007856       0xae ./Drivers/STM32F1xx_HAL_Driver/Src/stm32f1xx_hal_uart.o
                0x08007856                HAL_UART_Receive
 .text.HAL_UART_Transmit_DMA
                0x08007904       0x74 ./Drivers/STM32F1xx_HAL_Driver/Src/stm32f1xx_hal_uart.o
                0x08007904                HAL_UART_Transmit_DMA
 .text.HAL_UART_TxCpltCallback
                0x08007978        0x2 ./Drivers/STM32F1xx_HAL_Driver/Src/stm32f1xx_hal_uart.o
                0x08007978                HAL_UART_TxCpltCallback
 .text.UART_DMATransmitCplt
                0x0800797a       0x4c ./Drivers/STM32F1xx_HAL_Driver/Src/stm32f1xx_hal_uart.o
 .text.HAL_UART_TxHalfCpltCallback
                0x080079c6        0x2 ./Drivers/STM32F1xx_HAL_Driver/Src/stm32f1xx_hal_uart.o
                0x080079c6                HAL_UART_TxHalfCpltCallback
 .text.UART_DMATxHalfCplt
                0x080079c8        0xa ./Drivers/STM32F1xx_HAL_Driver/Src/stm32f1xx_hal_uart.o
 .text.HAL_UART_RxCpltCallback
                0x080079d2        0x2 ./Drivers/STM32F1xx_HAL_Driver/Src/stm32f1xx_hal_uart.o
                0x080079d2                HAL_UART_RxCpltCallback
 .text.HAL_UART_ErrorCallback
                0x080079d4        0x2 ./Drivers/STM32F1xx_HAL_Driver/Src/stm32f1xx_hal_uart.o
                0x080079d4                HAL_UART_ErrorCallback
 .text.UART_DMAError
                0x080079d6       0x5a ./Drivers/STM32F1xx_HAL_Driver/Src/stm32f1xx_hal_uart.o
 .text.UART_DMAAbortOnError
                0x08007a30       0x10 ./Drivers/STM32F1xx_HAL_Driver/Src/stm32f1xx_hal_uart.o
 .text.HAL_UARTEx_RxEventCallback
                0x08007a40        0x2 ./Drivers/STM32F1xx_HAL_Driver/Src/stm32f1xx_hal_uart.o
                0x08007a40                HAL_UARTEx_RxEventCallback
 .text.UART_Receive_IT.isra.0
                0x08007a42       0xb4 ./Drivers/STM32F1xx_HAL_Driver/Src/stm32f1xx_hal_uart.o
 *fill*         0x08007af6        0x2 
 .text.HAL_UART_IRQHandler
                0x08007af8      0x294 ./Drivers/STM32F1xx_HAL_Driver/Src/stm32f1xx_hal_uart.o
                0x08007af8                HAL_UART_IRQHandler
 .text.HAL_UART_GetState
                0x08007d8c        0xc ./Drivers/STM32F1xx_HAL_Driver/Src/stm32f1xx_hal_uart.o
                0x08007d8c                HAL_UART_GetState
 .text.MX_FATFS_Init
                0x08007d98       0x1c ./FATFS/App/fatfs.o
                0x08007d98                MX_FATFS_Init
 .text.get_fattime
                0x08007db4        0x4 ./FATFS/App/fatfs.o
                0x08007db4                get_fattime
 .text.USER_initialize
                0x08007db8        0x4 ./FATFS/Target/user_diskio.o
                0x08007db8                USER_initialize
 .text.USER_status
                0x08007dbc        0x4 ./FATFS/Target/user_diskio.o
                0x08007dbc                USER_status
 .text.USER_read
                0x08007dc0        0xa ./FATFS/Target/user_diskio.o
                0x08007dc0                USER_read
 .text.USER_write
                0x08007dca        0xa ./FATFS/Target/user_diskio.o
                0x08007dca                USER_write
 .text.USER_ioctl
                0x08007dd4        0x8 ./FATFS/Target/user_diskio.o
                0x08007dd4                USER_ioctl
 .text.disk_status
                0x08007ddc       0x14 ./Middlewares/Third_Party/FatFs/src/diskio.o
                0x08007ddc                disk_status
 .text.disk_initialize
                0x08007df0       0x20 ./Middlewares/Third_Party/FatFs/src/diskio.o
                0x08007df0                disk_initialize
 .text.disk_read
                0x08007e10       0x1c ./Middlewares/Third_Party/FatFs/src/diskio.o
                0x08007e10                disk_read
 .text.disk_write
                0x08007e2c       0x1c ./Middlewares/Third_Party/FatFs/src/diskio.o
                0x08007e2c                disk_write
 .text.disk_ioctl
                0x08007e48       0x18 ./Middlewares/Third_Party/FatFs/src/diskio.o
                0x08007e48                disk_ioctl
 .text.mem_cpy  0x08007e60       0x14 ./Middlewares/Third_Party/FatFs/src/ff.o
 .text.mem_set  0x08007e74        0xe ./Middlewares/Third_Party/FatFs/src/ff.o
 *fill*         0x08007e82        0x2 
 .text.chk_lock
                0x08007e84       0x80 ./Middlewares/Third_Party/FatFs/src/ff.o
 .text.inc_lock
                0x08007f04       0x98 ./Middlewares/Third_Party/FatFs/src/ff.o
 .text.dec_lock
                0x08007f9c       0x40 ./Middlewares/Third_Party/FatFs/src/ff.o
 .text.clear_lock
                0x08007fdc       0x1c ./Middlewares/Third_Party/FatFs/src/ff.o
 .text.clmt_clust
                0x08007ff8       0x28 ./Middlewares/Third_Party/FatFs/src/ff.o
 .text.get_ldnumber
                0x08008020       0x30 ./Middlewares/Third_Party/FatFs/src/ff.o
 .text.sync_window
                0x08008050       0x58 ./Middlewares/Third_Party/FatFs/src/ff.o
 .text.validate
                0x080080a8       0x2e ./Middlewares/Third_Party/FatFs/src/ff.o
 *fill*         0x080080d6        0x2 
 .text.sync_fs  0x080080d8       0x84 ./Middlewares/Third_Party/FatFs/src/ff.o
 .text.move_window
                0x0800815c       0x34 ./Middlewares/Third_Party/FatFs/src/ff.o
 .text.check_fs
                0x08008190       0x50 ./Middlewares/Third_Party/FatFs/src/ff.o
 .text.find_volume
                0x080081e0      0x22c ./Middlewares/Third_Party/FatFs/src/ff.o
 .text.ld_clust.isra.0
                0x0800840c       0x10 ./Middlewares/Third_Party/FatFs/src/ff.o
 .text.clust2sect
                0x0800841c       0x1c ./Middlewares/Third_Party/FatFs/src/ff.o
                0x0800841c                clust2sect
 .text.get_fat  0x08008438       0xc2 ./Middlewares/Third_Party/FatFs/src/ff.o
                0x08008438                get_fat
 .text.dir_sdi  0x080084fa       0x9e ./Middlewares/Third_Party/FatFs/src/ff.o
 .text.put_fat  0x08008598       0xfa ./Middlewares/Third_Party/FatFs/src/ff.o
                0x08008598                put_fat
 .text.create_chain
                0x08008692       0xb2 ./Middlewares/Third_Party/FatFs/src/ff.o
 .text.dir_next
                0x08008744      0x114 ./Middlewares/Third_Party/FatFs/src/ff.o
 .text.follow_path
                0x08008858      0x19c ./Middlewares/Third_Party/FatFs/src/ff.o
 .text.dir_register
                0x080089f4       0x76 ./Middlewares/Third_Party/FatFs/src/ff.o
 .text.remove_chain
                0x08008a6a       0x66 ./Middlewares/Third_Party/FatFs/src/ff.o
 .text.f_mount  0x08008ad0       0x50 ./Middlewares/Third_Party/FatFs/src/ff.o
                0x08008ad0                f_mount
 .text.f_open   0x08008b20      0x1b8 ./Middlewares/Third_Party/FatFs/src/ff.o
                0x08008b20                f_open
 .text.f_read   0x08008cd8      0x19c ./Middlewares/Third_Party/FatFs/src/ff.o
                0x08008cd8                f_read
 .text.f_write  0x08008e74      0x1cc ./Middlewares/Third_Party/FatFs/src/ff.o
                0x08008e74                f_write
 .text.f_sync   0x08009040       0xc6 ./Middlewares/Third_Party/FatFs/src/ff.o
                0x08009040                f_sync
 .text.f_close  0x08009106       0x2a ./Middlewares/Third_Party/FatFs/src/ff.o
                0x08009106                f_close
 .text.f_lseek  0x08009130      0x296 ./Middlewares/Third_Party/FatFs/src/ff.o
                0x08009130                f_lseek
 *fill*         0x080093c6        0x2 
 .text.f_mkfs   0x080093c8      0x53c ./Middlewares/Third_Party/FatFs/src/ff.o
                0x080093c8                f_mkfs
 .text.FATFS_LinkDriverEx
                0x08009904       0x44 ./Middlewares/Third_Party/FatFs/src/ff_gen_drv.o
                0x08009904                FATFS_LinkDriverEx
 .text.FATFS_LinkDriver
                0x08009948        0x6 ./Middlewares/Third_Party/FatFs/src/ff_gen_drv.o
                0x08009948                FATFS_LinkDriver
 .text.__cvt    0x0800994e       0xc8 F:/Program Files/STM32CubeIDE_2.1.1/STM32CubeIDE/plugins/com.st.stm32cube.ide.mcu.externaltools.gnu-tools-for-stm32.14.3.rel1.win32_1.0.100.202602081740/tools/bin/../lib/gcc/arm-none-eabi/14.3.1/../../../../arm-none-eabi/lib/thumb/v7-m/nofp\libc_nano.a(libc_a-nano-vfprintf_float.o)
                0x0800994e                __cvt
 .text.__exponent
                0x08009a16       0x74 F:/Program Files/STM32CubeIDE_2.1.1/STM32CubeIDE/plugins/com.st.stm32cube.ide.mcu.externaltools.gnu-tools-for-stm32.14.3.rel1.win32_1.0.100.202602081740/tools/bin/../lib/gcc/arm-none-eabi/14.3.1/../../../../arm-none-eabi/lib/thumb/v7-m/nofp\libc_nano.a(libc_a-nano-vfprintf_float.o)
                0x08009a16                __exponent
 *fill*         0x08009a8a        0x2 
 .text._printf_float
                0x08009a8c      0x458 F:/Program Files/STM32CubeIDE_2.1.1/STM32CubeIDE/plugins/com.st.stm32cube.ide.mcu.externaltools.gnu-tools-for-stm32.14.3.rel1.win32_1.0.100.202602081740/tools/bin/../lib/gcc/arm-none-eabi/14.3.1/../../../../arm-none-eabi/lib/thumb/v7-m/nofp\libc_nano.a(libc_a-nano-vfprintf_float.o)
                0x08009a8c                _printf_float
 .text._printf_common
                0x08009ee4       0xe4 F:/Program Files/STM32CubeIDE_2.1.1/STM32CubeIDE/plugins/com.st.stm32cube.ide.mcu.externaltools.gnu-tools-for-stm32.14.3.rel1.win32_1.0.100.202602081740/tools/bin/../lib/gcc/arm-none-eabi/14.3.1/../../../../arm-none-eabi/lib/thumb/v7-m/nofp\libc_nano.a(libc_a-nano-vfprintf_i.o)
                0x08009ee4                _printf_common
 .text._printf_i
                0x08009fc8      0x24c F:/Program Files/STM32CubeIDE_2.1.1/STM32CubeIDE/plugins/com.st.stm32cube.ide.mcu.externaltools.gnu-tools-for-stm32.14.3.rel1.win32_1.0.100.202602081740/tools/bin/../lib/gcc/arm-none-eabi/14.3.1/../../../../arm-none-eabi/lib/thumb/v7-m/nofp\libc_nano.a(libc_a-nano-vfprintf_i.o)
                0x08009fc8                _printf_i
 .text.std      0x0800a214       0x6c F:/Program Files/STM32CubeIDE_2.1.1/STM32CubeIDE/plugins/com.st.stm32cube.ide.mcu.externaltools.gnu-tools-for-stm32.14.3.rel1.win32_1.0.100.202602081740/tools/bin/../lib/gcc/arm-none-eabi/14.3.1/../../../../arm-none-eabi/lib/thumb/v7-m/nofp\libc_nano.a(libc_a-findfp.o)
 .text.stdio_exit_handler
                0x0800a280       0x18 F:/Program Files/STM32CubeIDE_2.1.1/STM32CubeIDE/plugins/com.st.stm32cube.ide.mcu.externaltools.gnu-tools-for-stm32.14.3.rel1.win32_1.0.100.202602081740/tools/bin/../lib/gcc/arm-none-eabi/14.3.1/../../../../arm-none-eabi/lib/thumb/v7-m/nofp\libc_nano.a(libc_a-findfp.o)
 .text.cleanup_stdio
                0x0800a298       0x40 F:/Program Files/STM32CubeIDE_2.1.1/STM32CubeIDE/plugins/com.st.stm32cube.ide.mcu.externaltools.gnu-tools-for-stm32.14.3.rel1.win32_1.0.100.202602081740/tools/bin/../lib/gcc/arm-none-eabi/14.3.1/../../../../arm-none-eabi/lib/thumb/v7-m/nofp\libc_nano.a(libc_a-findfp.o)
 .text.global_stdio_init.part.0
                0x0800a2d8       0x40 F:/Program Files/STM32CubeIDE_2.1.1/STM32CubeIDE/plugins/com.st.stm32cube.ide.mcu.externaltools.gnu-tools-for-stm32.14.3.rel1.win32_1.0.100.202602081740/tools/bin/../lib/gcc/arm-none-eabi/14.3.1/../../../../arm-none-eabi/lib/thumb/v7-m/nofp\libc_nano.a(libc_a-findfp.o)
 .text.__sfp_lock_acquire
                0x0800a318        0xc F:/Program Files/STM32CubeIDE_2.1.1/STM32CubeIDE/plugins/com.st.stm32cube.ide.mcu.externaltools.gnu-tools-for-stm32.14.3.rel1.win32_1.0.100.202602081740/tools/bin/../lib/gcc/arm-none-eabi/14.3.1/../../../../arm-none-eabi/lib/thumb/v7-m/nofp\libc_nano.a(libc_a-findfp.o)
                0x0800a318                __sfp_lock_acquire
 .text.__sfp_lock_release
                0x0800a324        0xc F:/Program Files/STM32CubeIDE_2.1.1/STM32CubeIDE/plugins/com.st.stm32cube.ide.mcu.externaltools.gnu-tools-for-stm32.14.3.rel1.win32_1.0.100.202602081740/tools/bin/../lib/gcc/arm-none-eabi/14.3.1/../../../../arm-none-eabi/lib/thumb/v7-m/nofp\libc_nano.a(libc_a-findfp.o)
                0x0800a324                __sfp_lock_release
 .text.__sinit  0x0800a330       0x30 F:/Program Files/STM32CubeIDE_2.1.1/STM32CubeIDE/plugins/com.st.stm32cube.ide.mcu.externaltools.gnu-tools-for-stm32.14.3.rel1.win32_1.0.100.202602081740/tools/bin/../lib/gcc/arm-none-eabi/14.3.1/../../../../arm-none-eabi/lib/thumb/v7-m/nofp\libc_nano.a(libc_a-findfp.o)
                0x0800a330                __sinit
 .text._fwalk_sglue
                0x0800a360       0x3c F:/Program Files/STM32CubeIDE_2.1.1/STM32CubeIDE/plugins/com.st.stm32cube.ide.mcu.externaltools.gnu-tools-for-stm32.14.3.rel1.win32_1.0.100.202602081740/tools/bin/../lib/gcc/arm-none-eabi/14.3.1/../../../../arm-none-eabi/lib/thumb/v7-m/nofp\libc_nano.a(libc_a-fwalk.o)
                0x0800a360                _fwalk_sglue
 .text.snprintf
                0x0800a39c       0x6c F:/Program Files/STM32CubeIDE_2.1.1/STM32CubeIDE/plugins/com.st.stm32cube.ide.mcu.externaltools.gnu-tools-for-stm32.14.3.rel1.win32_1.0.100.202602081740/tools/bin/../lib/gcc/arm-none-eabi/14.3.1/../../../../arm-none-eabi/lib/thumb/v7-m/nofp\libc_nano.a(libc_a-snprintf.o)
                0x0800a39c                sniprintf
                0x0800a39c                snprintf
 .text.sprintf  0x0800a408       0x44 F:/Program Files/STM32CubeIDE_2.1.1/STM32CubeIDE/plugins/com.st.stm32cube.ide.mcu.externaltools.gnu-tools-for-stm32.14.3.rel1.win32_1.0.100.202602081740/tools/bin/../lib/gcc/arm-none-eabi/14.3.1/../../../../arm-none-eabi/lib/thumb/v7-m/nofp\libc_nano.a(libc_a-sprintf.o)
                0x0800a408                siprintf
                0x0800a408                sprintf
 .text.__sread  0x0800a44c       0x22 F:/Program Files/STM32CubeIDE_2.1.1/STM32CubeIDE/plugins/com.st.stm32cube.ide.mcu.externaltools.gnu-tools-for-stm32.14.3.rel1.win32_1.0.100.202602081740/tools/bin/../lib/gcc/arm-none-eabi/14.3.1/../../../../arm-none-eabi/lib/thumb/v7-m/nofp\libc_nano.a(libc_a-stdio.o)
                0x0800a44c                __sread
 .text.__swrite
                0x0800a46e       0x38 F:/Program Files/STM32CubeIDE_2.1.1/STM32CubeIDE/plugins/com.st.stm32cube.ide.mcu.externaltools.gnu-tools-for-stm32.14.3.rel1.win32_1.0.100.202602081740/tools/bin/../lib/gcc/arm-none-eabi/14.3.1/../../../../arm-none-eabi/lib/thumb/v7-m/nofp\libc_nano.a(libc_a-stdio.o)
                0x0800a46e                __swrite
 .text.__sseek  0x0800a4a6       0x26 F:/Program Files/STM32CubeIDE_2.1.1/STM32CubeIDE/plugins/com.st.stm32cube.ide.mcu.externaltools.gnu-tools-for-stm32.14.3.rel1.win32_1.0.100.202602081740/tools/bin/../lib/gcc/arm-none-eabi/14.3.1/../../../../arm-none-eabi/lib/thumb/v7-m/nofp\libc_nano.a(libc_a-stdio.o)
                0x0800a4a6                __sseek
 .text.__sclose
                0x0800a4cc        0x8 F:/Program Files/STM32CubeIDE_2.1.1/STM32CubeIDE/plugins/com.st.stm32cube.ide.mcu.externaltools.gnu-tools-for-stm32.14.3.rel1.win32_1.0.100.202602081740/tools/bin/../lib/gcc/arm-none-eabi/14.3.1/../../../../arm-none-eabi/lib/thumb/v7-m/nofp\libc_nano.a(libc_a-stdio.o)
                0x0800a4cc                __sclose
 .text.memset   0x0800a4d4       0x10 F:/Program Files/STM32CubeIDE_2.1.1/STM32CubeIDE/plugins/com.st.stm32cube.ide.mcu.externaltools.gnu-tools-for-stm32.14.3.rel1.win32_1.0.100.202602081740/tools/bin/../lib/gcc/arm-none-eabi/14.3.1/../../../../arm-none-eabi/lib/thumb/v7-m/nofp\libc_nano.a(libc_a-memset.o)
                0x0800a4d4                memset
 .text.strcat   0x0800a4e4       0x1e F:/Program Files/STM32CubeIDE_2.1.1/STM32CubeIDE/plugins/com.st.stm32cube.ide.mcu.externaltools.gnu-tools-for-stm32.14.3.rel1.win32_1.0.100.202602081740/tools/bin/../lib/gcc/arm-none-eabi/14.3.1/../../../../arm-none-eabi/lib/thumb/v7-m/nofp\libc_nano.a(libc_a-strcat.o)
                0x0800a4e4                strcat
 .text.strchr   0x0800a502       0x1a F:/Program Files/STM32CubeIDE_2.1.1/STM32CubeIDE/plugins/com.st.stm32cube.ide.mcu.externaltools.gnu-tools-for-stm32.14.3.rel1.win32_1.0.100.202602081740/tools/bin/../lib/gcc/arm-none-eabi/14.3.1/../../../../arm-none-eabi/lib/thumb/v7-m/nofp\libc_nano.a(libc_a-strchr.o)
                0x0800a502                strchr
 .text.strncpy  0x0800a51c       0x26 F:/Program Files/STM32CubeIDE_2.1.1/STM32CubeIDE/plugins/com.st.stm32cube.ide.mcu.externaltools.gnu-tools-for-stm32.14.3.rel1.win32_1.0.100.202602081740/tools/bin/../lib/gcc/arm-none-eabi/14.3.1/../../../../arm-none-eabi/lib/thumb/v7-m/nofp\libc_nano.a(libc_a-strncpy.o)
                0x0800a51c                strncpy
 .text.strstr   0x0800a542       0x2c F:/Program Files/STM32CubeIDE_2.1.1/STM32CubeIDE/plugins/com.st.stm32cube.ide.mcu.externaltools.gnu-tools-for-stm32.14.3.rel1.win32_1.0.100.202602081740/tools/bin/../lib/gcc/arm-none-eabi/14.3.1/../../../../arm-none-eabi/lib/thumb/v7-m/nofp\libc_nano.a(libc_a-strstr.o)
                0x0800a542                strstr
 *fill*         0x0800a56e        0x2 
 .text._localeconv_r
                0x0800a570        0x8 F:/Program Files/STM32CubeIDE_2.1.1/STM32CubeIDE/plugins/com.st.stm32cube.ide.mcu.externaltools.gnu-tools-for-stm32.14.3.rel1.win32_1.0.100.202602081740/tools/bin/../lib/gcc/arm-none-eabi/14.3.1/../../../../arm-none-eabi/lib/thumb/v7-m/nofp\libc_nano.a(libc_a-localeconv.o)
                0x0800a570                _localeconv_r
 .text._close_r
                0x0800a578       0x20 F:/Program Files/STM32CubeIDE_2.1.1/STM32CubeIDE/plugins/com.st.stm32cube.ide.mcu.externaltools.gnu-tools-for-stm32.14.3.rel1.win32_1.0.100.202602081740/tools/bin/../lib/gcc/arm-none-eabi/14.3.1/../../../../arm-none-eabi/lib/thumb/v7-m/nofp\libc_nano.a(libc_a-closer.o)
                0x0800a578                _close_r
 .text._lseek_r
                0x0800a598       0x24 F:/Program Files/STM32CubeIDE_2.1.1/STM32CubeIDE/plugins/com.st.stm32cube.ide.mcu.externaltools.gnu-tools-for-stm32.14.3.rel1.win32_1.0.100.202602081740/tools/bin/../lib/gcc/arm-none-eabi/14.3.1/../../../../arm-none-eabi/lib/thumb/v7-m/nofp\libc_nano.a(libc_a-lseekr.o)
                0x0800a598                _lseek_r
 .text._read_r  0x0800a5bc       0x24 F:/Program Files/STM32CubeIDE_2.1.1/STM32CubeIDE/plugins/com.st.stm32cube.ide.mcu.externaltools.gnu-tools-for-stm32.14.3.rel1.win32_1.0.100.202602081740/tools/bin/../lib/gcc/arm-none-eabi/14.3.1/../../../../arm-none-eabi/lib/thumb/v7-m/nofp\libc_nano.a(libc_a-readr.o)
                0x0800a5bc                _read_r
 .text._write_r
                0x0800a5e0       0x24 F:/Program Files/STM32CubeIDE_2.1.1/STM32CubeIDE/plugins/com.st.stm32cube.ide.mcu.externaltools.gnu-tools-for-stm32.14.3.rel1.win32_1.0.100.202602081740/tools/bin/../lib/gcc/arm-none-eabi/14.3.1/../../../../arm-none-eabi/lib/thumb/v7-m/nofp\libc_nano.a(libc_a-writer.o)
                0x0800a5e0                _write_r
 .text.__errno  0x0800a604        0xc F:/Program Files/STM32CubeIDE_2.1.1/STM32CubeIDE/plugins/com.st.stm32cube.ide.mcu.externaltools.gnu-tools-for-stm32.14.3.rel1.win32_1.0.100.202602081740/tools/bin/../lib/gcc/arm-none-eabi/14.3.1/../../../../arm-none-eabi/lib/thumb/v7-m/nofp\libc_nano.a(libc_a-errno.o)
                0x0800a604                __errno
 .text.__libc_init_array
                0x0800a610       0x48 F:/Program Files/STM32CubeIDE_2.1.1/STM32CubeIDE/plugins/com.st.stm32cube.ide.mcu.externaltools.gnu-tools-for-stm32.14.3.rel1.win32_1.0.100.202602081740/tools/bin/../lib/gcc/arm-none-eabi/14.3.1/../../../../arm-none-eabi/lib/thumb/v7-m/nofp\libc_nano.a(libc_a-init.o)
                0x0800a610                __libc_init_array
 .text.__retarget_lock_init_recursive
                0x0800a658        0x2 F:/Program Files/STM32CubeIDE_2.1.1/STM32CubeIDE/plugins/com.st.stm32cube.ide.mcu.externaltools.gnu-tools-for-stm32.14.3.rel1.win32_1.0.100.202602081740/tools/bin/../lib/gcc/arm-none-eabi/14.3.1/../../../../arm-none-eabi/lib/thumb/v7-m/nofp\libc_nano.a(libc_a-lock.o)
                0x0800a658                __retarget_lock_init_recursive
 .text.__retarget_lock_acquire_recursive
                0x0800a65a        0x2 F:/Program Files/STM32CubeIDE_2.1.1/STM32CubeIDE/plugins/com.st.stm32cube.ide.mcu.externaltools.gnu-tools-for-stm32.14.3.rel1.win32_1.0.100.202602081740/tools/bin/../lib/gcc/arm-none-eabi/14.3.1/../../../../arm-none-eabi/lib/thumb/v7-m/nofp\libc_nano.a(libc_a-lock.o)
                0x0800a65a                __retarget_lock_acquire_recursive
 .text.__retarget_lock_release_recursive
                0x0800a65c        0x2 F:/Program Files/STM32CubeIDE_2.1.1/STM32CubeIDE/plugins/com.st.stm32cube.ide.mcu.externaltools.gnu-tools-for-stm32.14.3.rel1.win32_1.0.100.202602081740/tools/bin/../lib/gcc/arm-none-eabi/14.3.1/../../../../arm-none-eabi/lib/thumb/v7-m/nofp\libc_nano.a(libc_a-lock.o)
                0x0800a65c                __retarget_lock_release_recursive
 .text.strcpy   0x0800a65e       0x10 F:/Program Files/STM32CubeIDE_2.1.1/STM32CubeIDE/plugins/com.st.stm32cube.ide.mcu.externaltools.gnu-tools-for-stm32.14.3.rel1.win32_1.0.100.202602081740/tools/bin/../lib/gcc/arm-none-eabi/14.3.1/../../../../arm-none-eabi/lib/thumb/v7-m/nofp\libc_nano.a(libc_a-strcpy.o)
                0x0800a65e                strcpy
 .text.memchr   0x0800a66e       0x1c F:/Program Files/STM32CubeIDE_2.1.1/STM32CubeIDE/plugins/com.st.stm32cube.ide.mcu.externaltools.gnu-tools-for-stm32.14.3.rel1.win32_1.0.100.202602081740/tools/bin/../lib/gcc/arm-none-eabi/14.3.1/../../../../arm-none-eabi/lib/thumb/v7-m/nofp\libc_nano.a(libc_a-memchr-stub.o)
                0x0800a66e                memchr
 .text.quorem   0x0800a68a      0x110 F:/Program Files/STM32CubeIDE_2.1.1/STM32CubeIDE/plugins/com.st.stm32cube.ide.mcu.externaltools.gnu-tools-for-stm32.14.3.rel1.win32_1.0.100.202602081740/tools/bin/../lib/gcc/arm-none-eabi/14.3.1/../../../../arm-none-eabi/lib/thumb/v7-m/nofp\libc_nano.a(libc_a-dtoa.o)
 *fill*         0x0800a79a        0x6 
 .text._dtoa_r  0x0800a7a0      0xbcc F:/Program Files/STM32CubeIDE_2.1.1/STM32CubeIDE/plugins/com.st.stm32cube.ide.mcu.externaltools.gnu-tools-for-stm32.14.3.rel1.win32_1.0.100.202602081740/tools/bin/../lib/gcc/arm-none-eabi/14.3.1/../../../../arm-none-eabi/lib/thumb/v7-m/nofp\libc_nano.a(libc_a-dtoa.o)
                0x0800a7a0                _dtoa_r
 .text._free_r  0x0800b36c       0x90 F:/Program Files/STM32CubeIDE_2.1.1/STM32CubeIDE/plugins/com.st.stm32cube.ide.mcu.externaltools.gnu-tools-for-stm32.14.3.rel1.win32_1.0.100.202602081740/tools/bin/../lib/gcc/arm-none-eabi/14.3.1/../../../../arm-none-eabi/lib/thumb/v7-m/nofp\libc_nano.a(libc_a-freer.o)
                0x0800b36c                _free_r
 .text.malloc   0x0800b3fc       0x10 F:/Program Files/STM32CubeIDE_2.1.1/STM32CubeIDE/plugins/com.st.stm32cube.ide.mcu.externaltools.gnu-tools-for-stm32.14.3.rel1.win32_1.0.100.202602081740/tools/bin/../lib/gcc/arm-none-eabi/14.3.1/../../../../arm-none-eabi/lib/thumb/v7-m/nofp\libc_nano.a(libc_a-malloc.o)
                0x0800b3fc                malloc
 .text.sbrk_aligned
                0x0800b40c       0x44 F:/Program Files/STM32CubeIDE_2.1.1/STM32CubeIDE/plugins/com.st.stm32cube.ide.mcu.externaltools.gnu-tools-for-stm32.14.3.rel1.win32_1.0.100.202602081740/tools/bin/../lib/gcc/arm-none-eabi/14.3.1/../../../../arm-none-eabi/lib/thumb/v7-m/nofp\libc_nano.a(libc_a-mallocr.o)
 .text._malloc_r
                0x0800b450      0x100 F:/Program Files/STM32CubeIDE_2.1.1/STM32CubeIDE/plugins/com.st.stm32cube.ide.mcu.externaltools.gnu-tools-for-stm32.14.3.rel1.win32_1.0.100.202602081740/tools/bin/../lib/gcc/arm-none-eabi/14.3.1/../../../../arm-none-eabi/lib/thumb/v7-m/nofp\libc_nano.a(libc_a-mallocr.o)
                0x0800b450                _malloc_r
 .text.__malloc_lock
                0x0800b550        0xc F:/Program Files/STM32CubeIDE_2.1.1/STM32CubeIDE/plugins/com.st.stm32cube.ide.mcu.externaltools.gnu-tools-for-stm32.14.3.rel1.win32_1.0.100.202602081740/tools/bin/../lib/gcc/arm-none-eabi/14.3.1/../../../../arm-none-eabi/lib/thumb/v7-m/nofp\libc_nano.a(libc_a-mlock.o)
                0x0800b550                __malloc_lock
 .text.__malloc_unlock
                0x0800b55c        0xc F:/Program Files/STM32CubeIDE_2.1.1/STM32CubeIDE/plugins/com.st.stm32cube.ide.mcu.externaltools.gnu-tools-for-stm32.14.3.rel1.win32_1.0.100.202602081740/tools/bin/../lib/gcc/arm-none-eabi/14.3.1/../../../../arm-none-eabi/lib/thumb/v7-m/nofp\libc_nano.a(libc_a-mlock.o)
                0x0800b55c                __malloc_unlock
 .text._Balloc  0x0800b568       0x7c F:/Program Files/STM32CubeIDE_2.1.1/STM32CubeIDE/plugins/com.st.stm32cube.ide.mcu.externaltools.gnu-tools-for-stm32.14.3.rel1.win32_1.0.100.202602081740/tools/bin/../lib/gcc/arm-none-eabi/14.3.1/../../../../arm-none-eabi/lib/thumb/v7-m/nofp\libc_nano.a(libc_a-mprec.o)
                0x0800b568                _Balloc
 .text._Bfree   0x0800b5e4       0x44 F:/Program Files/STM32CubeIDE_2.1.1/STM32CubeIDE/plugins/com.st.stm32cube.ide.mcu.externaltools.gnu-tools-for-stm32.14.3.rel1.win32_1.0.100.202602081740/tools/bin/../lib/gcc/arm-none-eabi/14.3.1/../../../../arm-none-eabi/lib/thumb/v7-m/nofp\libc_nano.a(libc_a-mprec.o)
                0x0800b5e4                _Bfree
 .text.__multadd
                0x0800b628       0x8c F:/Program Files/STM32CubeIDE_2.1.1/STM32CubeIDE/plugins/com.st.stm32cube.ide.mcu.externaltools.gnu-tools-for-stm32.14.3.rel1.win32_1.0.100.202602081740/tools/bin/../lib/gcc/arm-none-eabi/14.3.1/../../../../arm-none-eabi/lib/thumb/v7-m/nofp\libc_nano.a(libc_a-mprec.o)
                0x0800b628                __multadd
 .text.__hi0bits
                0x0800b6b4       0x3e F:/Program Files/STM32CubeIDE_2.1.1/STM32CubeIDE/plugins/com.st.stm32cube.ide.mcu.externaltools.gnu-tools-for-stm32.14.3.rel1.win32_1.0.100.202602081740/tools/bin/../lib/gcc/arm-none-eabi/14.3.1/../../../../arm-none-eabi/lib/thumb/v7-m/nofp\libc_nano.a(libc_a-mprec.o)
                0x0800b6b4                __hi0bits
 .text.__lo0bits
                0x0800b6f2       0x5a F:/Program Files/STM32CubeIDE_2.1.1/STM32CubeIDE/plugins/com.st.stm32cube.ide.mcu.externaltools.gnu-tools-for-stm32.14.3.rel1.win32_1.0.100.202602081740/tools/bin/../lib/gcc/arm-none-eabi/14.3.1/../../../../arm-none-eabi/lib/thumb/v7-m/nofp\libc_nano.a(libc_a-mprec.o)
                0x0800b6f2                __lo0bits
 .text.__i2b    0x0800b74c       0x2c F:/Program Files/STM32CubeIDE_2.1.1/STM32CubeIDE/plugins/com.st.stm32cube.ide.mcu.externaltools.gnu-tools-for-stm32.14.3.rel1.win32_1.0.100.202602081740/tools/bin/../lib/gcc/arm-none-eabi/14.3.1/../../../../arm-none-eabi/lib/thumb/v7-m/nofp\libc_nano.a(libc_a-mprec.o)
                0x0800b74c                __i2b
 .text.__multiply
                0x0800b778      0x150 F:/Program Files/STM32CubeIDE_2.1.1/STM32CubeIDE/plugins/com.st.stm32cube.ide.mcu.externaltools.gnu-tools-for-stm32.14.3.rel1.win32_1.0.100.202602081740/tools/bin/../lib/gcc/arm-none-eabi/14.3.1/../../../../arm-none-eabi/lib/thumb/v7-m/nofp\libc_nano.a(libc_a-mprec.o)
                0x0800b778                __multiply
 .text.__pow5mult
                0x0800b8c8       0xb8 F:/Program Files/STM32CubeIDE_2.1.1/STM32CubeIDE/plugins/com.st.stm32cube.ide.mcu.externaltools.gnu-tools-for-stm32.14.3.rel1.win32_1.0.100.202602081740/tools/bin/../lib/gcc/arm-none-eabi/14.3.1/../../../../arm-none-eabi/lib/thumb/v7-m/nofp\libc_nano.a(libc_a-mprec.o)
                0x0800b8c8                __pow5mult
 .text.__lshift
                0x0800b980       0xd8 F:/Program Files/STM32CubeIDE_2.1.1/STM32CubeIDE/plugins/com.st.stm32cube.ide.mcu.externaltools.gnu-tools-for-stm32.14.3.rel1.win32_1.0.100.202602081740/tools/bin/../lib/gcc/arm-none-eabi/14.3.1/../../../../arm-none-eabi/lib/thumb/v7-m/nofp\libc_nano.a(libc_a-mprec.o)
                0x0800b980                __lshift
 .text.__mcmp   0x0800ba58       0x36 F:/Program Files/STM32CubeIDE_2.1.1/STM32CubeIDE/plugins/com.st.stm32cube.ide.mcu.externaltools.gnu-tools-for-stm32.14.3.rel1.win32_1.0.100.202602081740/tools/bin/../lib/gcc/arm-none-eabi/14.3.1/../../../../arm-none-eabi/lib/thumb/v7-m/nofp\libc_nano.a(libc_a-mprec.o)
                0x0800ba58                __mcmp
 *fill*         0x0800ba8e        0x2 
 .text.__mdiff  0x0800ba90      0x130 F:/Program Files/STM32CubeIDE_2.1.1/STM32CubeIDE/plugins/com.st.stm32cube.ide.mcu.externaltools.gnu-tools-for-stm32.14.3.rel1.win32_1.0.100.202602081740/tools/bin/../lib/gcc/arm-none-eabi/14.3.1/../../../../arm-none-eabi/lib/thumb/v7-m/nofp\libc_nano.a(libc_a-mprec.o)
                0x0800ba90                __mdiff
 .text.__d2b    0x0800bbc0       0xb0 F:/Program Files/STM32CubeIDE_2.1.1/STM32CubeIDE/plugins/com.st.stm32cube.ide.mcu.externaltools.gnu-tools-for-stm32.14.3.rel1.win32_1.0.100.202602081740/tools/bin/../lib/gcc/arm-none-eabi/14.3.1/../../../../arm-none-eabi/lib/thumb/v7-m/nofp\libc_nano.a(libc_a-mprec.o)
                0x0800bbc0                __d2b
 .text.__ssputs_r
                0x0800bc70       0xc0 F:/Program Files/STM32CubeIDE_2.1.1/STM32CubeIDE/plugins/com.st.stm32cube.ide.mcu.externaltools.gnu-tools-for-stm32.14.3.rel1.win32_1.0.100.202602081740/tools/bin/../lib/gcc/arm-none-eabi/14.3.1/../../../../arm-none-eabi/lib/thumb/v7-m/nofp\libc_nano.a(libc_a-nano-svfprintf.o)
                0x0800bc70                __ssputs_r
 .text._svfprintf_r
                0x0800bd30      0x1f0 F:/Program Files/STM32CubeIDE_2.1.1/STM32CubeIDE/plugins/com.st.stm32cube.ide.mcu.externaltools.gnu-tools-for-stm32.14.3.rel1.win32_1.0.100.202602081740/tools/bin/../lib/gcc/arm-none-eabi/14.3.1/../../../../arm-none-eabi/lib/thumb/v7-m/nofp\libc_nano.a(libc_a-nano-svfprintf.o)
                0x0800bd30                _svfiprintf_r
                0x0800bd30                _svfprintf_r
 .text.__sflush_r
                0x0800bf20       0xfc F:/Program Files/STM32CubeIDE_2.1.1/STM32CubeIDE/plugins/com.st.stm32cube.ide.mcu.externaltools.gnu-tools-for-stm32.14.3.rel1.win32_1.0.100.202602081740/tools/bin/../lib/gcc/arm-none-eabi/14.3.1/../../../../arm-none-eabi/lib/thumb/v7-m/nofp\libc_nano.a(libc_a-fflush.o)
                0x0800bf20                __sflush_r
 .text._fflush_r
                0x0800c01c       0x50 F:/Program Files/STM32CubeIDE_2.1.1/STM32CubeIDE/plugins/com.st.stm32cube.ide.mcu.externaltools.gnu-tools-for-stm32.14.3.rel1.win32_1.0.100.202602081740/tools/bin/../lib/gcc/arm-none-eabi/14.3.1/../../../../arm-none-eabi/lib/thumb/v7-m/nofp\libc_nano.a(libc_a-fflush.o)
                0x0800c01c                _fflush_r
 .text.memmove  0x0800c06c       0x32 F:/Program Files/STM32CubeIDE_2.1.1/STM32CubeIDE/plugins/com.st.stm32cube.ide.mcu.externaltools.gnu-tools-for-stm32.14.3.rel1.win32_1.0.100.202602081740/tools/bin/../lib/gcc/arm-none-eabi/14.3.1/../../../../arm-none-eabi/lib/thumb/v7-m/nofp\libc_nano.a(libc_a-memmove.o)
                0x0800c06c                memmove
 *fill*         0x0800c09e        0x2 
 .text._sbrk_r  0x0800c0a0       0x20 F:/Program Files/STM32CubeIDE_2.1.1/STM32CubeIDE/plugins/com.st.stm32cube.ide.mcu.externaltools.gnu-tools-for-stm32.14.3.rel1.win32_1.0.100.202602081740/tools/bin/../lib/gcc/arm-none-eabi/14.3.1/../../../../arm-none-eabi/lib/thumb/v7-m/nofp\libc_nano.a(libc_a-sbrkr.o)
                0x0800c0a0                _sbrk_r
 .text.memcpy   0x0800c0c0       0x1c F:/Program Files/STM32CubeIDE_2.1.1/STM32CubeIDE/plugins/com.st.stm32cube.ide.mcu.externaltools.gnu-tools-for-stm32.14.3.rel1.win32_1.0.100.202602081740/tools/bin/../lib/gcc/arm-none-eabi/14.3.1/../../../../arm-none-eabi/lib/thumb/v7-m/nofp\libc_nano.a(libc_a-memcpy-stub.o)
                0x0800c0c0                memcpy
 .text.__assert_func
                0x0800c0dc       0x3c F:/Program Files/STM32CubeIDE_2.1.1/STM32CubeIDE/plugins/com.st.stm32cube.ide.mcu.externaltools.gnu-tools-for-stm32.14.3.rel1.win32_1.0.100.202602081740/tools/bin/../lib/gcc/arm-none-eabi/14.3.1/../../../../arm-none-eabi/lib/thumb/v7-m/nofp\libc_nano.a(libc_a-assert.o)
                0x0800c0dc                __assert_func
 .text._calloc_r
                0x0800c118       0x28 F:/Program Files/STM32CubeIDE_2.1.1/STM32CubeIDE/plugins/com.st.stm32cube.ide.mcu.externaltools.gnu-tools-for-stm32.14.3.rel1.win32_1.0.100.202602081740/tools/bin/../lib/gcc/arm-none-eabi/14.3.1/../../../../arm-none-eabi/lib/thumb/v7-m/nofp\libc_nano.a(libc_a-callocr.o)
                0x0800c118                _calloc_r
 .text.__ascii_mbtowc
                0x0800c140       0x24 F:/Program Files/STM32CubeIDE_2.1.1/STM32CubeIDE/plugins/com.st.stm32cube.ide.mcu.externaltools.gnu-tools-for-stm32.14.3.rel1.win32_1.0.100.202602081740/tools/bin/../lib/gcc/arm-none-eabi/14.3.1/../../../../arm-none-eabi/lib/thumb/v7-m/nofp\libc_nano.a(libc_a-mbtowc_r.o)
                0x0800c140                __ascii_mbtowc
 .text._realloc_r
                0x0800c164       0x5c F:/Program Files/STM32CubeIDE_2.1.1/STM32CubeIDE/plugins/com.st.stm32cube.ide.mcu.externaltools.gnu-tools-for-stm32.14.3.rel1.win32_1.0.100.202602081740/tools/bin/../lib/gcc/arm-none-eabi/14.3.1/../../../../arm-none-eabi/lib/thumb/v7-m/nofp\libc_nano.a(libc_a-reallocr.o)
                0x0800c164                _realloc_r
 .text.__ascii_wctomb
                0x0800c1c0       0x1a F:/Program Files/STM32CubeIDE_2.1.1/STM32CubeIDE/plugins/com.st.stm32cube.ide.mcu.externaltools.gnu-tools-for-stm32.14.3.rel1.win32_1.0.100.202602081740/tools/bin/../lib/gcc/arm-none-eabi/14.3.1/../../../../arm-none-eabi/lib/thumb/v7-m/nofp\libc_nano.a(libc_a-wctomb_r.o)
                0x0800c1c0                __ascii_wctomb
 *fill*         0x0800c1da        0x2 
 .text.fprintf  0x0800c1dc       0x24 F:/Program Files/STM32CubeIDE_2.1.1/STM32CubeIDE/plugins/com.st.stm32cube.ide.mcu.externaltools.gnu-tools-for-stm32.14.3.rel1.win32_1.0.100.202602081740/tools/bin/../lib/gcc/arm-none-eabi/14.3.1/../../../../arm-none-eabi/lib/thumb/v7-m/nofp\libc_nano.a(libc_a-fprintf.o)
                0x0800c1dc                fiprintf
                0x0800c1dc                fprintf
 .text.abort    0x0800c200        0xe F:/Program Files/STM32CubeIDE_2.1.1/STM32CubeIDE/plugins/com.st.stm32cube.ide.mcu.externaltools.gnu-tools-for-stm32.14.3.rel1.win32_1.0.100.202602081740/tools/bin/../lib/gcc/arm-none-eabi/14.3.1/../../../../arm-none-eabi/lib/thumb/v7-m/nofp\libc_nano.a(libc_a-abort.o)
                0x0800c200                abort
 .text._malloc_usable_size_r
                0x0800c20e       0x10 F:/Program Files/STM32CubeIDE_2.1.1/STM32CubeIDE/plugins/com.st.stm32cube.ide.mcu.externaltools.gnu-tools-for-stm32.14.3.rel1.win32_1.0.100.202602081740/tools/bin/../lib/gcc/arm-none-eabi/14.3.1/../../../../arm-none-eabi/lib/thumb/v7-m/nofp\libc_nano.a(libc_a-msizer.o)
                0x0800c20e                _malloc_usable_size_r
 .text.__sfputc_r
                0x0800c21e       0x2a F:/Program Files/STM32CubeIDE_2.1.1/STM32CubeIDE/plugins/com.st.stm32cube.ide.mcu.externaltools.gnu-tools-for-stm32.14.3.rel1.win32_1.0.100.202602081740/tools/bin/../lib/gcc/arm-none-eabi/14.3.1/../../../../arm-none-eabi/lib/thumb/v7-m/nofp\libc_nano.a(libc_a-nano-vfprintf.o)
 .text.__sfputs_r
                0x0800c248       0x24 F:/Program Files/STM32CubeIDE_2.1.1/STM32CubeIDE/plugins/com.st.stm32cube.ide.mcu.externaltools.gnu-tools-for-stm32.14.3.rel1.win32_1.0.100.202602081740/tools/bin/../lib/gcc/arm-none-eabi/14.3.1/../../../../arm-none-eabi/lib/thumb/v7-m/nofp\libc_nano.a(libc_a-nano-vfprintf.o)
                0x0800c248                __sfputs_r
 .text._vfprintf_r
                0x0800c26c      0x228 F:/Program Files/STM32CubeIDE_2.1.1/STM32CubeIDE/plugins/com.st.stm32cube.ide.mcu.externaltools.gnu-tools-for-stm32.14.3.rel1.win32_1.0.100.202602081740/tools/bin/../lib/gcc/arm-none-eabi/14.3.1/../../../../arm-none-eabi/lib/thumb/v7-m/nofp\libc_nano.a(libc_a-nano-vfprintf.o)
                0x0800c26c                _vfprintf_r
                0x0800c26c                _vfiprintf_r
 .text.__swbuf_r
                0x0800c494       0x7c F:/Program Files/STM32CubeIDE_2.1.1/STM32CubeIDE/plugins/com.st.stm32cube.ide.mcu.externaltools.gnu-tools-for-stm32.14.3.rel1.win32_1.0.100.202602081740/tools/bin/../lib/gcc/arm-none-eabi/14.3.1/../../../../arm-none-eabi/lib/thumb/v7-m/nofp\libc_nano.a(libc_a-wbuf.o)
                0x0800c494                __swbuf_r
 .text.__swsetup_r
                0x0800c510       0xa8 F:/Program Files/STM32CubeIDE_2.1.1/STM32CubeIDE/plugins/com.st.stm32cube.ide.mcu.externaltools.gnu-tools-for-stm32.14.3.rel1.win32_1.0.100.202602081740/tools/bin/../lib/gcc/arm-none-eabi/14.3.1/../../../../arm-none-eabi/lib/thumb/v7-m/nofp\libc_nano.a(libc_a-wsetup.o)
                0x0800c510                __swsetup_r
 .text._raise_r
                0x0800c5b8       0x50 F:/Program Files/STM32CubeIDE_2.1.1/STM32CubeIDE/plugins/com.st.stm32cube.ide.mcu.externaltools.gnu-tools-for-stm32.14.3.rel1.win32_1.0.100.202602081740/tools/bin/../lib/gcc/arm-none-eabi/14.3.1/../../../../arm-none-eabi/lib/thumb/v7-m/nofp\libc_nano.a(libc_a-signal.o)
                0x0800c5b8                _raise_r
 .text.raise    0x0800c608       0x10 F:/Program Files/STM32CubeIDE_2.1.1/STM32CubeIDE/plugins/com.st.stm32cube.ide.mcu.externaltools.gnu-tools-for-stm32.14.3.rel1.win32_1.0.100.202602081740/tools/bin/../lib/gcc/arm-none-eabi/14.3.1/../../../../arm-none-eabi/lib/thumb/v7-m/nofp\libc_nano.a(libc_a-signal.o)
                0x0800c608                raise
 .text._kill_r  0x0800c618       0x24 F:/Program Files/STM32CubeIDE_2.1.1/STM32CubeIDE/plugins/com.st.stm32cube.ide.mcu.externaltools.gnu-tools-for-stm32.14.3.rel1.win32_1.0.100.202602081740/tools/bin/../lib/gcc/arm-none-eabi/14.3.1/../../../../arm-none-eabi/lib/thumb/v7-m/nofp\libc_nano.a(libc_a-signalr.o)
                0x0800c618                _kill_r
 .text._getpid_r
                0x0800c63c        0x4 F:/Program Files/STM32CubeIDE_2.1.1/STM32CubeIDE/plugins/com.st.stm32cube.ide.mcu.externaltools.gnu-tools-for-stm32.14.3.rel1.win32_1.0.100.202602081740/tools/bin/../lib/gcc/arm-none-eabi/14.3.1/../../../../arm-none-eabi/lib/thumb/v7-m/nofp\libc_nano.a(libc_a-signalr.o)
                0x0800c63c                _getpid_r
 .text.__swhatbuf_r
                0x0800c640       0x48 F:/Program Files/STM32CubeIDE_2.1.1/STM32CubeIDE/plugins/com.st.stm32cube.ide.mcu.externaltools.gnu-tools-for-stm32.14.3.rel1.win32_1.0.100.202602081740/tools/bin/../lib/gcc/arm-none-eabi/14.3.1/../../../../arm-none-eabi/lib/thumb/v7-m/nofp\libc_nano.a(libc_a-makebuf.o)
                0x0800c640                __swhatbuf_r
 .text.__smakebuf_r
                0x0800c688       0x72 F:/Program Files/STM32CubeIDE_2.1.1/STM32CubeIDE/plugins/com.st.stm32cube.ide.mcu.externaltools.gnu-tools-for-stm32.14.3.rel1.win32_1.0.100.202602081740/tools/bin/../lib/gcc/arm-none-eabi/14.3.1/../../../../arm-none-eabi/lib/thumb/v7-m/nofp\libc_nano.a(libc_a-makebuf.o)
                0x0800c688                __smakebuf_r
 *fill*         0x0800c6fa        0x2 
 .text._fstat_r
                0x0800c6fc       0x24 F:/Program Files/STM32CubeIDE_2.1.1/STM32CubeIDE/plugins/com.st.stm32cube.ide.mcu.externaltools.gnu-tools-for-stm32.14.3.rel1.win32_1.0.100.202602081740/tools/bin/../lib/gcc/arm-none-eabi/14.3.1/../../../../arm-none-eabi/lib/thumb/v7-m/nofp\libc_nano.a(libc_a-fstatr.o)
                0x0800c6fc                _fstat_r
 .text._isatty_r
                0x0800c720       0x20 F:/Program Files/STM32CubeIDE_2.1.1/STM32CubeIDE/plugins/com.st.stm32cube.ide.mcu.externaltools.gnu-tools-for-stm32.14.3.rel1.win32_1.0.100.202602081740/tools/bin/../lib/gcc/arm-none-eabi/14.3.1/../../../../arm-none-eabi/lib/thumb/v7-m/nofp\libc_nano.a(libc_a-isattyr.o)
                0x0800c720                _isatty_r
 *(.glue_7)
 .glue_7        0x0800c740        0x0 linker stubs
 *(.glue_7t)
 .glue_7t       0x0800c740        0x0 linker stubs
 *(.eh_frame)
 .eh_frame      0x0800c740        0x0 F:/Program Files/STM32CubeIDE_2.1.1/STM32CubeIDE/plugins/com.st.stm32cube.ide.mcu.externaltools.gnu-tools-for-stm32.14.3.rel1.win32_1.0.100.202602081740/tools/bin/../lib/gcc/arm-none-eabi/14.3.1/thumb/v7-m/nofp/crtbegin.o
 *(.init)
 .init          0x0800c740        0x4 F:/Program Files/STM32CubeIDE_2.1.1/STM32CubeIDE/plugins/com.st.stm32cube.ide.mcu.externaltools.gnu-tools-for-stm32.14.3.rel1.win32_1.0.100.202602081740/tools/bin/../lib/gcc/arm-none-eabi/14.3.1/thumb/v7-m/nofp/crti.o
                0x0800c740                _init
 .init          0x0800c744        0x8 F:/Program Files/STM32CubeIDE_2.1.1/STM32CubeIDE/plugins/com.st.stm32cube.ide.mcu.externaltools.gnu-tools-for-stm32.14.3.rel1.win32_1.0.100.202602081740/tools/bin/../lib/gcc/arm-none-eabi/14.3.1/thumb/v7-m/nofp/crtn.o
 *(.fini)
 .fini          0x0800c74c        0x4 F:/Program Files/STM32CubeIDE_2.1.1/STM32CubeIDE/plugins/com.st.stm32cube.ide.mcu.externaltools.gnu-tools-for-stm32.14.3.rel1.win32_1.0.100.202602081740/tools/bin/../lib/gcc/arm-none-eabi/14.3.1/thumb/v7-m/nofp/crti.o
                0x0800c74c                _fini
 .fini          0x0800c750        0x8 F:/Program Files/STM32CubeIDE_2.1.1/STM32CubeIDE/plugins/com.st.stm32cube.ide.mcu.externaltools.gnu-tools-for-stm32.14.3.rel1.win32_1.0.100.202602081740/tools/bin/../lib/gcc/arm-none-eabi/14.3.1/thumb/v7-m/nofp/crtn.o
                0x0800c758                        . = ALIGN (0x4)
                0x0800c758                        _etext = .

.vfp11_veneer   0x0800c758        0x0
 .vfp11_veneer  0x0800c758        0x0 linker stubs

.v4_bx          0x0800c758        0x0
 .v4_bx         0x0800c758        0x0 linker stubs

.iplt           0x0800c758        0x0
 .iplt          0x0800c758        0x0 F:/Program Files/STM32CubeIDE_2.1.1/STM32CubeIDE/plugins/com.st.stm32cube.ide.mcu.externaltools.gnu-tools-for-stm32.14.3.rel1.win32_1.0.100.202602081740/tools/bin/../lib/gcc/arm-none-eabi/14.3.1/thumb/v7-m/nofp/crtbegin.o

.rodata         0x0800c758      0xf8c
                0x0800c758                        . = ALIGN (0x4)
 *(.rodata)
 .rodata        0x0800c758       0x30 ./Components/System/general.o
 *(.rodata*)
 .rodata.SD_Init.str1.1
                0x0800c788      0x63a ./Components/Sensors/sd.o
                                 0x42 (size before relaxing)
 .rodata.SD_LogData.str1.1
                0x0800cdc2       0x31 ./Components/Sensors/sd.o
 .rodata.SD_Format.str1.1
                0x0800cdc2       0x1d ./Components/Sensors/sd.o
 .rodata.Scan_I2C_Bus.str1.1
                0x0800cdc2        0xd ./Components/System/general.o
 .rodata.Network_Connect_Routine.str1.1
                0x0800cdc2       0x7d ./Components/System/general.o
 .rodata.General_Init.str1.1
                0x0800cdc2       0xa4 ./Components/System/general.o
 .rodata.General_Run.str1.1
                0x0800cdc2       0xa1 ./Components/System/general.o
 .rodata.str1.1
                0x0800cdc2       0x73 ./Components/System/general.o
 .rodata.WIFI_Init.str1.1
                0x0800cdc2       0x1d ./Components/System/wifi.o
 .rodata.WIFI_Connect.str1.1
                0x0800cdc2       0x21 ./Components/System/wifi.o
 .rodata.WIFI_Disconnect.str1.1
                0x0800cdc2        0xb ./Components/System/wifi.o
 .rodata.WIFI_GetIP.str1.1
                0x0800cdc2       0x13 ./Components/System/wifi.o
 .rodata.WIFI_StartUDP.str1.1
                0x0800cdc2       0x1c ./Components/System/wifi.o
 .rodata.WIFI_SendUDPData.str1.1
                0x0800cdc2       0x12 ./Components/System/wifi.o
 .rodata.WIFI_IsConnected.str1.1
                0x0800cdc2        0xe ./Components/System/wifi.o
 .rodata.OLED_GUI_DrawSensorPage.str1.1
                0x0800cdc2       0x47 ./Components/UI/oledGUI.o
 .rodata.render_wifi_page.str1.1
                0x0800cdc2       0x58 ./Components/UI/oledGUI.o
 .rodata.OLED_GUI_DrawDustDebugPage.str1.1
                0x0800cdc2       0x3e ./Components/UI/oledGUI.o
 .rodata.OLED_GUI_DrawWeatherPage.str1.1
                0x0800cdc2        0x7 ./Components/UI/oledGUI.o
 .rodata.OLED_GUI_DrawDiagnosticsPage.str1.1
                0x0800cdc2       0x75 ./Components/UI/oledGUI.o
 .rodata.OLED_GUI_DrawLogPage.str1.1
                0x0800cdc2       0x57 ./Components/UI/oledGUI.o
 .rodata.icon_temp_24x24
                0x0800cdc2       0x48 ./Components/UI/oledGUI.o
                0x0800cdc2                icon_temp_24x24
 .rodata.APBPrescTable
                0x0800ce0a        0x8 ./Core/Src/system_stm32f1xx.o
                0x0800ce0a                APBPrescTable
 .rodata.AHBPrescTable
                0x0800ce12       0x10 ./Core/Src/system_stm32f1xx.o
                0x0800ce12                AHBPrescTable
 .rodata.Font6x8
                0x0800ce22      0x5f0 ./Drivers/Middlewares/OLED/fonts.o
                0x0800ce22                Font6x8
 .rodata.aPredivFactorTable.0
                0x0800d412        0x2 ./Drivers/STM32F1xx_HAL_Driver/Src/stm32f1xx_hal_rcc.o
 .rodata.aPLLMULFactorTable.1
                0x0800d414       0x10 ./Drivers/STM32F1xx_HAL_Driver/Src/stm32f1xx_hal_rcc.o
 .rodata.aPredivFactorTable.0
                0x0800d424        0x2 ./Drivers/STM32F1xx_HAL_Driver/Src/stm32f1xx_hal_rcc_ex.o
 .rodata.aPLLMULFactorTable.1
                0x0800d426       0x10 ./Drivers/STM32F1xx_HAL_Driver/Src/stm32f1xx_hal_rcc_ex.o
 .rodata.follow_path.str1.1
                0x0800d436        0xf ./Middlewares/Third_Party/FatFs/src/ff.o
 .rodata.f_mkfs.str1.1
                0x0800d436       0x34 ./Middlewares/Third_Party/FatFs/src/ff.o