../Components/System/fatfs_sd.c:33:13:SD_Select	0	static
../Components/System/fatfs_sd.c:27:16:SPI_RxByte	24	static
../Components/System/fatfs_sd.c:42:16:SD_WaitReady	16	static
../Components/System/fatfs_sd.c:37:13:SD_Deselect	8	static
../Components/System/fatfs_sd.c:23:13:SPI_TxByte	16	static
../Components/System/fatfs_sd.c:51:16:SD_SendCmd	16	static
../Components/System/fatfs_sd.c:74:9:FATFS_SD_Init	32	static
../Components/System/fatfs_sd.c:126:9:FATFS_SD_Status	0	static
../Components/System/fatfs_sd.c:130:9:FATFS_SD_Read	16	static
../Components/System/fatfs_sd.c:152:9:FATFS_SD_Write	16	static
../Components/System/fatfs_sd.c:174:9:FATFS_SD_Ioctl	32	static
