../Components/System/wifi.c:11:6:WIFI_SendCommand	16	static
../Components/System/wifi.c:24:8:WIFI_WaitForResponse	40	static
../Components/System/wifi.c:59:8:WIFI_Init	24	static
../Components/System/wifi.c:110:8:WIFI_Connect	152	static
../Components/System/wifi.c:153:6:WIFI_Disconnect	8	static
../Components/System/wifi.c:158:8:WIFI_GetIP	24	static
../Components/System/wifi.c:179:8:WIFI_StartUDP	136	static
../Components/System/wifi.c:193:8:WIFI_SendUDPData	56	static
../Components/System/wifi.c:219:8:WIFI_StartTCP	136	static
../Components/System/wifi.c:230:8:WIFI_SendTCPData	48	static
../Components/System/wifi.c:255:8:WIFI_IsConnected	8	static
../Components/System/wifi.c:274:8:WIFI_GetNTPTime	96	static
