../Drivers/Middlewares/OLED/i2c_oled.c:163:6:i2c_oled_I2C_SetHandle	0	static
../Drivers/Middlewares/OLED/i2c_oled.c:255:6:I2C_OLED_ToggleInvert	0	static
../Drivers/Middlewares/OLED/i2c_oled.c:267:6:I2C_OLED_Fill	0	static
../Drivers/Middlewares/OLED/i2c_oled.c:272:6:I2C_OLED_DrawPixel	12	static
../Drivers/Middlewares/OLED/i2c_oled.c:137:6:I2C_OLED_DrawBitmap	64	static
../Drivers/Middlewares/OLED/i2c_oled.c:294:6:I2C_OLED_GotoXY	0	static
../Drivers/Middlewares/OLED/i2c_oled.c:300:6:I2C_OLED_Putc	56	static
../Drivers/Middlewares/OLED/i2c_oled.c:331:6:I2C_OLED_Puts	16	static
../Drivers/Middlewares/OLED/i2c_oled.c:349:6:I2C_OLED_DrawLine	56	static
../Drivers/Middlewares/OLED/i2c_oled.c:433:6:I2C_OLED_DrawRectangle	32	static
../Drivers/Middlewares/OLED/i2c_oled.c:458:6:I2C_OLED_DrawFilledRectangle	40	static
../Drivers/Middlewares/OLED/i2c_oled.c:485:6:I2C_OLED_DrawTriangle	40	static
../Drivers/Middlewares/OLED/i2c_oled.c:493:6:I2C_OLED_DrawFilledTriangle	72	static
../Drivers/Middlewares/OLED/i2c_oled.c:549:6:I2C_OLED_DrawCircle	56	static
../Drivers/Middlewares/OLED/i2c_oled.c:583:6:I2C_OLED_DrawFilledCircle	64	static
../Drivers/Middlewares/OLED/i2c_oled.c:632:6:i2c_oled_I2C_Init	0	static
../Drivers/Middlewares/OLED/i2c_oled.c:644:6:i2c_oled_I2C_WriteMulti	280	static
../Drivers/Middlewares/OLED/i2c_oled.c:654:6:i2c_oled_I2C_Write	24	static
../Drivers/Middlewares/OLED/i2c_oled.c:63:6:I2C_OLED_ScrollRight	16	static
../Drivers/Middlewares/OLED/i2c_oled.c:76:6:I2C_OLED_ScrollLeft	16	static
../Drivers/Middlewares/OLED/i2c_oled.c:89:6:I2C_OLED_Scrolldiagright	16	static
../Drivers/Middlewares/OLED/i2c_oled.c:105:6:I2C_OLED_Scrolldiagleft	16	static
../Drivers/Middlewares/OLED/i2c_oled.c:121:6:I2C_OLED_Stopscroll	0	static
../Drivers/Middlewares/OLED/i2c_oled.c:128:6:I2C_OLED_InvertDisplay	0	static
../Drivers/Middlewares/OLED/i2c_oled.c:235:6:I2C_OLED_UpdateScreen	16	static
../Drivers/Middlewares/OLED/i2c_oled.c:616:6:I2C_OLED_Clear	8	static
../Drivers/Middlewares/OLED/i2c_oled.c:169:9:I2C_OLED_Init	8	static
../Drivers/Middlewares/OLED/i2c_oled.c:621:6:I2C_OLED_ON	8	static
../Drivers/Middlewares/OLED/i2c_oled.c:626:6:I2C_OLED_OFF	8	static
