../Components/Hardware/buzzer.c:9:6:Buzzer_PlayTone	16	static
../Components/Hardware/buzzer.c:42:6:Buzzer_BootSound	16	static
../Components/Hardware/buzzer.c:51:6:Buzzer_WifiConnected	8	static
../Components/Hardware/buzzer.c:58:6:Buzzer_WifiDisconnected	8	static
../Components/Hardware/buzzer.c:68:6:Buzzer_LongPressAck	0	static
../Components/Hardware/buzzer.c:72:6:Buzzer_FormatSuccess	0	static
../Components/Hardware/buzzer.c:76:6:Buzzer_FormatFail	0	static
../Components/Hardware/buzzer.c:80:6:Buzzer_SD_Inserted	0	static
../Components/Hardware/buzzer.c:84:6:Buzzer_SD_Removed	8	static
