../Components/Hardware/led.c:19:6:LED_Init	8	static
../Components/Hardware/led.c:26:6:LED_Boot	8	static
../Components/Hardware/led.c:37:6:LED_WifiConnecting	8	static
../Components/Hardware/led.c:44:6:LED_WifiConnected	8	static
../Components/Hardware/led.c:51:6:LED_WifiDisconnected	8	static
../Components/Hardware/led.c:61:6:LED_ProcessReconnecting	16	static
../Components/Hardware/led.c:88:6:LED_Off	0	static
../Components/Hardware/led.c:98:6:LED_UploadSuccess	8	static
../Components/Hardware/led.c:105:6:LED_UploadFail	8	static
../Components/Hardware/led.c:116:6:LED_HardwareError	8	static
../Components/Hardware/led.c:128:6:LED_FormatSuccess	8	static
../Components/Hardware/led.c:140:6:LED_FormatFail	8	static
