../Components/Hardware/led.c:32:6:LED_Init	8	static
../Components/Hardware/led.c:37:6:LED_Boot	8	static
../Components/Hardware/led.c:52:6:LED_WifiConnecting	8	static
../Components/Hardware/led.c:59:6:LED_WifiConnected	8	static
../Components/Hardware/led.c:65:6:LED_WifiDisconnected	8	static
../Components/Hardware/led.c:75:6:LED_ProcessReconnecting	16	static
../Components/Hardware/led.c:99:6:LED_Off	0	static
../Components/Hardware/led.c:107:6:LED_UploadSuccess	8	static
../Components/Hardware/led.c:114:6:LED_UploadFail	8	static
../Components/Hardware/led.c:125:6:LED_HardwareError	8	static
../Components/Hardware/led.c:137:6:LED_FormatSuccess	8	static
../Components/Hardware/led.c:146:6:LED_FormatFail	8	static
../Components/Hardware/led.c:159:6:LED_TcpRetry	8	static
../Components/Hardware/led.c:165:6:LED_TcpConnected	8	static
../Components/Hardware/led.c:170:6:LED_TcpFailed	8	static
../Components/Hardware/led.c:177:6:LED_NtpFailed	8	static
