../Components/UI/oled.c:44:6:OLED_Init	8	static
../Components/UI/oled.c:51:6:OLED_Clear	0	static
../Components/UI/oled.c:57:6:OLED_Print	8	static
../Components/UI/oled.c:66:6:OLED_Update	32	static
../Components/UI/oled.c:84:6:OLED_ClearArea	16	static
../Components/UI/oled.c:88:6:OLED_Rectangle	16	static
../Components/UI/oled.c:93:6:OLED_DrawOutline	16	static
../Components/UI/oled.c:99:6:OLED_DrawCircle	0	static
../Components/UI/oled.c:103:6:OLED_DrawLine	16	static
../Components/UI/oled.c:110:6:OLED_DrawPixel	0	static
../Components/UI/oled.c:121:6:OLED_DrawBitmap	48	static
